新池 129 家
資本成本規則:美債 4.845% + 無槓桿溢價 5.0pp,差價 2.0pp,D/E 上限 3.0,重槓桿 hamada
  1/129 PL     價    17.81 數一     n/a 數二      n/a 數三    +44% 壓力   -65% 賠率    n/a 線附近
  2/129 MX     價     3.12 數一   -8.2% 數二      n/a 數三     n/a 壓力   -66% 賠率    n/a 線附近(扣起)
  3/129 ADTN   價     7.58 數一     n/a 數二      n/a 數三    +39% 壓力   -63% 賠率    n/a 殺
  4/129 SSTK   價     5.17 數一     n/a 數二      n/a 數三   +138% 壓力   -80% 賠率    n/a 殺
  5/129 TE     價     5.06 數一     n/a 數二      n/a 數三    +89% 壓力   -69% 賠率    n/a 線附近
  6/129 SEDG   價    36.43 數一     n/a 數二      n/a 數三    +23% 壓力   -62% 賠率    n/a 線附近
  7/129 MVST   價     0.68 數一   +5.9% 數二      n/a 數三     n/a 壓力   -89% 賠率    n/a 殺(扣起)
  8/129 INOD   價    56.12 數一  +39.9% 數二      -2% 數三    +30% 壓力   -63% 賠率  -0.04 殺
  9/129 ABTC   無價格
 10/129 CABO   價    23.03 數一     n/a 數二      n/a 數三   +220% 壓力   -87% 賠率    n/a 殺
 11/129 VPG    價    64.68 數一     n/a 數二     -91% 數三   -100% 壓力  -100% 賠率  -0.91 線附近
 12/129 LINC   價    24.81 數一  +96.8% 數二     -82% 數三    +24% 壓力   -56% 賠率  -1.46 線附近
 13/129 QUIK   價    10.95 數一     n/a 數二      n/a 數三     -6% 壓力   -56% 賠率    n/a 線附近
 14/129 ARRY   價     4.70 數一     n/a 數二      n/a 數三    +57% 壓力   -64% 賠率    n/a 殺
 15/129 APP    價   312.01 數一   +1.2% 數二    +806% 數三    +88% 壓力   -59% 賠率  13.59 殺
 16/129 UTI    價    21.59 數一     n/a 數二     -88% 數三    +59% 壓力   -59% 賠率  -1.49 殺
 17/129 RXT    價     3.23 數一     n/a 數二      n/a 數三    -55% 壓力   -78% 賠率    n/a 回調
 18/129 MRAM   價    16.65 數一     n/a 數二      n/a 數三    -21% 壓力   -71% 賠率    n/a 回調
 19/129 CIEN   價   341.29 數一  +59.1% 數二     -56% 數三    +17% 壓力   -49% 賠率  -1.13 線附近
 20/129 LASR   價    41.53 數一     n/a 數二      n/a 數三    +49% 壓力   -54% 賠率    n/a 線附近
 21/129 VSH    價    31.47 數一     n/a 數二     -90% 數三    -34% 壓力   -54% 賠率  -1.66 回調
 22/129 CCOI   價     9.64 數一  +39.4% 數二      n/a 數三    +97% 壓力   -80% 賠率    n/a 殺
 23/129 ENPH   價    38.83 數一 +110.6% 數二      n/a 數三    -10% 壓力   -52% 賠率    n/a 線附近(扣起)
 24/129 VICR   價   193.32 數一  +34.3% 數二      n/a 數三     -9% 壓力   -54% 賠率    n/a 線附近(扣起)
 25/129 AAON   價    79.40 數一  +28.1% 數二    +132% 數三    +66% 壓力   -50% 賠率   2.67 殺
 26/129 STRL   價   502.20 數一  +11.9% 數二    +431% 數三    +15% 壓力   -54% 賠率   7.96 線附近
 27/129 AMSC   價    30.44 數一  +44.6% 數二      n/a 數三     n/a 壓力   -61% 賠率    n/a 殺(扣起)
 28/129 RMBS   價    86.89 數一  +32.6% 數二      n/a 數三    +21% 壓力   -51% 賠率    n/a 殺(扣起)
 29/129 NXT    價    85.45 數一  +17.0% 數二      +0% 數三    +26% 壓力   -48% 賠率   0.00 線附近
 30/129 TDUP   價     2.67 數一     n/a 數二      n/a 數三   +112% 壓力   -77% 賠率    n/a 殺
 31/129 AIP    價    22.72 數一     n/a 數二      n/a 數三     -9% 壓力   -57% 賠率    n/a 線附近
 32/129 CLFD   價    28.90 數一     n/a 數二      n/a 數三     +8% 壓力   -48% 賠率    n/a 殺
 33/129 RFIL   價    10.56 數一  +83.8% 數二      n/a 數三     +2% 壓力   -53% 賠率    n/a 線附近(扣起)
 34/129 CEVA   價    28.24 數一     n/a 數二     -85% 數三     n/a 壓力   -48% 賠率  -1.78 線附近
 35/129 TROX   價     4.80 數一     n/a 數二      n/a 數三    +33% 壓力   -54% 賠率    n/a 線附近
 36/129 LMB    價    49.54 數一  +79.6% 數二     -50% 數三    +73% 壓力   -64% 賠率  -0.79 殺
 37/129 PLTK   價     2.22 數一     n/a 數二      n/a 數三    +67% 壓力   -50% 賠率    n/a 殺
 38/129 LGN    價    57.04 數一     n/a 數二      n/a 數三    +28% 壓力   -50% 賠率    n/a 線附近
 39/129 PRIM   價    75.45 數一     n/a 數二     -93% 數三    +68% 壓力   -64% 賠率  -1.44 殺
 40/129 ON     價    71.08 數一  +66.6% 數二     -89% 數三     -9% 壓力   -47% 賠率  -1.90 線附近
 41/129 DUOT   價     9.05 數一     n/a 數二      n/a 數三    +31% 壓力   -49% 賠率    n/a 線附近
 42/129 ARM    價   261.53 數一 +117.1% 數二     -91% 數三    -27% 壓力   -50% 賠率  -1.82 回調
 43/129 BAND   價    43.62 數一     n/a 數二      n/a 數三    -61% 壓力   -68% 賠率    n/a 回調(扣起)
 44/129 POWI   無價格
 45/129 WYFI   價    20.57 數一     n/a 數二      n/a 數三    +27% 壓力   -72% 賠率    n/a 殺
 46/129 TTD    價    14.02 數一   +1.0% 數二     +35% 數三    +73% 壓力   -76% 賠率   0.47 殺
 47/129 CORZ   價    18.73 數一     n/a 數二      n/a 數三    +25% 壓力   -45% 賠率    n/a 線附近
 48/129 POWL   價   182.49 數一  +34.4% 數二     -53% 數三     -0% 壓力   -47% 賠率  -1.13 線附近
 49/129 ARKO   價     4.70 數一  +43.4% 數二      n/a 數三     +9% 壓力   -49% 賠率    n/a 線附近(扣起)
 50/129 MEC    價    19.86 數一     n/a 數二      n/a 數三     +5% 壓力   -49% 賠率    n/a 線附近
 51/129 MYRG   價   288.16 數一 +118.2% 數二     -56% 數三     +2% 壓力   -44% 賠率  -1.29 線附近
 52/129 LUMN   價     6.64 數一     n/a 數二      n/a 數三     +5% 壓力   -52% 賠率    n/a 殺
 53/129 ORCL   價   162.52 數一  +27.7% 數二     -40% 數三    +18% 壓力   -65% 賠率  -0.61 殺
 54/129 WULF   價    17.86 數一     n/a 數二      n/a 數三    -14% 壓力   -49% 賠率    n/a 線附近(扣起)
 55/129 HUN    價     9.80 數一     n/a 數二      n/a 數三    +12% 壓力   -41% 賠率    n/a 線附近(扣起)
 56/129 DKS    價   132.37 數一  +34.8% 數二     +17% 數三    +92% 壓力   -48% 賠率   0.36 殺
 57/129 DBI    價     5.20 數一     n/a 數二      n/a 數三    +10% 壓力   -43% 賠率    n/a 線附近
 58/129 AGX    價   436.78 數一  +29.8% 數二      -2% 數三    +25% 壓力   -49% 賠率  -0.04 線附近
 59/129 DOCN   價   126.69 數一  +80.5% 數二     -88% 數三    -40% 壓力   -60% 賠率  -1.46 回調
 60/129 GOGO   價     2.75 數一   +0.3% 數二    +494% 數三    +55% 壓力   -77% 賠率   6.45 殺
 61/129 AHCO   價     6.19 數一     n/a 數二      n/a 數三    +63% 壓力   -61% 賠率    n/a 殺
 62/129 FN     價   416.31 數一  +36.3% 數二      -2% 數三    +43% 壓力   -47% 賠率  -0.03 線附近
 63/129 STUB   價     6.11 數一     n/a 數二      n/a 數三     +9% 壓力   -72% 賠率    n/a 殺
 64/129 MTZ    價   246.18 數一     n/a 數二      n/a 數三    +16% 壓力   -47% 賠率    n/a 線附近
 65/129 AMKR   價    50.72 數一  +50.4% 數二      n/a 數三     -0% 壓力   -54% 賠率    n/a 線附近(扣起)
 66/129 PZZA   價    22.76 數一     n/a 數二      n/a 數三    +47% 壓力   -59% 賠率    n/a 殺
 67/129 TTI    無價格
 68/129 CRNC   價     8.26 數一  +19.5% 數二     +22% 數三    +20% 壓力   -55% 賠率   0.40 殺
 69/129 ORN    價     9.23 數一     n/a 數二      n/a 數三    +22% 壓力   -47% 賠率    n/a 線附近(扣起)
 70/129 CDNL   價    38.22 數一  +45.0% 數二     -79% 數三     n/a 壓力   -63% 賠率  -1.25 資料不足
 71/129 MOD    價   192.35 數一  +40.4% 數二     -29% 數三    +11% 壓力   -42% 賠率  -0.69 線附近
 72/129 FSLR   價   213.25 數一   +2.3% 數二    +116% 數三    +15% 壓力   -37% 賠率   3.11 殺
 73/129 CRUS   價   110.76 數一   +4.5% 數二      +5% 數三    +23% 壓力   -39% 賠率   0.13 殺
 74/129 IPGP   價    79.56 數一     n/a 數二     -85% 數三    +23% 壓力   -54% 賠率  -1.57 線附近
 75/129 CTRI   價    20.70 數一     n/a 數二      n/a 數三    +50% 壓力   -51% 賠率    n/a 線附近
 76/129 PLAY   價     8.84 數一     n/a 數二      n/a 數三    +46% 壓力   -65% 賠率    n/a 殺
 77/129 OLN    價    17.89 數一     n/a 數二      n/a 數三    +29% 壓力   -44% 賠率    n/a 殺
 78/129 AKAM   價   105.61 數一  +70.4% 數二      n/a 數三     -6% 壓力   -35% 賠率    n/a 線附近(扣起)
 79/129 IREN   價    46.93 數一     n/a 數二      n/a 數三     -5% 壓力   -62% 賠率    n/a 回調
 80/129 LTRX   價     5.27 數一     n/a 數二     -88% 數三     +9% 壓力   -41% 賠率  -2.16 線附近
 81/129 WING   價   109.45 數一  +21.2% 數二     -52% 數三   +108% 壓力   -64% 賠率  -0.81 殺
 82/129 GNRC   價   190.21 數一  +55.3% 數二     -80% 數三     +7% 壓力   -39% 賠率  -2.05 線附近
 83/129 OPTX   價     7.76 數一     n/a 數二      n/a 數三     -7% 壓力   -71% 賠率    n/a 回調
 84/129 APTV   價    45.73 數一 +100.7% 數二     -61% 數三    +59% 壓力   -50% 賠率  -1.23 殺
 85/129 OXM    價    31.57 數一     n/a 數二      n/a 數三    +17% 壓力   -40% 賠率    n/a 殺
 86/129 SHAZ   價    57.63 數一     n/a 數二     -73% 數三     n/a 壓力   -57% 賠率  -1.29 資料不足
 87/129 LBRT   價    21.40 數一     n/a 數二      n/a 數三     +4% 壓力   -50% 賠率    n/a 線附近
 88/129 CDNS   價   284.11 數一  +48.1% 數二      n/a 數三    +19% 壓力   -32% 賠率    n/a 殺(扣起)
 89/129 ALTO   價     4.11 數一     n/a 數二     -25% 數三     -3% 壓力   -46% 賠率  -0.55 回調
 90/129 TREE   價    27.84 數一   -8.6% 數二    +311% 數三    +67% 壓力   -64% 賠率   4.85 殺
 91/129 CRWV   價    99.83 數一     n/a 數二      n/a 數三    +34% 壓力   -57% 賠率    n/a 回調
 92/129 FICO   價   933.30 數一  +14.6% 數二     +54% 數三    +58% 壓力   -51% 賠率   1.06 殺
 93/129 MXL    價    66.50 數一     n/a 數二      n/a 數三    -63% 壓力   -69% 賠率    n/a 回調
 94/129 TTMI   價   129.35 數一  +52.6% 數二     -54% 數三    -11% 壓力   -54% 賠率  -0.99 回調
 95/129 MWH    價    25.66 數一     n/a 數二     -79% 數三     n/a 壓力   -49% 賠率  -1.62 資料不足
 96/129 EBS    價     6.00 數一     n/a 數二      n/a 數三    +43% 壓力   -68% 賠率    n/a 殺
 97/129 CENX   價    47.95 數一   -3.1% 數二     +64% 數三     -1% 壓力   -40% 賠率   1.61 線附近
 98/129 CLS    價   329.97 數一  +32.4% 數二     +56% 數三    +20% 壓力   -41% 賠率   1.36 回調
 99/129 SYNA   價    94.72 數一     n/a 數二      n/a 數三    -10% 壓力   -37% 賠率    n/a 線附近
100/129 VIAV   價    38.75 數一  +95.7% 數二     -75% 數三     -7% 壓力   -45% 賠率  -1.67 回調
101/129 NXPI   價   223.87 數一  +18.5% 數二      n/a 數三     +4% 壓力   -33% 賠率    n/a 線附近(扣起)
102/129 CPRI   價    13.10 數一     n/a 數二      n/a 數三    +46% 壓力   -54% 賠率    n/a 殺
103/129 FUN    無價格
104/129 ALB    價   129.57 數一     n/a 數二     -92% 數三    +24% 壓力   -48% 賠率  -1.94 線附近
105/129 FLEX   價   114.31 數一     n/a 數二     -83% 數三    -37% 壓力   -46% 賠率  -1.82 回調
106/129 ULS    價    73.19 數一  +35.7% 數二     -60% 數三    +17% 壓力   -30% 賠率  -2.00 線附近
107/129 COLL   價    23.37 數一   +2.4% 數二    +115% 數三    +53% 壓力   -53% 賠率   2.16 殺
108/129 MRCY   價    83.46 數一     n/a 數二      n/a 數三     +4% 壓力   -35% 賠率    n/a 線附近
109/129 SAIA   價   354.84 數一  +43.1% 數二     -65% 數三     +4% 壓力   -32% 賠率  -2.04 線附近
110/129 QCOM   價   174.09 數一  +25.0% 數二     -55% 數三     -5% 壓力   -41% 賠率  -1.35 回調
111/129 HLIT   價    11.96 數一  +58.7% 數二     -79% 數三     -0% 壓力   -38% 賠率  -2.09 回調
112/129 KRMN   價    39.69 數一  +37.8% 數二     +58% 數三   +139% 壓力   -66% 賠率   0.88 殺
113/129 MYGN   價     3.18 數一     n/a 數二      n/a 數三    +50% 壓力   -65% 賠率    n/a 殺
114/129 ANGI   價     4.70 數一     n/a 數二      n/a 數三    +47% 壓力   -77% 賠率    n/a 殺
115/129 PUMP   價    12.03 數一     n/a 數二      n/a 數三    -11% 壓力   -44% 賠率    n/a 線附近
116/129 SSYS   價     7.81 數一     n/a 數二      n/a 數三    +10% 壓力   -40% 賠率    n/a 殺
117/129 AAP    價    42.56 數一     n/a 數二      n/a 數三     n/a 壓力   -40% 賠率    n/a 殺
118/129 SANM   價   205.41 數一     n/a 數二      n/a 數三    +10% 壓力   -42% 賠率    n/a 回調
119/129 CRDO   價   167.75 數一  +16.6% 數二   +1278% 數三    +70% 壓力   -54% 賠率  23.86 線附近
120/129 CMP    價    25.79 數一  +25.3% 數二     -61% 數三     -8% 壓力   -29% 賠率  -2.12 回調
121/129 CLVT   價     1.90 數一     n/a 數二      n/a 數三    +29% 壓力   -63% 賠率    n/a 殺(扣起)
122/129 MTSI   價   274.80 數一  +67.5% 數二     -68% 數三     -3% 壓力   -44% 賠率  -1.54 回調
123/129 TDC    價    27.76 數一  +47.7% 數二     -49% 數三     -1% 壓力   -35% 賠率  -1.40 線附近
124/129 LULU   價   103.19 數一   -6.4% 數二     +41% 數三    +60% 壓力   -53% 賠率   0.77 殺
125/129 ELMD   價    27.51 數一  +15.2% 數二      +0% 數三     +6% 壓力   -41% 賠率   0.01 線附近
126/129 DRS    價    36.94 數一  +40.1% 數二     -55% 數三    +20% 壓力   -28% 賠率  -1.94 線附近
127/129 ACLS   價   119.17 數一  +64.1% 數二     -70% 數三    -21% 壓力   -43% 賠率  -1.65 回調
128/129 ACDC   價     5.42 數一     n/a 數二      n/a 數三    -13% 壓力   -55% 賠率    n/a 線附近
129/129 DDOG   價   210.23 數一     n/a 數二      n/a 數三     -8% 壓力   -49% 賠率    n/a 回調
======================================================================
完成 129 家;錯誤 4 家
