實體 5257 個,已有的 422 個,要抓 4835 個
  200/4835 ok=194 empty=0 fail=6 403=0 0.4 分
  400/4835 ok=393 empty=0 fail=7 403=0 0.9 分
  600/4835 ok=592 empty=0 fail=8 403=0 1.3 分
  800/4835 ok=792 empty=0 fail=8 403=0 1.8 分
  1000/4835 ok=992 empty=0 fail=8 403=0 2.2 分
  1200/4835 ok=1192 empty=0 fail=8 403=0 2.6 分
  1400/4835 ok=1391 empty=0 fail=9 403=0 3.0 分
  1600/4835 ok=1591 empty=0 fail=9 403=0 3.5 分
  1800/4835 ok=1791 empty=0 fail=9 403=0 3.9 分
  2000/4835 ok=1991 empty=0 fail=9 403=0 4.3 分
  2200/4835 ok=2190 empty=1 fail=9 403=0 4.8 分
  2400/4835 ok=2386 empty=1 fail=13 403=0 5.2 分
  2600/4835 ok=2585 empty=2 fail=13 403=0 5.6 分
  2800/4835 ok=2785 empty=2 fail=13 403=0 6.0 分
  3000/4835 ok=2985 empty=2 fail=13 403=0 6.4 分
  3200/4835 ok=3183 empty=2 fail=15 403=0 6.9 分
  3400/4835 ok=3383 empty=2 fail=15 403=0 7.3 分
  3600/4835 ok=3582 empty=2 fail=16 403=0 7.7 分
  3800/4835 ok=3781 empty=2 fail=17 403=0 8.1 分
  4000/4835 ok=3981 empty=2 fail=17 403=0 8.5 分
  4200/4835 ok=4181 empty=2 fail=17 403=0 9.0 分
  4400/4835 ok=4381 empty=2 fail=17 403=0 9.4 分
  4600/4835 ok=4581 empty=2 fail=17 403=0 9.8 分
  4800/4835 ok=4772 empty=7 fail=21 403=0 10.2 分
  4835/4835 ok=4805 empty=9 fail=21 403=0 10.3 分
{
  "entities": 5257,
  "fetched": 4835,
  "counts": {
    "ok": 4805,
    "empty": 9,
    "fail": 21
  },
  "forbidden_403": 0,
  "gz_bytes_on_disk": 732629124,
  "raw_bytes_total": 10422090029,
  "minutes": 10.3
}
