tickers=10391 unique_cik=8001
registered_pre_existing=119
copied_from_experiments=513
cached=625 to_fetch=7376
estimated_minutes=15.4
progress 250/7376 7.9/s {'fetched': 250}
progress 500/7376 7.9/s {'fetched': 500}
progress 750/7376 8.0/s {'fetched': 750}
progress 1000/7376 8.0/s {'fetched': 1000}
progress 1250/7376 8.0/s {'fetched': 1250}
progress 1500/7376 8.0/s {'fetched': 1500}
progress 1750/7376 8.0/s {'fetched': 1750}
progress 2000/7376 8.0/s {'fetched': 2000}
progress 2250/7376 8.0/s {'fetched': 2250}
progress 2500/7376 8.0/s {'fetched': 2500}
progress 2750/7376 8.0/s {'fetched': 2750}
progress 3000/7376 8.0/s {'fetched': 3000}
progress 3250/7376 8.0/s {'fetched': 3250}
progress 3500/7376 8.0/s {'fetched': 3500}
progress 3750/7376 8.0/s {'fetched': 3750}
progress 4000/7376 8.0/s {'fetched': 4000}
progress 4250/7376 8.0/s {'fetched': 4250}
progress 4500/7376 8.0/s {'fetched': 4500}
progress 4750/7376 8.0/s {'fetched': 4750}
progress 5000/7376 8.0/s {'fetched': 5000}
progress 5250/7376 8.0/s {'fetched': 5250}
progress 5500/7376 8.0/s {'fetched': 5500}
progress 5750/7376 8.0/s {'fetched': 5750}
progress 6000/7376 8.0/s {'fetched': 6000}
progress 6250/7376 8.0/s {'fetched': 6250}
progress 6500/7376 8.0/s {'fetched': 6500}
progress 6750/7376 8.0/s {'fetched': 6750}
progress 7000/7376 8.0/s {'fetched': 7000}
progress 7250/7376 8.0/s {'fetched': 7250}
done=7376 counts={'fetched': 7376}
elapsed_minutes=15.4
