symbols=10391
$AEAEW: possibly delisted; no price data found  (period=5d)
$ACLEW: possibly delisted; no price data found  (period=5d)
$AEBMF: possibly delisted; no price data found  (period=5d)
$AEBMY: possibly delisted; no price data found  (period=5d) (Yahoo error = "No data found, symbol may be delisted")
$ABPWW: possibly delisted; no price data found  (period=5d)
$ADZCF: possibly delisted; no price data found  (period=5d)
$ADDTF: possibly delisted; no price data found  (period=5d) (Yahoo error = "No data found, symbol may be delisted")

7 Failed downloads:
['AEAEW', 'ACLEW', 'AEBMF', 'ABPWW', 'ADZCF']: possibly delisted; no price data found  (period=5d)
['AEBMY', 'ADDTF']: possibly delisted; no price data found  (period=5d) (Yahoo error = "No data found, symbol may be delisted")
progress 200/10391 priced=193 0.1min
$AFNX: possibly delisted; no price data found  (period=5d) (Yahoo error = "No data found, symbol may be delisted")
$AFNDY: possibly delisted; no price data found  (period=5d) (Yahoo error = "No data found, symbol may be delisted")
$AGYXY: possibly delisted; no price data found  (period=5d) (Yahoo error = "No data found, symbol may be delisted")
$AEHGS: possibly delisted; no price data found  (period=5d)
$AKPPS: possibly delisted; no price data found  (period=5d) (Yahoo error = "No data found, symbol may be delisted")
$AGKO: possibly delisted; no price data found  (period=5d) (Yahoo error = "No data found, symbol may be delisted")
$AKCLY: possibly delisted; no price data found  (period=5d)
$AELKY: possibly delisted; no price data found  (period=5d) (Yahoo error = "No data found, symbol may be delisted")
$AERGP: possibly delisted; no price data found  (period=5d) (Yahoo error = "No data found, symbol may be delisted")
$AGMWF: possibly delisted; no price data found  (period=5d) (Yahoo error = "No data found, symbol may be delisted")

10 Failed downloads:
['AFNX', 'AFNDY', 'AGYXY', 'AKPPS', 'AGKO', 'AELKY', 'AERGP', 'AGMWF']: possibly delisted; no price data found  (period=5d) (Yahoo error = "No data found, symbol may be delisted")
['AEHGS', 'AKCLY']: possibly delisted; no price data found  (period=5d)
progress 400/10391 priced=383 0.2min
$AMPM: possibly delisted; no price data found  (period=5d) (Yahoo error = "No data found, symbol may be delisted")
$ALPWF: possibly delisted; no price data found  (period=5d) (Yahoo error = "No data found, symbol may be delisted")
$ALDFW: possibly delisted; no price data found  (period=5d)
$ALOVW: possibly delisted; no price data found  (period=5d)
$ANJFY: possibly delisted; no price data found  (period=5d) (Yahoo error = "No data found, symbol may be delisted")
$ALCWF: possibly delisted; no price data found  (period=5d)
$ALPXR: possibly delisted; no price data found  (period=5d)
$AMTU: possibly delisted; no price data found  (period=5d) (Yahoo error = "No data found, symbol may be delisted")
$ALOIS: possibly delisted; no price data found  (period=5d)
$ALUB-WT: possibly delisted; no price data found  (period=5d)
$ALSTF: possibly delisted; no price data found  (period=5d)
$AMAC: possibly delisted; no price data found  (period=5d)
$ALVOW: possibly delisted; no price data found  (period=5d)
$ALSWF: possibly delisted; no price data found  (period=5d) (Yahoo error = "No data found, symbol may be delisted")

14 Failed downloads:
['AMPM', 'ALPWF', 'ANJFY', 'AMTU', 'ALSWF']: possibly delisted; no price data found  (period=5d) (Yahoo error = "No data found, symbol may be delisted")
['ALDFW', 'ALOVW', 'ALCWF', 'ALPXR', 'ALOIS', 'ALUB-WT', 'ALSTF', 'AMAC', 'ALVOW']: possibly delisted; no price data found  (period=5d)
progress 600/10391 priced=569 0.3min
$ARTCW: possibly delisted; no price data found  (period=5d)
$APCXW: possibly delisted; no price data found  (period=5d)
$ATAC: possibly delisted; no price data found  (period=5d) (Yahoo error = "No data found, symbol may be delisted")
$ASKRY: possibly delisted; no price data found  (period=5d) (Yahoo error = "No data found, symbol may be delisted")
$ASCWF: possibly delisted; no price data found  (period=5d)
$ATCHW: possibly delisted; no price data found  (period=5d)
$APNA: possibly delisted; no price data found  (period=5d)
$ATAYY: possibly delisted; no price data found  (period=5d) (Yahoo error = "No data found, symbol may be delisted")
$APTN: possibly delisted; no price data found  (period=5d)
$ASCRF: possibly delisted; no price data found  (period=5d)
$APBD: possibly delisted; no price data found  (period=5d) (Yahoo error = "No data found, symbol may be delisted")

11 Failed downloads:
['ARTCW', 'APCXW', 'ASCWF', 'ATCHW', 'APNA', 'APTN', 'ASCRF']: possibly delisted; no price data found  (period=5d)
['ATAC', 'ASKRY', 'ATAYY', 'APBD']: possibly delisted; no price data found  (period=5d) (Yahoo error = "No data found, symbol may be delisted")
progress 800/10391 priced=758 0.4min
$AZUXY: possibly delisted; no price data found  (period=5d) (Yahoo error = "No data found, symbol may be delisted")
$AVPKS: possibly delisted; no price data found  (period=5d) (Yahoo error = "No data found, symbol may be delisted")
$ATEKW: possibly delisted; no price data found  (period=5d)
$BAGZ: possibly delisted; no price data found  (period=5d) (Yahoo error = "No data found, symbol may be delisted")
$AYR: possibly delisted; no price data found  (period=5d) (Yahoo error = "No data found, symbol may be delisted")
$AUXX: possibly delisted; no price data found  (period=5d) (Yahoo error = "No data found, symbol may be delisted")
$AVAC: possibly delisted; no price data found  (period=5d) (Yahoo error = "No data found, symbol may be delisted")
$AZBLY: possibly delisted; no price data found  (period=5d)
$AVSBS: possibly delisted; no price data found  (period=5d)

9 Failed downloads:
['AZUXY', 'AVPKS', 'BAGZ', 'AYR', 'AUXX', 'AVAC']: possibly delisted; no price data found  (period=5d) (Yahoo error = "No data found, symbol may be delisted")
['ATEKW', 'AZBLY', 'AVSBS']: possibly delisted; no price data found  (period=5d)
progress 1000/10391 priced=949 0.5min
$BBAAY: possibly delisted; no price data found  (period=5d) (Yahoo error = "No data found, symbol may be delisted")
$BCCG: possibly delisted; no price data found  (period=5d) (Yahoo error = "No data found, symbol may be delisted")
$BCEIF: possibly delisted; no price data found  (period=5d)
$BDDD: possibly delisted; no price data found  (period=5d)
$BDTB: possibly delisted; no price data found  (period=5d)
$BCENF: possibly delisted; no price data found  (period=5d) (Yahoo error = "No data found, symbol may be delisted")
$BCLGY: possibly delisted; no price data found  (period=5d) (Yahoo error = "No data found, symbol may be delisted")
$BCAEF: possibly delisted; no price data found  (period=5d) (Yahoo error = "No data found, symbol may be delisted")
$BEJEF: possibly delisted; no price data found  (period=5d)
$BCGWW: possibly delisted; no price data found  (period=5d)
$BGFR: possibly delisted; no price data found  (period=5d) (Yahoo error = "No data found, symbol may be delisted")
$BEMPY: possibly delisted; no price data found  (period=5d) (Yahoo error = "No data found, symbol may be delisted")

12 Failed downloads:
['BBAAY', 'BCCG', 'BCENF', 'BCLGY', 'BCAEF', 'BGFR', 'BEMPY']: possibly delisted; no price data found  (period=5d) (Yahoo error = "No data found, symbol may be delisted")
['BCEIF', 'BDDD', 'BDTB', 'BEJEF', 'BCGWW']: possibly delisted; no price data found  (period=5d)
progress 1200/10391 priced=1137 0.6min
$BMB: possibly delisted; no price data found  (period=5d)
$BLNH: possibly delisted; no price data found  (period=5d)
$BKPOY: possibly delisted; no price data found  (period=5d) (Yahoo error = "No data found, symbol may be delisted")
$BLTG: possibly delisted; no price data found  (period=5d) (Yahoo error = "No data found, symbol may be delisted")
$BKFDF: possibly delisted; no price data found  (period=5d) (Yahoo error = "No data found, symbol may be delisted")
$BKPA: possibly delisted; no price data found  (period=5d) (Yahoo error = "No data found, symbol may be delisted")
$BIREY: possibly delisted; no price data found  (period=5d) (Yahoo error = "No data found, symbol may be delisted")
$BGTCF: possibly delisted; no price data found  (period=5d)
$BHTGY: possibly delisted; no price data found  (period=5d) (Yahoo error = "No data found, symbol may be delisted")
$BIAI: possibly delisted; no price data found  (period=5d)
$BLDC: possibly delisted; no price data found  (period=5d) (Yahoo error = "No data found, symbol may be delisted")
$BMF: possibly delisted; no price data found  (period=5d)
$BMOK: possibly delisted; no price data found  (period=5d) (Yahoo error = "No data found, symbol may be delisted")

13 Failed downloads:
['BMB', 'BLNH', 'BGTCF', 'BIAI', 'BMF']: possibly delisted; no price data found  (period=5d)
['BKPOY', 'BLTG', 'BKFDF', 'BKPA', 'BIREY', 'BHTGY', 'BLDC', 'BMOK']: possibly delisted; no price data found  (period=5d) (Yahoo error = "No data found, symbol may be delisted")
progress 1400/10391 priced=1324 0.7min
$BSTT: possibly delisted; no price data found  (period=5d) (Yahoo error = "No data found, symbol may be delisted")
$BRTM: possibly delisted; no price data found  (period=5d) (Yahoo error = "No data found, symbol may be delisted")
$BTECH: possibly delisted; no price data found  (period=5d) (Yahoo error = "No data found, symbol may be delisted")
$BPPFF: possibly delisted; no price data found  (period=5d)
$BRFCF: possibly delisted; no price data found  (period=5d) (Yahoo error = "No data found, symbol may be delisted")
$BODYW: possibly delisted; no price data found  (period=5d)
$BRUNW: possibly delisted; no price data found  (period=5d)
$BROXF: possibly delisted; no price data found  (period=5d) (Yahoo error = "No data found, symbol may be delisted")
$BSTR: possibly delisted; no price data found  (period=5d)
$BSUDY: possibly delisted; no price data found  (period=5d) (Yahoo error = "No data found, symbol may be delisted")
$BRFAF: possibly delisted; no price data found  (period=5d)

11 Failed downloads:
['BSTT', 'BRTM', 'BTECH', 'BRFCF', 'BROXF', 'BSUDY']: possibly delisted; no price data found  (period=5d) (Yahoo error = "No data found, symbol may be delisted")
['BPPFF', 'BODYW', 'BRUNW', 'BSTR', 'BRFAF']: possibly delisted; no price data found  (period=5d)
progress 1600/10391 priced=1513 0.7min
$CAPI: possibly delisted; no price data found  (period=5d)
$CBAGY: possibly delisted; no price data found  (period=5d) (Yahoo error = "No data found, symbol may be delisted")
$CBAI: possibly delisted; no price data found  (period=5d) (Yahoo error = "No data found, symbol may be delisted")
$BXRLY: possibly delisted; no price data found  (period=5d) (Yahoo error = "No data found, symbol may be delisted")
$BURUW: possibly delisted; no price data found  (period=5d)
$CBRGF: possibly delisted; no price data found  (period=5d)
$CATL: possibly delisted; no price data found  (period=5d)
$CBPHF: possibly delisted; no price data found  (period=5d) (Yahoo error = "No data found, symbol may be delisted")
$BXDIF: possibly delisted; no price data found  (period=5d) (Yahoo error = "No data found, symbol may be delisted")
$BVGLY: possibly delisted; no price data found  (period=5d)

10 Failed downloads:
['CAPI', 'BURUW', 'CBRGF', 'CATL', 'BVGLY']: possibly delisted; no price data found  (period=5d)
['CBAGY', 'CBAI', 'BXRLY', 'CBPHF', 'BXDIF']: possibly delisted; no price data found  (period=5d) (Yahoo error = "No data found, symbol may be delisted")
progress 1800/10391 priced=1703 0.8min
$CEHCF: possibly delisted; no price data found  (period=5d)
$CGPCF: possibly delisted; no price data found  (period=5d) (Yahoo error = "No data found, symbol may be delisted")

113 Failed downloads:
['CEHCF']: possibly delisted; no price data found  (period=5d)
['CGPCF']: possibly delisted; no price data found  (period=5d) (Yahoo error = "No data found, symbol may be delisted")
['CHWM', 'CDLR', 'CHMG', 'CCXIW', 'CD', 'CHARU', 'CIEN', 'CCG', 'CHPT', 'CELC', 'CGDCF', 'CDRO', 'CDTG', 'CCLV', 'CII', 'CHRD', 'CHWY', 'CCNB', 'CDZI', 'CCFN', 'CHMI-PB', 'CFSU', 'CIGL', 'CERO', 'CIB', 'CELU', 'CGTX', 'CHE', 'CHSCO', 'CFR', 'CIG-C', 'CFG-PH', 'CHCO', 'CHPGU', 'CCL', 'CEG', 'CEIN', 'CEPO', 'CCNE', 'CFG-PI', 'CCJ', 'CCNEP', 'CIGI', 'CGCF', 'CENX', 'CECO', 'CHT', 'CEE', 'CHDN', 'CHON', 'CGAU', 'CDW', 'CDIO', 'CICB', 'CETI', 'CHMI', 'CCI', 'CENT', 'CEXYF', 'CHOW', 'CFNB', 'CDZIP', 'CDRE', 'CDNS', 'CFND', 'CELG-RI', 'CGCFU', 'CCIL', 'CGNT', 'CDLX', 'CFTR-PA', 'CHPGR', 'CG', 'CFBK', 'CETXP', 'CIA', 'CIG', 'CHSCP', 'CHUC', 'CET', 'CHKP', 'CCU', 'CHI', 'CGEM', 'CGO', 'CGON', 'CHGG', 'CFOO', 'CENTA', 'CHA', 'CDGLF', 'CDT', 'CHYM', 'CDTHY', 'CIIT', 'CEPV', 'CIFR', 'CHRS', 'CCXIU', 'CDP', 'CDE', 'CCOI', 'CDNL', 'CFOR', 'CCTG', 'CGC', 'CHD', 'CHRN', 'CEF', 'CEFD', 'CEPF']: YFRateLimitError('Too Many Requests. Rate limited. Try after a while.')
progress 2000/10391 priced=1790 0.9min

181 Failed downloads:
['CMPLY', 'CLYD', 'CNEY', 'CIMP', 'CNCK', 'CIMN', 'CNXU', 'COCHW', 'CNK', 'CLRI', 'CMBMF', 'CMTV', 'CNDAU', 'CNLPL', 'CLBR-WT', 'COBA', 'CKX', 'CLRLY', 'CNDIF', 'CMP', 'CNDT', 'CNLTN', 'CNET', 'CLX', 'CJMB', 'CNM', 'CLYM', 'CLMT', 'CLRCF', 'CMPX', 'CNR', 'CNPWP', 'CNL', 'CIM-PD', 'CNBX', 'CIM-PC', 'CNDAW', 'CMND', 'CMCLF', 'CLH', 'CLAR', 'CNS', 'CNTY', 'CNTM', 'CMII', 'CLB', 'CMSD', 'CMC', 'CNLHP', 'CIRCW', 'CLM', 'CMCL', 'CNP', 'CIX', 'CMCO', 'CLVLF', 'CMGHF', 'CNVS', 'CIM', 'CNXC', 'CMBT', 'CNLHO', 'CNCKW', 'CNH', 'CIRX', 'CMCWF', 'CMCM', 'CMMB', 'CLNN', 'CMTG', 'CISO', 'CNTHO', 'CLCS', 'CNGKY', 'CKHGF', 'CLDX', 'CION', 'CLF', 'CLGN', 'CNQ', 'CLBR', 'CNTHN', 'CNO', 'CNFN', 'CNYGF', 'CLBT', 'CMRF', 'CMCUF', 'CLS', 'CMS', 'CLVT', 'CNSP', 'CMLS', 'CLNE', 'CMBY', 'CNI', 'CLSKW', 'CIRC', 'CILFY', 'CLDI', 'CNLHN', 'CMT', 'CILJF', 'CITR', 'CNDA', 'CLBZ', 'CMS-PB', 'CMRE-PC', 'CLEV', 'CNMD', 'CME', 'CLRB', 'CNPWM', 'CLLS', 'CNF', 'CMI', 'CNNE', 'COAG', 'CMDB', 'CISS', 'CLBK', 'CMCSA', 'CMIIW', 'CMPR', 'CMXHF', 'CLOQ', 'CITAF', 'CMIIU', 'CLUS', 'CLFD', 'CJAX', 'CNTHP', 'CLIR', 'CMPS', 'CLOW', 'CLWT', 'CLW', 'CNTN', 'CIMO', 'CIVB', 'CNO-PA', 'CLNV', 'CNSY', 'CLDVF', 'CMRE-PD', 'CKDXF', 'CLRO', 'CIXPF', 'CNRCF', 'CINGW', 'CMS-PC', 'CNTB', 'CMGMF', 'CLPT', 'CLPR', 'CIM-PB', 'CNLTP', 'CMRC', 'CING', 'CLMB', 'CMRE', 'CNOB', 'CLDT-PA', 'COCH', 'CNLTL', 'CMCAF', 'CLDWW', 'CLIK', 'CIZN', 'CMLSQ', 'CLBR-UN', 'CMSC', 'CL', 'CNA', 'CM', 'CNOBP', 'CMCT', 'CLPS', 'CNXN', 'CIM-PA', 'CLSK']: YFRateLimitError('Too Many Requests. Rate limited. Try after a while.')
progress 2200/10391 priced=1809 0.9min

175 Failed downloads:
['CPPBY', 'COHR', 'COF-PJ', 'CSDX', 'CPXXY', 'CSAI', 'CPPTL', 'CODQL', 'CR', 'COLAR', 'CRNT', 'CRANR', 'COF-PI', 'COOK', 'CPT', 'CON', 'CSCO', 'CSLLY', 'COPL', 'CRAQU', 'CRWD', 'CORZZ', 'CRH', 'COPR-WT', 'CPIVF', 'COLD', 'CPCPF', 'COOT', 'COCP', 'CRE', 'CSCCF', 'CSIQ', 'CPSH', 'CRAC', 'CRAN', 'CRSP', 'COPL-UN', 'CRGOW', 'CRTMF', 'CRACU', 'CRCUF', 'CPHC', 'CORN', 'CRNC', 'CPMD', 'CRMT', 'CSBR', 'CRT', 'CRIS', 'CODI-PC', 'CPB', 'CRVO', 'CPNG', 'CPPKF', 'CPMV', 'CRSR', 'CORZW', 'COLB', 'CRVL', 'COHN', 'CRACW', 'CRGT', 'CRAQR', 'COSG', 'CSHR', 'CRARF', 'CRL', 'CPF', 'CONC', 'CRDV', 'CPTP', 'CROX', 'COCO', 'CPHI', 'CRAUY', 'CPA', 'CRTD', 'CPK', 'CRESY', 'CRD-B', 'CSBB', 'CRUCF', 'CSAN', 'COSM', 'CRWE', 'CRML', 'CORZ', 'CPLX', 'CRWV', 'COTY', 'CRNX', 'CSHRW', 'COPR', 'COGDF', 'CRACR', 'CPKF', 'CRAI', 'COGT', 'COO', 'CREX', 'CODGF', 'CPIX', 'CRTO', 'CSCIF', 'CPNNF', 'CPWPF', 'CRDL', 'COPAF', 'CSR', 'CODA', 'CRMD', 'COP', 'CREG', 'COLL', 'CPOP', 'CSCCY', 'CP', 'COHU', 'CRCW', 'CRD-A', 'CRCT', 'CSCM', 'CPAY', 'CRVS', 'CRBP', 'CSBA', 'COYA', 'COPL-WT', 'COE', 'CRF', 'CORZR', 'CSPI', 'CSQ', 'CPS', 'COF-PN', 'CRGO', 'CORT', 'CPAC', 'CODI-PB', 'CQP', 'CRDO', 'COMP', 'CPER', 'CRCE', 'CRSF', 'CRS', 'CRMLW', 'CRYAF', 'CPTKW', 'CRWS', 'CRBG', 'CRAQ', 'COF-PK', 'CRDF', 'CRBU', 'COLM', 'CPTKF', 'CRANU', 'CRLBF', 'CSGNF', 'COUR', 'COLA', 'COR', 'COLAU', 'CPRI', 'CSQR', 'CPRHF', 'CPWR', 'COKE', 'CRMZ', 'CPBI', 'COF', 'CONE', 'CSGP', 'CRCL']: YFRateLimitError('Too Many Requests. Rate limited. Try after a while.')
progress 2400/10391 priced=1834 1.0min
$CXXIF: possibly delisted; no price data found  (period=5d)

107 Failed downloads:
['CXXIF']: possibly delisted; no price data found  (period=5d)
['CTNKY', 'CUAUF', 'CYDY', 'CXII', 'CVSA', 'CYPH', 'CUBWW', 'DAN', 'DBRG', 'CTS', 'CTPUF', 'CYCN', 'CYATY', 'DBRG-PI', 'CTSO', 'DAVI', 'CWGL', 'CVRX', 'DBCA', 'CXM', 'DCCPF', 'CTVA', 'CUBE', 'CTM', 'CVCPY', 'DC', 'CTO-PA', 'CZNC', 'CSW', 'CXMSF', 'DAL', 'DBCAW', 'CTEV', 'DAVA', 'CWLXF', 'CWEN', 'CZFS', 'CTAA', 'CTGG', 'CTO', 'CV', 'CVU', 'DCBG', 'CSWC', 'CZR', 'DBX', 'CVS', 'CVI', 'DBI', 'DAIO', 'CYCU', 'CXT', 'CURB', 'CYN', 'DCBO', 'CWBHF', 'CWCO', 'CVBF', 'CTOR', 'CUBT', 'DAO', 'CTTH', 'CVGI', 'CUBB', 'DBRG-PJ', 'CTNM', 'CSX', 'CVCO', 'CWK', 'CX', 'CTATF', 'CYTOF', 'CTRE', 'CTNT', 'DASH', 'CURX', 'CXIIW', 'CYAB', 'CUPR', 'CUVL', 'DAAQ', 'DBP', 'DAAQW', 'DCOY', 'CVM', 'CYAN', 'CVV', 'DAVEW', 'CUB', 'DBHL', 'DBO', 'CTWO', 'CTA-PB', 'CTSH', 'CSTUF', 'CURI', 'CW', 'CTAS', 'DAC', 'DAR', 'CSTWF', 'CTTRF', 'DCOM-P', 'CXW', 'CVVUF', 'CSV']: YFRateLimitError('Too Many Requests. Rate limited. Try after a while.')
progress 2600/10391 priced=1927 1.0min

184 Failed downloads:
['DNCLY', 'DRDB', 'DGAC-UN', 'DLY', 'DPCDF', 'DPG', 'DISPF', 'DGAC-RI', 'DRIO', 'DFLI', 'DNLI', 'DLR', 'DDDX', 'DG', 'DMRA', 'DOMH', 'DRDBU', 'DLAKF', 'DIN', 'DHC', 'DETX', 'DMAAR', 'DMAAU', 'DGNX', 'DDD', 'DRTS', 'DNP', 'DNN', 'DINRF', 'DKL', 'DLAKY', 'DLTI', 'DDI', 'DMAC', 'DRYGF', 'DPLMF', 'DFLIW', 'DSGN', 'DFDVW', 'DRI', 'DLPN', 'DFH', 'DFSCW', 'DEENF', 'DQJCF', 'DOCU', 'DPRO', 'DGAC', 'DPUI', 'DGX', 'DMO', 'DRVN', 'DJCO', 'DRTSW', 'DDS', 'DDL', 'DSC', 'DIBS', 'DDC', 'DIS', 'DLR-PL', 'DKS', 'DSFT', 'DHCNI', 'DSGX', 'DMRC', 'DIDIY', 'DGTEF', 'DPC', 'DFKUY', 'DJT', 'DGXX', 'DNOW', 'DIT', 'DLB', 'DGNOF', 'DPU', 'DIOD', 'DRCT', 'DNABW', 'DEO', 'DRS', 'DRSHF', 'DRTTF', 'DSECF', 'DPDSY', 'DLNG', 'DFUKF', 'DEC', 'DHY', 'DOCN', 'DOYU', 'DGCOF', 'DMC', 'DK', 'DRMA', 'DRDBW', 'DOV', 'DGII', 'DMIIR', 'DHR', 'DOCS', 'DEI', 'DGZ', 'DFSC', 'DOW', 'DOUG', 'DECK', 'DOLE', 'DOX', 'DMA', 'DDHLY', 'DSGR', 'DKNG', 'DLX', 'DCTH', 'DNUT', 'DPLS', 'DSAC', 'DNACF', 'DRDGF', 'DOO', 'DGMDF', 'DFDV', 'DSACW', 'DNMXU', 'DERM', 'DRH', 'DFP', 'DDT', 'DPZ', 'DNMXW', 'DLR-PK', 'DFPH', 'DFNS', 'DHI', 'DLNG-PA', 'DKILF', 'DEFT', 'DLTR', 'DMAA', 'DLMAY', 'DQWS', 'DHCNL', 'DHX', 'DNA', 'DFSLY', 'DJTWW', 'DHF', 'DD', 'DLTH', 'DMII', 'DFTX', 'DSEEY', 'DLXY', 'DMB', 'DIA', 'DRD', 'DSACU', 'DEFG', 'DRRKF', 'DLR-PJ', 'DEA', 'DREM', 'DFNSW', 'DEVSF', 'DCX', 'DKI', 'DFIN', 'DLHC', 'DRUG', 'DNOPF', 'DMXCF', 'DGP', 'DH', 'DROR', 'DNKC', 'DQ', 'DLO', 'DOGP', 'DHGR', 'DELL', 'DMIIU', 'DLMAF']: YFRateLimitError('Too Many Requests. Rate limited. Try after a while.')
progress 2800/10391 priced=1943 1.1min

148 Failed downloads:
['DTRSY', 'EHSI', 'EE', 'DXPE', 'EFXT', 'EFOI', 'EIKN', 'ECL', 'EGTYF', 'DSRNY', 'EGAN', 'EFT', 'DSP', 'EICA', 'EDSA', 'ECHO', 'EIM', 'DYBTY', 'DUK-PA', 'ECTM', 'EFSC', 'EBRCZ', 'EGMCF', 'ECOC', 'EBMT', 'DYNR', 'DUOT', 'EAD', 'DWAY', 'DTIL', 'DUK', 'DTF', 'DSX-WT', 'EFC-PD', 'DXF', 'ECIA', 'DTST', 'ECF', 'DXR', 'DSU', 'DUTBF', 'EBGCY', 'DYORW', 'DTCKF', 'EDBL', 'EACO', 'DYNCU', 'EGBN', 'EESH', 'DTW', 'DUKU', 'EAI', 'DVHGF', 'DY', 'EDGM', 'EHLD', 'ECC', 'ECXWW', 'DYNCW', 'DTGI', 'EDBLW', 'EBS', 'DTSS', 'DUKR', 'DSX-PB', 'EFR', 'ECBK', 'ECCU', 'DYNC', 'EHTH', 'EDN', 'EIPAF', 'EHI', 'EIX', 'DWSN', 'EDD', 'EBBNF', 'EBOSF', 'DSNY', 'EEIQ', 'ECVT', 'EEFT', 'DTI', 'DTM', 'EGLXF', 'DSL', 'DX', 'EDHL', 'EIIA', 'DUO', 'ED', 'DUKRW', 'DTEGF', 'DUKB', 'DYORU', 'ECF-PA', 'EBAY', 'EARI', 'EFOR', 'DXYZ', 'EBGEF', 'DXST', 'EFTY', 'EAXR', 'DWNX', 'ECG', 'EAT', 'EDIT', 'EGG', 'DULL', 'EDVA', 'EBRZF', 'ECO', 'EGHAR', 'EDF', 'EFC', 'DYOR', 'ECCV', 'DTSQ', 'EIC', 'EFSCP', 'EDRY', 'EBZT', 'EDTK', 'DV', 'DSY', 'DX-PC', 'EDRVF', 'DT', 'EFSI', 'EAF', 'EEGI', 'ECPL', 'ECAT', 'EFGH', 'ECOR', 'EGHT', 'DYN', 'EBOSY', 'DTE', 'ECXJ', 'EEA', 'DTK', 'EDVR', 'EBC', 'EFX', 'EBCRY', 'EJH']: YFRateLimitError('Too Many Requests. Rate limited. Try after a while.')
progress 3000/10391 priced=1995 1.1min
$ESMR: possibly delisted; no price data found  (period=5d)
$ESLAW: possibly delisted; no price data found  (period=5d)
$ENBSF: possibly delisted; no price data found  (period=5d)
$EMI: possibly delisted; no price data found  (period=5d)

83 Failed downloads:
['ESMR', 'ESLAW', 'ENBSF', 'EMI']: possibly delisted; no price data found  (period=5d)
['EPDU', 'EMA', 'ENT', 'EROC', 'ETO', 'ENDV', 'ENFFF', 'EMF', 'ELS', 'ELFTY', 'EQX', 'ELUT', 'ESAUF', 'ERIE', 'ELAN', 'ELPC', 'EQPT', 'ESEA', 'ELEEF', 'ESI', 'ERBGF', 'ESGH', 'ESAB', 'EPSN', 'ESQ', 'EMO', 'ESP', 'ENTG', 'ERRAF', 'ENBMF', 'ELRE', 'EOS', 'ENNPF', 'ERLFF', 'ELE', 'EPR-PE', 'ETON', 'ERH', 'ETHW', 'EONR', 'ENGS', 'ENVX', 'ESTC', 'EPR-PC', 'EMRJF', 'EP-PC', 'EQIX', 'ELDN', 'ELOG', 'ELECF', 'ENRDW', 'ETHB', 'EMBYF', 'ETB', 'ELSSF', 'ENLT', 'ELVG', 'ET-PI', 'EMBC', 'EQH-PA', 'ELVR', 'ENBP', 'EPD', 'ENIC', 'EQNR', 'ELPW', 'ENRD', 'ENR', 'ESNT', 'EPAM', 'ELMD', 'ENSG', 'ENDI', 'ENVB', 'ELTX', 'EQTRF', 'ELBM', 'EML', 'ELAB']: YFRateLimitError('Too Many Requests. Rate limited. Try after a while.')
progress 3200/10391 priced=2112 1.1min

162 Failed downloads:
['EVBWF', 'EXG', 'FBSI', 'EVON', 'EWBC', 'FCF', 'FAF', 'EVT', 'EULLY', 'EVAC', 'EXOD', 'EVOXU', 'FDXTF', 'FAC', 'EZRA', 'FERA', 'FCRS', 'FASLF', 'EVKIF', 'EVCM', 'FDMM', 'FATN', 'FBYDP', 'EVAC-WT', 'FCT', 'FEOVF', 'FERAU', 'EWAVU', 'FDMMW', 'EXCBF', 'EXPE', 'EYPT', 'EXEL', 'FBIN', 'EU', 'EVTL', 'ETSS-UN', 'FCFS', 'FACTU', 'EVRG', 'EVR', 'FEED', 'ETST', 'FCNCP', 'FBRX', 'EXYNW', 'FBP', 'EVH', 'FCEL', 'FBLA', 'FAMI', 'ETS', 'FDMMU', 'EVEX-WT', 'EXFY', 'EURK', 'FEAM', 'EYGPF', 'EURKU', 'EXYN', 'FDSB', 'FACTW', 'FCNCN', 'EWAV', 'FBNC', 'FBGL', 'ETSS', 'FBIO', 'EWSB', 'FDCT', 'FCCI', 'FECOF', 'EVOXW', 'FBTC', 'EULIF', 'ETY', 'ETW', 'EVAWF', 'FERAR', 'EVTK', 'FELE', 'FAST', 'EXLS', 'EXE', 'EVEX', 'FFA', 'EWAVR', 'FENC', 'EXK', 'ETSS-WT', 'FCBC', 'FCCN', 'ETSY', 'FCNCO', 'FERG', 'EZBC', 'EZGO', 'EVAC-UN', 'EUDAW', 'FAX', 'F-PC', 'EXP', 'FCRS-UN', 'EXR', 'F-PD', 'EVFM', 'EVGN', 'FDS', 'FBK', 'FBIOP', 'EUDA', 'FBCD', 'EUO', 'EXOZ', 'EWTX', 'EZPW', 'FCNCB', 'FCELB', 'EUBG', 'EUEMF', 'EVN', 'EVTWF', 'FDUS', 'FDX', 'FCX', 'EVTC', 'ETR', 'EURKR', 'EYUBY', 'FBDT', 'FBYD', 'FDMT', 'FEDU', 'FCHDF', 'EZPZ', 'FCNCA', 'FBRT', 'EZET', 'FCCO', 'EURBF', 'FCN', 'FET', 'FCBM', 'EVAX', 'FABC', 'FENG', 'ETRA', 'ETV', 'FCHL', 'EVOH', 'FCAP', 'FER', 'EVMN', 'FBIZ', 'FEBO', 'EVLV', 'FCRS-WT', 'FACT', 'FCHS', 'EVO', 'FEMY', 'EVV']: YFRateLimitError('Too Many Requests. Rate limited. Try after a while.')
progress 3400/10391 priced=2150 1.2min

115 Failed downloads:
['FJDI', 'FJET', 'FGNX', 'FHFLF', 'FNV', 'FLD', 'FLYD', 'FOCL', 'FLZH', 'FNIGY', 'FIGP', 'FLUT', 'FISI', 'FNGO', 'FIVE', 'FMCCJ', 'FGIWW', 'FLIDF', 'FFC', 'FNWB', 'FLUX', 'FIGX', 'FNMA', 'FLYU', 'FMHS', 'FICO', 'FINCF', 'FNWD', 'FIXX', 'FND', 'FITB-PI', 'FMCCK', 'FLNG', 'FMCKJ', 'FLR', 'FIEE', 'FMNB', 'FMCCM', 'FHFFY', 'FNGU', 'FNGS', 'FLC', 'FGRS', 'FMY', 'FIVN', 'FMBM', 'FGSN', 'FNMAN', 'FOF', 'FMAC', 'FNKO', 'FFBC', 'FMSTW', 'FLIDY', 'FFIN', 'FITB-PM', 'FHTX', 'FLYE', 'FLNCF', 'FMS', 'FMCKL', 'FMCQF', 'FNMAT', 'FIX', 'FIZZ', 'FGII', 'FNMAP', 'FNUC', 'FILG', 'FNF', 'FISK', 'FLDDW', 'FGN', 'FIGXU', 'FLXS', 'FNMAL', 'FITB-PK', 'FORM', 'FLYX-WT', 'FGL', 'FIBK', 'FNMAO', 'FGIIU', 'FGCO', 'FMCCH', 'FFLO', 'FHI', 'FIGIF', 'FORFF', 'FNMFM', 'FGDL', 'FNMAK', 'FOFO', 'FIISP', 'FOFA', 'FNMAH', 'FKWL', 'FLL', 'FGIIW', 'FKYS', 'FINW', 'FLEX', 'FLG-PU', 'FMCKP', 'FNGD', 'FJDIU', 'FFGG', 'FNMFN', 'FIGS', 'FMTOF', 'FMACR', 'FNB', 'FNLPF', 'FMCCN', 'FLWS']: YFRateLimitError('Too Many Requests. Rate limited. Try after a while.')
progress 3600/10391 priced=2235 1.2min
$FOXOW: possibly delisted; no price data found  (period=5d)
$GAFC: possibly delisted; no price data found  (period=5d)

153 Failed downloads:
['FOXOW', 'GAFC']: possibly delisted; no price data found  (period=5d)
['FSTWF', 'FXE', 'FSHPU', 'FRPT', 'FRECF', 'FRFAF', 'FTK', 'FREGP', 'FXC', 'FVNNU', 'FTFT', 'GAB-PK', 'FXA', 'FSTJ', 'FURY', 'FOUR', 'FSS', 'FRTSF', 'FRGT', 'FTW-WT', 'FWRG', 'FWDI', 'FTRA', 'GABC', 'FSBW', 'FTRKD', 'FRTRY', 'FRA', 'FRLCY', 'GAP', 'FUN', 'FREJP', 'FUST', 'FXBY', 'FRSH', 'FUTU', 'FUBO', 'GAM-PB', 'FUL', 'FXAC', 'FTPSF', 'FTCI', 'FWFW', 'FSLY', 'FSHPR', 'FUFUW', 'FSEA', 'FSTR', 'FULTP', 'FULC', 'FTZFF', 'FRTT', 'GBAT', 'FWRD', 'FTS', 'FRHC', 'FTHAW', 'FUSB', 'GBCMY', 'FPH', 'FWACU', 'GANX', 'FRFFF', 'GARWF', 'GAIA', 'FXHO', 'GAING', 'FOXXW', 'GAIN', 'GAB-PH', 'FTHAU', 'GBFH', 'GALDY', 'GBCMF', 'FXACW', 'FTV', 'FTHM', 'FVNNR', 'FOUR-PA', 'FRO', 'FR', 'FOXA', 'FSNUF', 'FVTI', 'FVR', 'FSSL', 'FTRA-UN', 'FOTB', 'FXCNF', 'FWAC', 'FTH', 'FWACR', 'FT', 'FTNT', 'FXY', 'FTCO', 'FTRKF', 'FRMI', 'FVGPY', 'FWONA', 'GAINZ', 'FXCNY', 'FTLF', 'GAB', 'FXF', 'GBDC', 'FRST', 'FRFHF', 'FWACW', 'FRMM', 'FUFU', 'FUSEW', 'FVAV', 'FTAI', 'GAMG', 'FSUN', 'FSHP', 'FSI', 'FTDR', 'GAVA', 'FTW', 'FOXX', 'FWONB', 'FVRR', 'GAINI', 'FTHY', 'FRPH', 'FRTJF', 'FVCB', 'GAM', 'FRSX', 'FULT', 'FSLR', 'FRBP', 'FUNC', 'FPS', 'GBAB', 'FSOL', 'FRNM', 'FRT-PC', 'FRVO', 'FUND', 'GAU', 'FSK', 'FPF', 'FSP', 'FXB', 'FTHA', 'FRQN', 'GAERF', 'G']: YFRateLimitError('Too Many Requests. Rate limited. Try after a while.')
progress 3800/10391 priced=2282 1.3min

189 Failed downloads:
['GCGJ', 'GFR', 'GIVE', 'GIGM', 'GLED-UN', 'GGPSF', 'GHRS', 'GGRPY', 'GCLWW', 'GFSAY', 'GETY', 'GDHRY', 'GDEV', 'GCV', 'GLIBB', 'GHY', 'GIPRW', 'GGT-PE', 'GHXI', 'GHG', 'GCGR', 'GH', 'GGB', 'GBNB', 'GEHDF', 'GIDHF', 'GEVO', 'GDEVW', 'GDGIF', 'GIS', 'GLBZ', 'GDSRF', 'GITS', 'GGR', 'GJH', 'GCDT', 'GDLG', 'GFL', 'GGLXF', 'GIFOF', 'GIWWU', 'GFRWF', 'GDMT', 'GHRTF', 'GBNY', 'GIB', 'GLE', 'GL', 'GLATF', 'GENN', 'GELHY', 'GLAI', 'GGN-PB', 'GDYN', 'GIFLF', 'GIC', 'GFLT', 'GGZ', 'GDXU', 'GENVR', 'GFTFF', 'GBR', 'GDRX', 'GDV', 'GBUG', 'GIL', 'GDRZF', 'GHST', 'GFUZ', 'GLMD', 'GIBO', 'GF', 'GHXIW', 'GEMI', 'GCGRW', 'GCGRU', 'GEF-B', 'GCO', 'GEHC', 'GIXXR', 'GBNXY', 'GIXXU', 'GIX', 'GEN', 'GGOXF', 'GBNXF', 'GENI', 'GDS', 'GELS', 'GDOG', 'GIPR', 'GLND', 'GDO', 'GCUMF', 'GLBE', 'GDC', 'GENB', 'GJP', 'GBTC', 'GFAIW', 'GFUZW', 'GLDI', 'GCTK', 'GGTKY', 'GECCH', 'GDTC', 'GLD', 'GGT-PG', 'GFASY', 'GIGGF', 'GLED-RI', 'GFMH', 'GBTG', 'GELYF', 'GENC', 'GIWWR', 'GLED', 'GGG', 'GCTS-WT', 'GEDC', 'GDV-PK', 'GDLC', 'GJS', 'GLAD', 'GJO', 'GFIOF', 'GIXI', 'GCBC', 'GDERF', 'GEG', 'GGN', 'GGT', 'GLIBA', 'GLIV', 'GFAI', 'GLEI', 'GHI', 'GIBOW', 'GHXIU', 'GEO', 'GHC', 'GDXD', 'GJR', 'GDST', 'GDV-PH', 'GDHG', 'GEL', 'GLBS', 'GLAS', 'GERN', 'GECC', 'GD', 'GDTTY', 'GJT', 'GLGI', 'GCT', 'GEBRF', 'GILD', 'GECCG', 'GDHLF', 'GL-PD', 'GIFT', 'GCTS', 'GCAN', 'GEV', 'GIPL', 'GIW', 'GLIBK', 'GDOT', 'GLDG', 'GE', 'GIII', 'GGBY', 'GCL', 'GDL', 'GLL', 'GEF', 'GEGGL', 'GBLI', 'GBX', 'GHM', 'GLDM', 'GLCNF', 'GFS', 'GLAXF', 'GGROU', 'GBUX', 'GGROW', 'GEOS']: YFRateLimitError('Too Many Requests. Rate limited. Try after a while.')
progress 4000/10391 priced=2293 1.3min
$GROVW: possibly delisted; no price data found  (period=5d)

147 Failed downloads:
['GROVW']: possibly delisted; no price data found  (period=5d)
['GRWFF', 'GLU-PA', 'GNLX', 'GOOGN', 'GSFI', 'GPTGF', 'GLOH', 'GROY', 'GPATU', 'GLPGF', 'GOW', 'GLNK', 'GPATW', 'GPMTF', 'GRWLF', 'GPCR', 'GRXXF', 'GPGI', 'GSL', 'GSG', 'GRDX', 'GNVR', 'GLOP-PC', 'GRVT', 'GLOP-PB', 'GRLF', 'GRMLW', 'GROW', 'GNLN', 'GLTKD', 'GMHS', 'GPUS-PD', 'GRUSF', 'GRAL', 'GPMT', 'GLUE', 'GLRE', 'GRPN', 'GLOB', 'GSKRF', 'GRABW', 'GLUC', 'GLOP-PA', 'GO', 'GLNDW', 'GOF', 'GOOD', 'GPOX', 'GSL-PB', 'GMBL', 'GNS', 'GSM', 'GRO', 'GRRRW', 'GPAT', 'GNT-PA', 'GOODO', 'GNPX', 'GOLF', 'GLVHF', 'GOODN', 'GMWKF', 'GRTUF', 'GMVMF', 'GS-PD', 'GSCE', 'GLU-PB', 'GSHR', 'GSHRU', 'GRAB', 'GPC', 'GRNL', 'GNSS', 'GRX', 'GME-WT', 'GRVY', 'GSAC', 'GMEX', 'GRI', 'GRSD', 'GPAC', 'GRML', 'GLU', 'GPOR', 'GSHRD', 'GRHI', 'GNL-PB', 'GLV', 'GPLB', 'GRWG', 'GNTA', 'GMM', 'GOOGL', 'GOSC', 'GPRO', 'GOGO', 'GONYF', 'GRFS', 'GMTL', 'GRND', 'GLOO', 'GOOG', 'GLSI', 'GOTV', 'GROV', 'GLO', 'GRVE', 'GLXZ', 'GNE', 'GLPI', 'GNTOF', 'GRPFF', 'GMRS', 'GM', 'GLXG', 'GNL', 'GROY-WT', 'GRRR', 'GRAN', 'GPUS', 'GNK', 'GNL-PD', 'GLTR', 'GLQ', 'GPGCF', 'GOOGM', 'GNL-PA', 'GMAB', 'GPMT-PA', 'GMBLZ', 'GRPS', 'GS-PA', 'GPI', 'GRN', 'GRCPY', 'GOGR', 'GPJA', 'GLVPY', 'GRNQ', 'GLNG', 'GPRE', 'GSBC', 'GP', 'GPRK', 'GPAEF', 'GMED']: YFRateLimitError('Too Many Requests. Rate limited. Try after a while.')
progress 4200/10391 priced=2346 1.3min

187 Failed downloads:
['GTLRY', 'GSTX', 'HEI-A', 'HAYW', 'GSUI', 'GVHGF', 'HCACU', 'HEMNF', 'GXRP', 'HBANM', 'HGAS', 'HACQW', 'HCMA', 'GTLB', 'HIPO', 'HBANP', 'HBM', 'HGMCF', 'GTHP', 'HGASW', 'HCTI', 'HIX', 'GYGY', 'GUT-PC', 'GSRF', 'HBT', 'GVH', 'HCMAW', 'HHLKF', 'HHH', 'HGLB', 'GTENW', 'HFRO', 'HESM', 'HCC', 'GYRE', 'HCACR', 'GTE', 'HBCYF', 'HFBL', 'HCAI', 'HGZDY', 'GTY', 'GTBP', 'HGTXU', 'HAPVY', 'HALO', 'HAVAR', 'GSVRF', 'HCA', 'HAFG', 'HCMAU', 'HBANZ', 'HIT', 'GSNR', 'HGTY', 'HAWK', 'GXAI', 'HASI', 'HAS', 'HBNC', 'HDLB', 'HCTPF', 'HCIIP', 'GTES', 'HAVAU', 'HELE', 'HG', 'GTERW', 'GUACU', 'HERE', 'HD', 'H', 'GTIC', 'HDRNW', 'GTERA', 'HCXY', 'GSUN', 'HFFG', 'HAPN', 'HIW', 'GSRFR', 'GTCH', 'HEXEY', 'HELP', 'HBB', 'HCIC', 'HGYN', 'HEPA', 'GTERR', 'HCICR', 'HFRO-PA', 'GWAV', 'HCI', 'GWLL', 'HCHL', 'HBUV', 'HDB', 'HFWA', 'GUER', 'GUG', 'HCAC', 'HACQU', 'GVAC', 'HERZ', 'HAIN', 'HCIL', 'GWTI', 'HCWB', 'GUAC', 'HAO', 'GWKSY', 'GTEC', 'GTBIF', 'HBCP', 'HII', 'GTENU', 'HCAX', 'GT', 'HITI', 'HCICU', 'HACQ', 'GTLL', 'HIMX', 'GTEN', 'GXLM', 'HDSN', 'GULTU', 'HGV', 'GSTK', 'HIO', 'GWW', 'GSMT', 'HBNB', 'GTAO', 'HAL', 'GXO', 'HAE', 'HEI', 'HE', 'GWHWW', 'HCHDF', 'HKD', 'GTN', 'HBIA', 'GUACW', 'HFRO-PB', 'GSRVR', 'HGIT', 'HHS', 'HIGR', 'HAMRF', 'HCKT', 'GTN-A', 'GYRO', 'HDRN', 'GXXM', 'HCM', 'GTM', 'HACBF', 'GWRE', 'HIND', 'GVA', 'GSRFU', 'GURE', 'HAFC', 'HCMC', 'GUT', 'HDL', 'GWSO', 'HIVE', 'HEPS', 'GSOL', 'HAVA', 'GTIM', 'HCSG', 'HANNF', 'HIMS', 'GSRV', 'HCWC', 'GTERU', 'GWLPF', 'HIHO', 'GSRVU', 'HIG-PG', 'HAFN', 'HBIO']: YFRateLimitError('Too Many Requests. Rate limited. Try after a while.')
progress 4400/10391 priced=2359 1.4min
$HSPWF: possibly delisted; no price data found  (period=5d)
$HNIT: possibly delisted; no price data found  (period=5d)

128 Failed downloads:
['HSPWF', 'HNIT']: possibly delisted; no price data found  (period=5d)
['HXSCL', 'HYPG', 'HYMCW', 'HTD', 'HST', 'HQWWW', 'HRBAY', 'HVMCW', 'HOLO', 'HSTA', 'HUBCW', 'HPP-PC', 'HMH', 'HVT', 'HOFT', 'HNGE', 'HRZRF', 'HSIGF', 'HVMCU', 'HRNNF', 'HTT', 'HYFT', 'HTHIF', 'HPF', 'HURA', 'HTZWW', 'HMRZF', 'HLNCF', 'HPAI', 'HNPHY', 'HMR', 'HYAC', 'HVMC', 'HLF', 'HNOI', 'HPHTY', 'HSTC', 'HOV', 'HUMAW', 'HTLM', 'HRZN', 'HUAQY', 'HSCS', 'HRTG', 'HWLDF', 'HRMY', 'HTFC', 'HUBCZ', 'HOLOW', 'HUMA', 'HSPUF', 'HLYK', 'HTZ', 'HNSDF', 'HWAIF', 'HRL', 'HNRG', 'HONA', 'HYGD', 'HWKN', 'HYI', 'HOPE', 'HWAUF', 'HL-PB', 'HWKE', 'HKIT', 'HUBG', 'HVII', 'HSCSW', 'HKHHF', 'HON', 'HSLV', 'HQL', 'HKHC', 'HMDCF', 'HUDI', 'HNSPF', 'HNUC', 'HLEO', 'HRI', 'HL', 'HSTM', 'HTH', 'HTB', 'HXL', 'HMMR', 'HWM', 'HKHHY', 'HMY', 'HMN', 'HNVR', 'HUM', 'HNI', 'HUHU', 'HUT', 'HRB', 'HLT', 'HWCPZ', 'HYNLY', 'HOG', 'HYGU', 'HODL', 'HTCO', 'HUYA', 'HRGN', 'HPP', 'HLP', 'HLXC', 'HLTC', 'HNAMY', 'HYEX', 'HUN', 'HQH', 'HLNK', 'HOVR', 'HPS', 'HYPD', 'HWNI', 'HXHX', 'HVIIR', 'HYSR', 'HLI', 'HVIIU', 'HOWL', 'HSIC', 'HRIBF']: YFRateLimitError('Too Many Requests. Rate limited. Try after a while.')
progress 4600/10391 priced=2431 1.4min
$IBL: possibly delisted; no price data found  (period=5d)
$IMAA: possibly delisted; no price data found  (period=5d)
$IMAQW: possibly delisted; no price data found  (period=5d)
$ININ: possibly delisted; no price data found  (period=5d)
$INHI: possibly delisted; no price data found  (period=5d)

154 Failed downloads:
['IBL', 'IMAA', 'IMAQW', 'ININ', 'INHI']: possibly delisted; no price data found  (period=5d)
['ICRL', 'IBIDF', 'INBS', 'INIO', 'IAF', 'IFCNF', 'IGC', 'IEHC', 'IAUX-WT', 'IFHLY', 'IGR', 'IDAC', 'INGN', 'ICCC', 'IBM', 'INGVF', 'IDXGD', 'IFED', 'ICR-PA', 'IIF', 'ICHGF', 'ICCM', 'INACU', 'INFQ', 'IFRX', 'ICTSF', 'IMA', 'IHETW', 'ICUCW', 'IDACU', 'IFN', 'IIPR', 'INFQ-WT', 'ICL', 'ILAL', 'IDACW', 'IMTX', 'IMMP', 'IBACR', 'IDIA', 'IBP', 'IACQ', 'IAG', 'IAUX', 'INCR', 'IAALF', 'IEAGR', 'HZO', 'IIIN', 'IIPR-PA', 'IMOS', 'IBN', 'INEO', 'INHD', 'IMNN', 'IDAI', 'IDXX', 'ICHR', 'ILLRW', 'ILLR', 'IEX', 'IKT', 'IMMX', 'IMO', 'ILXP', 'IMDX', 'IDCC', 'IMTE', 'IACQW', 'IEAG', 'ICMB', 'IMPP', 'HZEN', 'IMVT', 'IDYA', 'INIS', 'IH', 'IDPEY', 'INAC', 'IGIC', 'HYT', 'IE', 'ILLMF', 'IMAQ', 'IBOC', 'IDPUF', 'INBKZ', 'IESC', 'IMAQU', 'INDP', 'IMCR', 'IDXMF', 'ICUI', 'IAE', 'IMKTA', 'INIKF', 'IFNNY', 'IHRT', 'IACO', 'IHG', 'INKW', 'IACOW', 'INDV', 'IMSR', 'INGM', 'INEOF', 'IMUX', 'IDT', 'III', 'IDA', 'IMTCF', 'INACR', 'ICFI', 'IEGCF', 'ICLR', 'IMSRW', 'IBAC', 'IGAC', 'IHD', 'IMAQR', 'IHS', 'IGD', 'IDE', 'IHICF', 'HZRBY', 'ILLU', 'IMNM', 'ICU', 'IBO', 'INBX', 'IMCC', 'IEP', 'ING', 'ICG', 'IMPPP', 'IFNNF', 'ILLUU', 'IDEXF', 'INDI', 'IDN', 'IBG', 'IIIV', 'INGR', 'IMRN', 'IGACU', 'IACOU', 'IA', 'ICRP', 'ILLUW']: YFRateLimitError('Too Many Requests. Rate limited. Try after a while.')
progress 4800/10391 priced=2477 1.5min

128 Failed downloads:
['ITXP', 'ITRE', 'JACS-UN', 'ISADY', 'JBGS', 'IONI', 'IPEXU', 'ITRG', 'IPVVU', 'ISNR', 'IT', 'IPGP', 'JBL', 'IPHA', 'JABRU', 'JAGX', 'ITT', 'IPST', 'IREN', 'IONR', 'IPFXW', 'JBS', 'IPSI', 'IPX', 'IQEPF', 'IQST', 'JAB', 'IRWD', 'INN-PF', 'JBI', 'IRMD', 'IVDA', 'ITHA', 'IQV', 'IQI', 'ISRG', 'INVZ', 'JABRR', 'IVEVF', 'JABRW', 'INMD', 'IONS', 'INTS', 'IRS', 'IVHI', 'IOSP', 'IQ', 'IPM', 'IPGLF', 'ISD', 'IPXGU', 'INNPF', 'IQMX', 'INVLW', 'JBHT', 'IPVVW', 'JAGU', 'INRE', 'INTT', 'ISPR', 'IPXGW', 'INVH', 'INSM', 'ISLWF', 'JACK', 'JACS', 'ITHLF', 'INV', 'IVR', 'IRAB-WT', 'IRTC', 'IPHXU', 'IRM', 'INN-PE', 'JBDI', 'ITMSF', 'IRHOR', 'ISRLF', 'IVA', 'ISNRW', 'IPHX', 'INSW', 'JACS-RI', 'INLX', 'ITHAU', 'JBK', 'INNV', 'IPSC', 'IPW', 'JAN', 'IRDM', 'IVDN', 'IOND', 'IOT', 'IPI', 'INVA', 'ITGR', 'JBHIF', 'ITP', 'IRAB-UN', 'ITOX', 'ITHEY', 'IRT', 'INSG', 'IXHL', 'JBIO', 'IRD', 'IWAL', 'ISBA', 'IRAB', 'IQMXW', 'INTA', 'ITIC', 'INVU', 'IR', 'INTC', 'IOVA', 'JAYGF', 'INTJ', 'IWSH', 'JANL', 'IRVRF', 'IOR', 'IONQ-WT', 'ISLUF', 'J', 'IPFXU', 'ISCO']: YFRateLimitError('Too Many Requests. Rate limited. Try after a while.')
progress 5000/10391 priced=2549 1.5min

193 Failed downloads:
['JNGDY', 'KERCY', 'JFTH', 'KIDZ', 'KAVL', 'KIM-PN', 'KACLF', 'KARO', 'JKHY', 'KEX', 'KLAR', 'KAI', 'KEY', 'JETBF', 'JXIRY', 'KLAC', 'KFIIR', 'KANP', 'JONEU', 'JFIL', 'JVA', 'KDP', 'JZ', 'KARD', 'JENA-UN', 'KGBMY', 'KCHVU', 'KBLB', 'KB', 'KD', 'KALU', 'KKR-PD', 'JG', 'KDDIF', 'JWSUF', 'JGLDF', 'JHX', 'JBTM', 'KFFB', 'JHPCY', 'JHS', 'KBSR', 'JYNT', 'JUVF', 'KALA', 'JQC', 'KG', 'JENA', 'JCTC', 'KIO', 'JOE', 'JOF', 'JMSB', 'JJETF', 'JPHLF', 'JYD', 'KEYYU', 'JWSMF', 'KARX', 'KEN', 'JTGEY', 'JLS', 'JCI', 'KAPA', 'JHI', 'JFR', 'JSM', 'JSPR', 'JHIUF', 'KITT', 'KELRF', 'JFB', 'KEEL', 'JLHL', 'JXN', 'KFY', 'KKRS', 'JOUT', 'JL', 'JNJ', 'JFU', 'KATJF', 'KAZR', 'JRS', 'KINS', 'KBH', 'KGC', 'KGEI', 'JFIN', 'JPSTF', 'JETU', 'KCHVR', 'KIDS', 'JENA-RI', 'JPM-PD', 'KDKGF', 'JXADF', 'JEM', 'JONE', 'JPOTF', 'JPC', 'JGH', 'KKR', 'JRSS', 'KFRC', 'KAYS', 'JUNS', 'JELLF', 'JRSH', 'JDCMF', 'JNGHF', 'KE', 'JPM-PM', 'KKRT', 'JLL', 'JMKE', 'JCE', 'JUSH', 'KGCRF', 'KBSX', 'KEY-PK', 'JDZG', 'KCAC-WT', 'KCA-UN', 'JELD', 'KDK', 'KEYS', 'JRVR', 'KELYB', 'JPM-PL', 'KDKRW', 'JPM', 'JOYY', 'KCRD', 'JMM', 'KFIIU', 'KEQU', 'JOBY', 'JBSS', 'KCCFF', 'KEP', 'JXAMY', 'KIM-PM', 'KBONW', 'KF', 'KEYY', 'JRI', 'JCSE', 'KEY-PI', 'JEF', 'JOCM', 'JTTT', 'KIM-PL', 'KITL', 'KGS', 'KBON', 'JOB', 'KIM', 'KIQSF', 'KBDC', 'JPM-PK', 'JCAP', 'KITTW', 'KEY-PJ', 'JJSF', 'KIDZW', 'KBONU', 'KC', 'JPM-PJ', 'KBGGY', 'JXN-PA', 'KCAC-UN', 'KDOZF', 'KELYA', 'JILL', 'KEYYW', 'KHOBF', 'KEY-PL', 'JXG', 'JSPRW', 'JETD', 'JZXN', 'KCLHF', 'JPM-PC', 'JWEL', 'KFII', 'JTAI', 'KHC', 'JTGLF', 'KGFMF', 'KCHV', 'JWSWF', 'KISB']: YFRateLimitError('Too Many Requests. Rate limited. Try after a while.')
progress 5200/10391 priced=2556 1.5min
$LARS: possibly delisted; no price data found  (period=5d)
$LDXC: possibly delisted; no price data found  (period=5d)

155 Failed downloads:
['LARS', 'LDXC']: possibly delisted; no price data found  (period=5d)
['KNWAY', 'KRMN', 'LAGH', 'KTGDF', 'KXIN', 'LBGJ', 'KMRK', 'KWMWW', 'KTTAW', 'KMX', 'KSBI', 'LE', 'KVLT', 'KLNG', 'KWM', 'LBRX', 'LDOS', 'LCCCU', 'KN', 'LAW', 'LAAI', 'LASR', 'LCCCR', 'LATAW', 'KOYN', 'KLC', 'LADR', 'KRRO', 'KYIVW', 'KSS', 'KYTX', 'KOYNU', 'KOAN', 'KTCC', 'LATAU', 'KOS', 'KRAQ', 'LANDP', 'KLYG', 'LB', 'KOZAY', 'KRFG', 'KLRS', 'LDI', 'LANWF', 'LBTYA', 'KNRX', 'KPET', 'LAMR', 'KOGDF', 'KRKR', 'LCLN', 'LATA', 'LCTX', 'KMRRF', 'KTF', 'KRP', 'KRNGF', 'KTOS', 'KNDI', 'KUBR', 'KTWOU', 'KTN', 'KMI', 'LBRJ', 'KPET-WT', 'LBSR', 'LCCC', 'KVUE', 'LCTC', 'KLRA', 'KOSCF', 'KREF', 'KRT', 'KTB', 'KRMD', 'KMFG', 'LDP', 'LCNB', 'KRAQW', 'LAFA', 'KYIV', 'KOSS', 'LAD', 'KNOP', 'KOEI', 'KVAWF', 'KXIAY', 'LAND', 'KTTA', 'LAFAR', 'LDDD', 'LAWIL', 'KLXER', 'KLGDF', 'KYFGF', 'KMPB', 'KSPI', 'KTEL', 'KR', 'KRAQU', 'KPLT', 'KYOCF', 'KNGRF', 'KPL', 'LAC', 'KRC', 'KREF-PA', 'KMDA', 'LBRT', 'KRNT', 'KTWO', 'LAUR', 'KYTFY', 'KNX', 'KWY', 'KOLD', 'LABT', 'KXHCF', 'KRSP-WT', 'LANV', 'LDSN', 'KT', 'KPHMW', 'KWR', 'LAR', 'LCUT', 'KVYO', 'LANDO', 'KVAUF', 'LARK', 'KOYNW', 'KRO', 'KMTS', 'KNOS', 'KOF', 'KVACF', 'LCGMF', 'LAWR', 'LAFAU', 'KTH', 'KUST', 'KOP', 'KSEZ', 'KODK', 'LARAX', 'KNF', 'KULR', 'KRYS', 'KRYXF', 'KMPR', 'LCII', 'KO']: YFRateLimitError('Too Many Requests. Rate limited. Try after a while.')
progress 5400/10391 priced=2601 1.6min

174 Failed downloads:
['LLPS', 'LPCVW', 'LEDS', 'LFTO', 'LRMR', 'LITB', 'LPSIF', 'LPG', 'LPUGF', 'LONA', 'LIMX', 'LIMN', 'LOCO', 'LIVN', 'LPGCY', 'LQDD', 'LNAI', 'LEN', 'LFST', 'LPCVU', 'LPAA', 'LIMNW', 'LHAI', 'LGNYZ', 'LQDT', 'LPAAW', 'LSBK', 'LILAB', 'LRHC', 'LOMA', 'LIFX', 'LOGI', 'LQMT', 'LEN-B', 'LEVI', 'LOB', 'LEXX', 'LESL', 'LGNXZ', 'LOCL', 'LLYVB', 'LMRI', 'LIN', 'LIF', 'LPCV', 'LPLA', 'LEGO-WT', 'LEGO-UN', 'LIANY', 'LNTO', 'LILA', 'LKYLY', 'LIVG', 'LGCL', 'LOCLW', 'LOPE', 'LNWO', 'LILAP', 'LEEEF', 'LGNDZ', 'LOAN', 'LOTT', 'LINK', 'LOVE', 'LLYVA', 'LH', 'LGND', 'LMB', 'LNZA', 'LIDR', 'LOTWW', 'LICN', 'LINC', 'LNT', 'LKQ', 'LGCY', 'LPL', 'LOMLF', 'LFS', 'LOB-PA', 'LSCC', 'LFUS', 'LFMD', 'LII', 'LKYRF', 'LOIMF', 'LOGC', 'LION', 'LPBBU', 'LKSP', 'LKSPU', 'LILAK', 'LEGH', 'LQDU', 'LFVN', 'LRDC', 'LFLRF', 'LITS', 'LPBBW', 'LINE', 'LPCN', 'LIME', 'LOW', 'LGSXY', 'LEAT', 'LGCXF', 'LENDX', 'LGNZZ', 'LNN', 'LPTH', 'LIEN', 'LGIH', 'LIPO', 'LIVE', 'LOAR', 'LEGN', 'LNTCY', 'LMED', 'LIND', 'LIQT', 'LEDR', 'LEU', 'LSAK', 'LGL', 'LOMWF', 'LOOP', 'LPA', 'LND', 'LGI', 'LFT', 'LFCR', 'LGMK', 'LFWD', 'LENZ', 'LSBA', 'LGHL', 'LPX', 'LLYVK', 'LINMF', 'LEEN', 'LKFT', 'LGN', 'LLDTF', 'LPBB', 'LEO', 'LOT', 'LITE', 'LMRXF', 'LEGO', 'LPSN', 'LIFE', 'LKNCY', 'LNKS', 'LRCX', 'LNFGY', 'LODE', 'LFAC', 'LGPS', 'LOBO', 'LOTMY', 'LFT-PA', 'LLOBF', 'LKFN', 'LNC', 'LITSF', 'LFACW', 'LNXSF', 'LIFD', 'LNXSY', 'LKSPR', 'LMAT', 'LRRIF', 'LGVT', 'LMT']: YFRateLimitError('Too Many Requests. Rate limited. Try after a while.')
progress 5600/10391 priced=2627 1.6min
$LSHGF: possibly delisted; no price data found  (period=5d)
$MCAGR: possibly delisted; no price data found  (period=5d)

151 Failed downloads:
['LSHGF', 'MCAGR']: possibly delisted; no price data found  (period=5d)
['MDAT', 'MADL', 'LTCH', 'MDCOY', 'MANU', 'MDB', 'MCFN', 'LZM', 'LXP-PC', 'MBUMF', 'MBINN', 'MBVIU', 'MCY', 'M', 'MBVI', 'MBOT', 'MAWAF', 'MAA', 'MAIA', 'MAMA', 'MBINM', 'MAIN', 'MCN', 'LXEH', 'LUXE', 'LWAY', 'MARPS', 'LTESF', 'MAGH', 'LXFR', 'MBIO', 'LSTA', 'LTRN', 'LSEB', 'MACIU', 'LUDG', 'LSTR', 'LUCK', 'MBX', 'MCHPP', 'LXEO', 'MCO', 'LSPD', 'LTGHF', 'MC', 'LUVU', 'LWAC', 'MARUF', 'MCGAW', 'MCAHR', 'MBBC', 'MBRX', 'MBWM', 'MAR', 'MA', 'MBGL', 'MATV', 'LZ', 'MCAH', 'MDCE', 'MBVIW', 'LUNG', 'MAIR', 'MD', 'MCK', 'LVWR-WT', 'MBI', 'MCRB', 'LVS', 'MAX', 'LUCY', 'MANA', 'MAKO', 'MAAS', 'LTHIF', 'MBFJF', 'MCFT', 'LVRLF', 'MAXNQ', 'MCS', 'LZMH', 'MANH', 'MAUUF', 'MAYS', 'LXSPY', 'MAPS', 'MAS', 'MCAGU', 'LXRX', 'MCHB', 'LSHGY', 'MCUJF', 'LTAFF', 'MCD', 'MB', 'MDBH', 'LTGO', 'MAMK', 'LUCN', 'MCRP', 'MBIN', 'MAA-PI', 'LUV', 'MARH', 'LZB', 'MDCX', 'MCHP', 'MANDF', 'MCOM', 'MCHX', 'MACT', 'LTC', 'MAC', 'LYTS', 'MARA', 'LSEGY', 'LTM', 'MAJI', 'MCGA', 'LX', 'LTCFX', 'LUNR', 'LTGR', 'LZM-WT', 'MACI', 'MCRI', 'MBC', 'LYG', 'MATH', 'MASS', 'LTGRU', 'LU', 'MBGCF', 'MCB', 'LWACU', 'MCAG', 'LTH', 'MCBS', 'LVLU', 'LYTHF', 'MAN', 'MCI', 'MAMO', 'LTGHY', 'MDAIW', 'MCAHU', 'MAGE', 'MBSHY', 'MASK']: YFRateLimitError('Too Many Requests. Rate limited. Try after a while.')
progress 5800/10391 priced=2676 1.7min

196 Failed downloads:
['MDKGY', 'METRY', 'MGNC', 'MHUAF', 'MLPB', 'MITT-PA', 'MESHW', 'MET-PE', 'MGMNF', 'MFI', 'MFAN', 'MLYS', 'MDLN', 'MGTI', 'MILIF', 'MDDNF', 'MLAB', 'MIN', 'MEIUF', 'MLGO', 'MMA', 'MDLK', 'MFON', 'MIMTF', 'MMLP', 'MINBY', 'MI', 'MLAA', 'MLPR', 'MGNO', 'MEDP', 'MKDWW', 'MHH', 'METCB', 'MESH', 'MKLYU', 'METCI', 'MGF', 'MLCMF', 'MDWK', 'MICC', 'MITP', 'MFIN', 'MLSS', 'MFICL', 'MFP', 'MEVOU', 'MDEX', 'MMM', 'MLCI', 'MLAAU', 'MITUF', 'MGCOF', 'MF', 'MIR', 'MHUBF', 'MMMW', 'MKC-V', 'MKDW', 'MEVO', 'MENW', 'METCZ', 'MECPF', 'MLSPF', 'MGRD', 'MDT', 'MDLZ', 'MFAO', 'MIND', 'MGN', 'MGR', 'MG', 'MFG', 'MFA-PB', 'MEHA', 'MLECW', 'MLR', 'MKZR', 'MGM', 'MKSI', 'MEDS', 'MKL', 'MET', 'MITT', 'MITT-PC', 'MIST', 'MINE', 'MFBI', 'MGAM', 'MIRA', 'MLAAW', 'MDNAF', 'MGLD', 'MGRT', 'MITT-PB', 'MMTRS', 'MIRM', 'MLKN', 'MH', 'MITK', 'MGTX', 'MEGL', 'MDXH', 'MMTX', 'MLIZY', 'MHO', 'MED', 'MLCIL', 'MMED', 'MHK', 'MGRE', 'MDDTY', 'MGMYY', 'MIDD', 'MFM', 'MGRC', 'MIMI', 'MEOBF', 'MKTX', 'MLP', 'MMI', 'MLI', 'MDRR', 'MEVOW', 'MDU', 'MITN', 'MMTIF', 'MDWD', 'MHF', 'MIACW', 'MMEX', 'MKLY', 'MLTX', 'MHD', 'MGEE', 'MGSD', 'MKLYR', 'MFIC', 'MMD', 'MET-PF', 'MELI', 'MGHTF', 'MGHL', 'MITI', 'MDCXW', 'MESO', 'MENS', 'MEC', 'MDXG', 'MET-PA', 'MFC', 'MGYR', 'MGX', 'MHNC', 'MGTE', 'MGNX', 'METC', 'MMCP', 'MKTW', 'MDIA', 'MLM', 'MGRB', 'MIBE', 'MHLA', 'MIACU', 'META', 'MGIH', 'MMSI', 'MDY', 'MDNC', 'MMS', 'MGLBY', 'MDGL', 'MER-PK', 'MLEC', 'MGTEW', 'MGCLY', 'MIMDF', 'MEGI', 'MIAC', 'MFA', 'MEI', 'MGPI', 'MFA-PC', 'MGRX', 'MINR', 'MGY', 'MLMC', 'MGNI', 'MERC', 'MITQ', 'MIAX', 'MKAR', 'MIY', 'MMT', 'MESHU']: YFRateLimitError('Too Many Requests. Rate limited. Try after a while.')
progress 6000/10391 priced=2680 1.7min
$MMXGY: possibly delisted; no price data found  (period=5d)
$MRCL: possibly delisted; no price data found  (period=5d)

142 Failed downloads:
['MMXGY', 'MRCL']: possibly delisted; no price data found  (period=5d)
['MSOKF', 'MREO', 'MORN', 'MP', 'MTB-PJ', 'MPLX', 'MRDN', 'MTGRF', 'MS-PA', 'MOGMF', 'MNTGY', 'MSA', 'MOV', 'MSSUF', 'MOS', 'MSGY', 'MMTXU', 'MOT', 'MRLN', 'MOB', 'MRVL', 'MS-PI', 'MOBQ', 'MNYWW', 'MOBXW', 'MSUXF', 'MRSH', 'MSN', 'MSSHY', 'MOJO', 'MRZLF', 'MSOL', 'MSGS', 'MREGY', 'MTNOY', 'MNTCF', 'MNRO', 'MNPR', 'MTAK', 'MTBOY', 'MSAIW', 'MTEN', 'MNTR', 'MTAL', 'MPJPY', 'MPLT', 'MNLTF', 'MS-PQ', 'MSAI', 'MTH', 'MOVAA', 'MRCO', 'MSD', 'MSDL', 'MOMO', 'MSGM', 'MRBK', 'MPV', 'MSGE', 'MRAAF', 'MOBX', 'MOG-B', 'MNTN', 'MNR', 'MPU', 'MNKD', 'MTR', 'MPLXP', 'MTEK', 'MS-PE', 'MNY', 'MS-PP', 'MSBT', 'MTG', 'MMU', 'MNDO', 'MRNA', 'MSLE', 'MRTN', 'MTMCF', 'MOH', 'MTNE-UN', 'MMTXW', 'MTEX', 'MPT', 'MRX', 'MS-PO', 'MTNB', 'MNSB', 'MSAV', 'MTB', 'MS', 'MRPT', 'MNST', 'MMTZF', 'MSSAF', 'MTGLY', 'MNESP', 'MQY', 'MSSE', 'MRMD', 'MNUFF', 'MSCI', 'MNSO', 'MNYCY', 'MTLS', 'MSFT', 'MNZO', 'MS-PL', 'MRKR', 'MPAA', 'MNZLY', 'MRNOW', 'MSIF', 'MPA', 'MQ', 'MMYT', 'MNTK', 'MTMTY', 'MTLMY', 'MOBQW', 'MNLCF', 'MTAKU', 'MTN', 'MSB', 'MNUPF', 'MSOGF', 'MTNE-WT', 'MROSY', 'MRVI', 'MTAL-UN', 'MOVE', 'MSM', 'MTB-PL', 'MO', 'MTCH', 'MSSWF', 'MRT', 'MT', 'MPWR']: YFRateLimitError('Too Many Requests. Rate limited. Try after a while.')
progress 6200/10391 priced=2738 1.8min

163 Failed downloads:
['NANO', 'MTRL', 'NEM', 'NCV-PA', 'NCDL', 'NASC', 'NAAS', 'NEWTO', 'NBLXF', 'MUA', 'NCNA', 'NALG', 'NCZ', 'MYPS', 'NBBK', 'NBR', 'NEE-PW', 'NCEW', 'MWG', 'NDLS', 'NCSM', 'MYCB', 'NEGG', 'NBRG', 'MWH', 'NEPRY', 'NBH', 'NDMO', 'NECB', 'NAZ', 'NBTX', 'NEOVW', 'MXUBY', 'NEA', 'NAK', 'NC', 'MXC', 'MYFW', 'MYXXU', 'NAMM', 'NAFS', 'MTSI', 'NEWH', 'MYXXW', 'MYND', 'MVNC', 'MYN', 'MTTAF', 'MYGN', 'NAGE', 'NATR', 'MUZEW', 'MUFG', 'MXE', 'NBRGR', 'NCOOU', 'NATNF', 'NBXG', 'NETTF', 'NEXN', 'NAKA', 'NCPL', 'MTRN', 'MX', 'NDAQ', 'NEN', 'NBP', 'NB', 'NE', 'MUR', 'MVBF', 'NCT', 'NEE-PN', 'NAN', 'MTRX', 'NEU', 'NCA', 'MTZ', 'NELR', 'MZYX', 'MWYN', 'NAT', 'NESR', 'NE-WTA', 'MWAI', 'NBTB', 'MVCO', 'MTUS', 'NAMI', 'MZYX-UN', 'MUZE', 'NCIQ', 'NCLH', 'NEOV', 'NCV', 'NEPH', 'NERV', 'NCOOR', 'NCRA', 'MU', 'NAMMW', 'NAUT', 'NCMI', 'NCOOW', 'MZTI', 'NEON', 'NEUP', 'NCL', 'MYRG', 'MYSE', 'NBRGU', 'NCZ-PA', 'NE-WT', 'MYE', 'MTTCF', 'NBB', 'NCSYF', 'NEXHY', 'NAPD', 'MTX', 'MXL', 'NBIS', 'NARA', 'NEWTG', 'MXCT', 'NATL', 'NDSN', 'NA', 'NEXRW', 'MUYNY', 'NCLTF', 'NEUT', 'MTWO', 'NEXCF', 'NAVI', 'NCO', 'MVIS', 'NDEKF', 'MWA', 'NEMCL', 'NCRRP', 'NEWT', 'NEE-PV', 'NAVN', 'MXUGF', 'MWC', 'NCNO', 'MTVA', 'NEOG', 'NEUC', 'NAMSW', 'NAMS', 'NCAUF', 'MUJ', 'MUZEU', 'MYXXR', 'NBKBY', 'NDRA', 'NATH', 'MYI', 'NEO', 'NEE', 'NBND']: YFRateLimitError('Too Many Requests. Rate limited. Try after a while.')
progress 6400/10391 priced=2775 1.8min
$NNRGF: possibly delisted; no price data found  (period=5d)

162 Failed downloads:
['NORT', 'NPB', 'NMZ', 'NOVT', 'NHPBP', 'NNFSF', 'NMKCP', 'NPACU', 'NICHX', 'NHTC', 'NGGTF', 'NHIC', 'NPFD', 'NNPEF', 'NRGFF', 'NONOF', 'NLST', 'NPKI', 'NIPG', 'NPT', 'NRDE', 'NHICW', 'NNOX', 'NPK', 'NROM', 'NMI', 'NNY', 'NMS', 'NFJ', 'NRIX', 'NHLTY', 'NMG', 'NNE', 'NOEM', 'NPWR-WT', 'NPEHF', 'NMEX', 'NOTEW', 'NKLR', 'NIOIF', 'NICE', 'NGVC', 'NHIV', 'NMM', 'NKTP', 'NOW', 'NMRA', 'NOBH', 'NLY', 'NPCE', 'NPHC', 'NPIXY', 'NNNN', 'NHPAP', 'NRGD', 'NMPAR', 'NRHI', 'NKTR', 'NGG', 'NOEMU', 'NNDM', 'NIOBW', 'NMPGY', 'NIKI', 'NOEMR', 'NONE.', 'NPIFF', 'NGL-PC', 'NKX', 'NFLX', 'NPV', 'NGXXF', 'NGCG', 'NMFCZ', 'NGHI', 'NGL-PB', 'NRDY', 'NIHK', 'NNBXF', 'NOAH', 'NFGC', 'NL', 'NOA', 'NMHIW', 'NMHI', 'NOV', 'NHS', 'NKGFF', 'NRIM', 'NHKGF', 'NHC', 'NMPWP', 'NGHLF', 'NNAX', 'NMIH', 'NOG', 'NPRFF', 'NRK', 'NRC', 'NPAC', 'NIU', 'NRIS', 'NRGV', 'NRDS', 'NIXX', 'NIKA', 'NFE', 'NIVF', 'NKSH', 'NOFCF', 'NGEN', 'NORD', 'NHIVW', 'NOMD', 'NHI', 'NHFOF', 'NREF', 'NFG', 'NKTX', 'NGSCF', 'NMPRY', 'NP', 'NHKSY', 'NIM', 'NRGU', 'NIE', 'NRO', 'NMTC', 'NRG', 'NIQ', 'NHP', 'NNWWF', 'NMCPF', 'NLY-PJ', 'NNN', 'NMAX', 'NG', 'NHICU', 'NMP', 'NPCT', 'NPPXF', 'NML', 'NHFLF', 'NMFC', 'NOTE', 'NICH', 'NMPAU', 'NOVTU', 'NPACW', 'NIVFW', 'NGCOY', 'NPLY', 'NMAD', 'NNI', 'NMKBP', 'NOKBF', 'NREF-PA', 'NICM', 'NODK', 'NHIVU', 'NN']: YFRateLimitError('Too Many Requests. Rate limited. Try after a while.')
['NNRGF']: possibly delisted; no price data found  (period=5d)
progress 6600/10391 priced=2813 1.8min
$NVACW: possibly delisted; no price data found  (period=5d)
$NTCS: possibly delisted; no price data found  (period=5d)

147 Failed downloads:
['NVACW', 'NTCS']: possibly delisted; no price data found  (period=5d)
['NSNFY', 'NUAIW', 'NTRB', 'NVAX', 'NTIC', 'NXT', 'NVSGF', 'NRSAX', 'NTPIF', 'NXTT', 'NXNT', 'NUVI', 'OAK-PA', 'NUAI', 'NVVE', 'NSTM', 'OAKC', 'NSYS', 'OBTC', 'OAK-PB', 'NWAX-WT', 'NUR', 'OBAWW', 'NRT', 'NVEC', 'NWPP', 'OBCKF', 'NXRT', 'NYT', 'NRUC', 'NULGF', 'OBAI', 'NUCL', 'NXP', 'NWFL', 'NWSGY', 'NWGL', 'NVNI', 'NTZ', 'NVRI', 'NU', 'NTWK', 'NXGLW', 'NXG', 'NVGS', 'OBOCY', 'NWBI', 'NTHI', 'NTWOU', 'OACC', 'NXPGY', 'NUMD', 'NVG', 'NTRR', 'OBAWU', 'NTIP', 'OABI', 'OACCU', 'NXTS', 'OCAC-UN', 'NWCL', 'NUWE', 'OBIO', 'NVNIW', 'NXNVW', 'NUV', 'NWSLL', 'NTRX', 'NVA-WT', 'NWN', 'NXE', 'NRSCF', 'NX', 'NSAIU', 'NXPL', 'NSPR', 'NTCL', 'NXPI', 'NWPX', 'NUOX', 'NVGLF', 'NTNX', 'NSAI', 'OCAC-WT', 'NVX', 'OBNK', 'NUCLW', 'NUS', 'NWAX', 'NVTS', 'OBT', 'OACCW', 'NVST', 'NTRS', 'NXDR', 'NTRSO', 'OCAC-RI', 'NVR', 'OBBCY', 'NUVB', 'NRSN', 'NSSC', 'NXDT', 'NRRSF', 'NWBO', 'OCC', 'NWE', 'NZERF', 'OBA', 'NTRBW', 'NXPGF', 'OBDC', 'NSURF', 'NTMJ', 'NTWO', 'NSARO', 'NTCMY', 'OC', 'NSIT', 'NTGR', 'NTB', 'OBIIF', 'NVCT', 'NYXH', 'NVNO', 'OBIBF', 'NSLRL', 'NSC', 'NYB', 'NWCYY', 'NVO', 'NTAP', 'NXDT-PA', 'NSP', 'NXMH', 'NXB', 'NXTC', 'NSKFF', 'NRXP', 'NRRWF', 'NUTX', 'NXL', 'NWTG', 'NWSA', 'NZAUF']: YFRateLimitError('Too Many Requests. Rate limited. Try after a while.')
progress 6800/10391 priced=2866 1.9min
$OPADW: possibly delisted; no price data found  (period=5d)
$OSOL: possibly delisted; no price data found  (period=5d)

160 Failed downloads:
['OPADW', 'OSOL']: possibly delisted; no price data found  (period=5d)
['ODRS', 'OPTXW', 'OMEX', 'ORKT', 'ORI', 'ORMP', 'OIMAW', 'OIMAU', 'ONFOP', 'ONCH', 'ODKUY', 'OTAI-RI', 'OPEN', 'ORA', 'ORCRY', 'OCG', 'ORNJY', 'ODYY', 'OPTX', 'OPENL', 'ORIQU', 'OCSAW', 'OEC', 'OPP-PA', 'OP', 'OCGN', 'OPP-PB', 'OIO', 'OCUL', 'OMCC', 'OLP', 'ONON', 'OPTH', 'OCLTU', 'OSCUF', 'ORC', 'OKLO', 'OPK', 'OFAL', 'ORANY', 'ORISF', 'OSBK', 'ODFL', 'OCFC', 'OKYO', 'OCLN', 'OPRX', 'OSOPF', 'OSCR', 'ONDS', 'OPXS', 'OII', 'ONCO', 'OMH', 'OSBC', 'OKTA', 'OPTU', 'OGG', 'OCTLF', 'ONL', 'OM', 'OGS', 'OPPPF', 'ONCHU', 'OLN', 'OFSSH', 'OCLT', 'OHACR', 'OGCP', 'OPAL', 'OMER', 'OGN', 'OGE', 'ONBPP', 'OCCIM', 'ODD', 'OSTX', 'OPENZ', 'OSPN', 'OCS', 'OFSSO', 'OHACU', 'OLMA', 'ONEG', 'OIOWW', 'OOMA', 'OPNHY', 'OMSE', 'OCCIN', 'OPHC', 'ORBS', 'OFG', 'OMAB', 'OGC', 'OPRT', 'ONEI', 'OSRHW', 'OLB', 'OMF', 'OGGWZ', 'ORCL', 'ODTX', 'OLOX', 'ONBPO', 'ONT', 'ORIB', 'ONB', 'ONAR', 'OCCI', 'OIA', 'OPBK', 'ONMD', 'OKMN', 'OLOXF', 'ONIT', 'ONCY', 'OPCH', 'OPLN', 'ONEW', 'OFIX', 'OSUR', 'OPI', 'OPENW', 'OCSL', 'OCGSF', 'OTEX', 'OSW', 'OILU', 'ONFOW', 'OR', 'OI', 'ODC', 'OPY', 'ORESF', 'OIM', 'OPRA', 'ORGJF', 'OTAI', 'OPAD', 'OPFI', 'OKE', 'ONFO', 'ONCHW', 'ORIQW', 'OGEN', 'OIS', 'OSPR', 'OESX', 'OKUR', 'OSDVF', 'OPP', 'OMDA', 'OCTV', 'ORN', 'ORLY', 'OSPRW', 'ONWRF', 'OFS']: YFRateLimitError('Too Many Requests. Rate limited. Try after a while.')
progress 7000/10391 priced=2906 1.9min

81 Failed downloads:
['PAAPU', 'PAAC', 'PEB-PF', 'PDPA', 'PECE', 'PEB-PH', 'PCQ', 'PCPPF', 'PCG-PG', 'PDSRX', 'PAASF', 'OZKAP', 'PCTBP', 'OZK', 'PALL', 'OWSCX', 'PBK', 'OXSQ', 'PAYX', 'PAACU', 'PCF', 'PEBO', 'PATH', 'OXLCZ', 'OWPC', 'OVV', 'PAYC', 'PCAI', 'PBPRF', 'PCG-PB', 'PAYD', 'PACK', 'PBR-A', 'PAIYY', 'PALX', 'OTGAU', 'PAR', 'PBHC', 'PCAPW', 'PARAW', 'PAVM', 'OXBRW', 'OXY-WT', 'PCG-PX', 'OTGLF', 'PBLS', 'PDI', 'PALO', 'OZSC', 'PBT', 'PAXS', 'PDEX', 'PAGS', 'PAII', 'PEB-PE', 'PAACW', 'OYSE', 'PAEXY', 'PBNNF', 'OVLY', 'OTGAW', 'PBRRY', 'PBI-PB', 'PCAPU', 'PCAR', 'PACB', 'PCPGY', 'PASG', 'PACHW', 'OUST', 'PALI', 'PARA', 'PDM', 'OXSQG', 'PBNAF', 'OXLCM', 'OWL', 'PDX', 'PAX', 'PBMWW', 'P']: YFRateLimitError('Too Many Requests. Rate limited. Try after a while.')
progress 7200/10391 priced=3025 2.0min

192 Failed downloads:
['PGIM', 'PMVC', 'PFSB', 'PLMKU', 'PMT-PC', 'PLYX', 'PFN', 'PLRX', 'PLCIR', 'PHM', 'PLXS', 'PEXZF', 'PEGA', 'PGAC', 'PHYS', 'PFGC', 'PIAC', 'PFG', 'PEW', 'PEN', 'PHVS', 'PFX', 'PGZ', 'PMVP', 'PETS', 'PLGO', 'PKX', 'PMT-PB', 'PGP', 'PFD', 'PLSH', 'PED', 'PIFMF', 'PIIIW', 'PHTCF', 'PNFP-PA', 'PLUT', 'PNNT', 'PLCKF', 'PETV', 'PFHO', 'PLNH', 'PHIN', 'PG', 'PMFAX', 'PLDGP', 'PFH', 'PMMCF', 'PKBK', 'PHAR', 'PMA', 'PHAX', 'PLX', 'PGEN', 'PMTR', 'PEPG', 'PNFP-PB', 'PGOL', 'PLCIU', 'PLAG', 'PNC', 'PFO', 'PMM', 'PFE', 'PGACR', 'PLUN', 'PHXE-P', 'PINE-PA', 'PLUN-RI', 'PINWF', 'PEP', 'PKG', 'PITAF', 'PFAI', 'PGC', 'PHAT', 'PETZ', 'PENN', 'PLTK', 'PFLT', 'PLTYF', 'PML', 'PHOE', 'PERI', 'PMCB', 'PHUN', 'PLMKW', 'PMTS', 'PMHS', 'PLTS', 'PMVCW', 'PLPC', 'PINXF', 'PI', 'PFBX', 'PEVM', 'PLG', 'PK', 'PLBY', 'PL', 'PLNT', 'PNFP-PC', 'PEW-WT', 'PNMXO', 'PICS', 'PFSI', 'PFL', 'PHG', 'PECO', 'PERFF', 'PMT-PA', 'PN', 'PLSAY', 'PFFL', 'PMTU', 'PMMBF', 'PEG', 'PKOH', 'PHD', 'PNPNF', 'PHNMF', 'PLAY', 'PMO', 'PLMK', 'PECEU', 'PGR', 'PKTX', 'PFSA', 'PHI', 'PLAB', 'PNAQ-UN', 'PECEW', 'PIM', 'PFIS', 'PMT', 'PHR', 'PINE', 'PMN', 'PFSTY', 'PMTW', 'PMEC', 'PHK', 'PLMR', 'PENG', 'PLUN-UN', 'PMTRU', 'PESI', 'PGZFF', 'PEO', 'PLSE', 'PLRZ', 'PFS', 'PNDRY', 'PLCE', 'PMNT', 'PNAQ', 'PFXNZ', 'PMTV', 'PGACU', 'PLBL', 'PMBPF', 'PHOS', 'PLTM', 'PH', 'PMAX', 'PFLA', 'PLTR', 'PIRBF', 'PLCI', 'PGY', 'PHCI', 'PHGE', 'PHIO', 'PLLMF', 'PLD', 'PLBC', 'PNDZF', 'PINS', 'PMTRW', 'PNIG', 'PFSEF', 'PLUG', 'PLUR', 'PLUS', 'PMI', 'PERF', 'PNFP', 'PNI', 'PLSM', 'PLOW', 'PM', 'PKE']: YFRateLimitError('Too Many Requests. Rate limited. Try after a while.')
progress 7400/10391 priced=3033 2.0min

195 Failed downloads:
['PRXA', 'PSBAF', 'PSA-PO', 'PRFX', 'PSQLW', 'PULM', 'PSA-PT', 'PSA-PU', 'POLEW', 'PRNCF', 'PUKPF', 'PRGO', 'PRIF-PK', 'PSA-PN', 'PR', 'PTORW', 'PSA-PL', 'PRKA', 'PSTL', 'PSYCF', 'PSA', 'PREJF', 'PPC', 'PSFE', 'PRTA', 'PRSO', 'PTACU', 'PNSB', 'PRIM', 'POWI', 'PSQL', 'PRTS', 'PSHG', 'PTORU', 'PONOU', 'PTRN', 'PRBZF', 'PTAC', 'PRM', 'PPENF', 'PNRG', 'PTXAF', 'PUIGF', 'PSUS', 'PRIF-PD', 'PONOR', 'PSQH-WT', 'PRT', 'PPSI', 'PSIG', 'PSA-PK', 'PTIX', 'PROK', 'PS', 'PRE', 'PTCHF', 'PSEC', 'PSA-PQ', 'PPTA', 'PRRUF', 'PRSU', 'PTLE', 'PRCT', 'PTOS', 'PPT', 'PRTH', 'POCH', 'PSX', 'PUK', 'PRPH', 'PNW', 'POLE', 'PNTG', 'PTT', 'PSORF', 'PSLV', 'PRS', 'POLEU', 'PTA', 'PRYMF', 'POWMF', 'PTACW', 'PSA-PG', 'PTEN', 'PRSI', 'PRENW', 'PTC', 'POST', 'PSTEY', 'PRAX', 'POWL', 'PTCT', 'POOL', 'POAHF', 'PRKR', 'PTGX', 'PRME', 'PUMP', 'POM', 'POET', 'PSA-PJ', 'PTY', 'PPL', 'PTAXY', 'PSN', 'PSO', 'PTFRF', 'PONO', 'POWW', 'PSA-PH', 'PSQH', 'PRLB', 'PUBM', 'PSMT', 'PRKS', 'PSA-PR', 'PRAA', 'PONY', 'PSA-PF', 'POLA', 'POAS', 'PSF', 'PSNYW', 'PTN', 'PRK', 'PSKY', 'PRDO', 'PRPL', 'PTHRF', 'PSRHF', 'PODC', 'PPIH', 'PRSKY', 'PSPX', 'PTOR', 'PUGBY', 'PRBRY', 'PNYG', 'PRH', 'PPLI', 'PRHIZ', 'POWWP', 'PROV', 'PSA-PS', 'PODD', 'PPURF', 'PTXKY', 'PSEC-PA', 'PRQR', 'PNXP', 'PPLC', 'PRMB', 'PRG', 'PTWRY', 'PSA-PI', 'PTHS', 'PSNY', 'PRPO', 'PRU', 'PRVA', 'PREKF', 'PPLAF', 'PSNL', 'PRLD', 'PTMSY', 'PPLOF', 'PTON', 'PRGS', 'PTPI', 'PRHI', 'PPLT', 'PRTHU', 'POCI', 'PUBC', 'PRCH', 'PREM', 'PTCCY', 'PTCO', 'PRLG', 'POR', 'PRTCY', 'PSA-PM', 'PSKRF', 'PRI', 'PPHC', 'PSBTY', 'PRZO', 'PPCB', 'PSBD', 'PRNAF', 'POSC', 'PSIX', 'PROP', 'PPG', 'PPBT']: YFRateLimitError('Too Many Requests. Rate limited. Try after a while.')
progress 7600/10391 priced=3038 2.0min
$RADC: possibly delisted; no price data found  (period=5d)
$QTIWW: possibly delisted; no price data found  (period=5d)
$QADRW: possibly delisted; no price data found  (period=5d)
$PYAIF: possibly delisted; no price data found  (period=5d)
$QSP: possibly delisted; no price data found  (period=5d)

123 Failed downloads:
['QFNHF', 'RECCY', 'RDACU', 'RBKB', 'RAC-WT', 'QLYS', 'RDVT', 'RDZN', 'RDACR', 'PXED', 'RCD', 'RCS', 'RACD', 'QMCO', 'QTTB', 'RC-PC', 'RCUS', 'RAKR', 'RCAT', 'RAASY', 'QH', 'QS', 'RBTK', 'QUAD', 'RBCAA', 'REA', 'RAC-UN', 'RDI', 'RDEXF', 'QSEAU', 'QQQ', 'QLEP-WT', 'RAYA', 'RCL', 'RAPH', 'RCT', 'PYPL', 'QIND', 'RDN', 'QMCI', 'RANG', 'RACE', 'QCOM', 'RCWLY', 'RDAR', 'RDIB', 'RARE', 'RDNT', 'RAIL', 'QNRX', 'QTWO', 'PXLW', 'QNBC', 'RBOT', 'PWCM', 'QUMSR', 'RCMT', 'QRED-UN', 'QNC', 'RAVE', 'PZZA', 'QTRX', 'PVOZ', 'RBB', 'PZG', 'RDGT', 'RDCT', 'RC', 'PURR', 'RC-PE', 'PYPD', 'RAINW', 'RCWBY', 'RDSC', 'RDHL', 'QZMRF', 'QCLS', 'PYYX', 'QVCG', 'PYRGF', 'QETH', 'QTZM', 'RDDT', 'RACC', 'QTEX', 'PVIT', 'QRED', 'RANGR', 'QUMS', 'RAJAF', 'RDY', 'QXL', 'RDZNW', 'QNTM', 'QXO-PB', 'RDAC', 'PWRL', 'RDWR', 'PYXS', 'QADRU', 'QRHC', 'QNME', 'PYT', 'RDAG', 'RBBN', 'QLEP', 'QSEP', 'QSEA', 'RADX', 'RAC', 'RAIN', 'RBNE', 'QSJC', 'RDPTF', 'RAND', 'RAPP', 'QUIK', 'RA']: YFRateLimitError('Too Many Requests. Rate limited. Try after a while.')
['RADC', 'QTIWW', 'QADRW', 'PYAIF', 'QSP']: possibly delisted; no price data found  (period=5d)
progress 7800/10391 priced=3115 2.1min
$RNWWW: possibly delisted; no price data found  (period=5d)

117 Failed downloads:
['RNWWW']: possibly delisted; no price data found  (period=5d)
['RNAQ', 'RML', 'RHNO', 'REKR', 'REED', 'RILYG', 'RILYT', 'RHLD', 'RF-PC', 'RFIL', 'RIG', 'RKTO', 'RITM-PC', 'RNAQU', 'REF', 'RMM', 'RIGL', 'RITM', 'RMSG', 'RNGOF', 'RFM', 'RGP', 'RF-PF', 'RNGC', 'RELX', 'ROG', 'RHEPA', 'ROKU', 'RLJ-PA', 'REEMF', 'RLBY', 'ROIV', 'RILYL', 'RMCOW', 'RLGT', 'RKAM', 'RGTI', 'RITM-PB', 'RNG', 'RENXF', 'RIO', 'RFAMU', 'RMAX', 'REEWF', 'RGBPP', 'RNGTW', 'REYN', 'REOS', 'RERE', 'RNXT', 'RHEP', 'RL', 'RMGL', 'REEAF', 'RENGY', 'REXR-PC', 'RMT', 'RITM-PD', 'RLJ', 'RKHNF', 'RMTHF', 'RLYB', 'RNGR', 'RF', 'RIV', 'REI', 'RMTI', 'RH', 'RFAI', 'RHI', 'RLI', 'RKGRY', 'RNW', 'RMIX', 'RECX', 'ROK', 'RGAKF', 'RGKUY', 'RIV-PA', 'RES', 'RNGTU', 'RLX', 'RLFTY', 'RM', 'RHP', 'RNR', 'REDW', 'RIME', 'RETO', 'RGEN', 'RKWBF', 'RHDTY', 'RMCO', 'RENT', 'RFAM', 'RLAY', 'RMSL', 'RITM-PF', 'RIBB', 'RLXXF', 'RNGE', 'RIOT', 'RHEPZ', 'RIV-RW', 'RLNDF', 'REPX', 'ROC', 'REXR', 'RMTG', 'RNTX', 'RITM-PA', 'RIOFF', 'RMBI', 'REXR-PB', 'RENX', 'REVBW']: YFRateLimitError('Too Many Requests. Rate limited. Try after a while.')
progress 8000/10391 priced=3198 2.1min
$SBIGW: possibly delisted; no price data found  (period=5d)

149 Failed downloads:
['SBIGW']: possibly delisted; no price data found  (period=5d)
['SAPUY', 'RUIH', 'RTGN', 'RVTY', 'RWAYL', 'SB', 'SAMO', 'RSRV', 'SBCLY', 'SBDS', 'RYLBF', 'RRX', 'RSGLF', 'SAIHW', 'SAX', 'SAC', 'SBEV', 'RYN', 'RWTO', 'ROMJF', 'SAMO-WT', 'SAFX', 'RTB', 'ROZE', 'SAGT', 'SAC-UN', 'RWAX', 'ROYL', 'RYDE', 'RPRX', 'RQI', 'RZLVW', 'RVSN', 'SACH', 'RPGL', 'RSI', 'RSF', 'RUM', 'SBGI', 'RYTM', 'SBCF', 'SAIQ', 'SAC-WT', 'RXRX', 'RPT', 'RTX', 'S', 'RWDMU', 'RPD', 'RPC', 'RYAOF', 'RPMT', 'RPAY', 'RXT', 'RVII', 'SAIC', 'SAPIF', 'RZLV', 'SBET', 'SATT', 'SAJ', 'RUN', 'RRGB', 'RPID', 'RWTQ', 'RVT', 'RRC', 'RVMD', 'RREVW', 'RUMBW', 'SAAQ', 'SABSW', 'SATL', 'SAP', 'RWT', 'SAIA', 'ROL', 'RUSHB', 'SATLF', 'SAM', 'SAH', 'SBFG', 'RXO', 'RSMDF', 'RSSS', 'SAFT', 'SAGU', 'SAXPF', 'RSMXF', 'RTO', 'ROP', 'SAAQW', 'RYES', 'SAAQU', 'RWTP', 'RSG', 'SBI', 'RR', 'SBCWW', 'RZLT', 'SAPGF', 'SAGU-RI', 'RYM', 'RVPH', 'RY', 'SAGU-WT', 'SAV', 'SBIG', 'SBFM', 'SBH', 'RYET', 'RVI', 'RWTS', 'SABR', 'RUBI', 'RPDL', 'SB-PC', 'RTACU', 'RVP', 'SBKLF', 'RTAC', 'RYOOF', 'RRR', 'RYLPF', 'SAGU-UN', 'SB-PD', 'SAMG', 'RYAAY', 'RPT-PC', 'SAR', 'RREV', 'RS', 'RSMIY', 'RPGRF', 'RREVU', 'ROOT', 'RTNTF', 'RSKIA', 'SAFE', 'RYOJ', 'RTACW', 'RUSHA', 'RRBI', 'SAIH', 'SARO', 'RTPPF', 'SAZ', 'SANA']: YFRateLimitError('Too Many Requests. Rate limited. Try after a while.')
progress 8200/10391 priced=3249 2.2min

163 Failed downloads:
['SHAZW', 'SCAT', 'SCLXW', 'SETO', 'SCATU', 'SGIHY', 'SCAGW', 'SHILY', 'SFST', 'SHGI', 'SEED', 'SF-PD', 'SF-PB', 'SCD', 'SHNTY', 'SCE-PN', 'SGU', 'SCE-PM', 'SEB', 'SFBS', 'SFDMF', 'SBMW', 'SDSTW', 'SFBC', 'SEER', 'SESCW', 'SDCO', 'SHEN', 'SBXE-UN', 'SGMOQ', 'SERV', 'SHC', 'SFM', 'SCIIU', 'SEPSF', 'SFRX', 'SDOT', 'SGMT', 'SCCO', 'SHAK', 'SCTH', 'SEAL-PB', 'SCAG', 'SEG', 'SCCD', 'SFGRF', 'SBOEF', 'SDHI', 'SHMD', 'SCE-PG', 'SEPN', 'SERA', 'SCBXY', 'SBXD', 'SCOP', 'SFCX', 'SCSC', 'SCXBF', 'SDHY', 'SBRA', 'SCHW', 'SDRL', 'SGIOF', 'SCCF', 'SCLX', 'SCND', 'SHLS', 'SGP', 'SGLD', 'SFDMY', 'SG', 'SBXD-UN', 'SFNC', 'SHEL', 'SGRY', 'SBYSF', 'SGRP', 'SFES', 'SGA', 'SCAFF', 'SBUX', 'SEAH', 'SCNI', 'SEATW', 'SENEL', 'SFWJ', 'SBMFF', 'SGST', 'SCPQ', 'SCNX', 'SBS', 'SFB', 'SGI', 'SER', 'SCO', 'SFIX', 'SBSI', 'SFTBF', 'SFGYY', 'SCHL', 'SCIIR', 'SCHW-PD', 'SDMHF', 'SFDL', 'SFHG', 'SDAWW', 'SBXE', 'SCYX', 'SF-PC', 'SHIP', 'SDHIU', 'SDCH', 'SCTSF', 'SCCG', 'SELF', 'SEZL', 'SGLA', 'SBXD-WT', 'SCCE', 'SGHT', 'SDSYA', 'SCM', 'SGHC', 'SHO-PH', 'SDST', 'SHMZF', 'SEQC', 'SENEA', 'SEI', 'SDEV', 'SCZM', 'SHMXY', 'SENEB', 'SHIM', 'SENS', 'SCMWY', 'SENEM', 'SGOL', 'SCRNY', 'SGBAF', 'SEDG', 'SELXF', 'SCIA', 'SCPQU', 'SD', 'SHAZ', 'SBLK', 'SCI', 'SHNY', 'SCL', 'SCGX', 'SEGG', 'SHG', 'SDA', 'SFWL', 'SCII', 'SFBQF', 'SE', 'SEAL-PA', 'SES', 'SCYYF', 'SHMDW', 'SGPIY']: YFRateLimitError('Too Many Requests. Rate limited. Try after a while.')
progress 8400/10391 priced=3286 2.2min

200 Failed downloads:
['SIGY', 'SHOE', 'SLNHP', 'SITKF', 'SKVI', 'SLGB', 'SMR', 'SNDR', 'SIDU', 'SMNRW', 'SIEB', 'SLF', 'SNDA', 'SMTI', 'SLQT', 'SNFI', 'SN', 'SNIRF', 'SNDX', 'SLND-WT', 'SLOIF', 'SLMBP', 'SJT', 'SHOTR', 'SNPW', 'SLFPF', 'SKLTF', 'SMTC', 'SLB', 'SMP', 'SNPMF', 'SITE', 'SMTK', 'SM', 'SNAL', 'SIVR', 'SLBK', 'SLRC', 'SMG', 'SLND', 'SKIL', 'SHO-PI', 'SKKY', 'SNA', 'SNEJF', 'SIAI', 'SLNG', 'SLFIF', 'SKPJF', 'SMTOY', 'SHOT', 'SKYW', 'SKBBY', 'SMHU', 'SIRI', 'SIMAU', 'SKWD', 'SMERY', 'SMRT', 'SICOF', 'SLAIY', 'SIREF', 'SLDPW', 'SLTN', 'SNEX', 'SNEVY', 'SIGA', 'SKHY', 'SMBC', 'SLGN', 'SNFCA', 'SLMT', 'SLG-PI', 'SMHI', 'SKUB', 'SKAI', 'SKYE', 'SNN', 'SIMA', 'SHPH', 'SLDC', 'SMNR', 'SIMAW', 'SLP', 'SKE', 'SLN', 'SMWB', 'SIGEY', 'SLGL', 'SIAMY', 'SLSR', 'SILO', 'SLVM', 'SINI', 'SNOW', 'SNROF', 'SNNRF', 'SLDE', 'SLG', 'SITM', 'SKIN', 'SKK', 'SKYAW', 'SMJF', 'SICCY', 'SNSC', 'SI', 'SNBRQ', 'SLXNW', 'SLFQF', 'SNGX', 'SLI', 'SMPHY', 'SIBN', 'SKY', 'SNNGF', 'SLXN', 'SLDB', 'SMCIP', 'SKTG', 'SLNH', 'SMA', 'SKM', 'SLBT', 'SIFY', 'SNNUF', 'SMSI', 'SMFNF', 'SLSN', 'SLAB', 'SMBK', 'SKYI', 'SMID', 'SIMO', 'SMSOF', 'SLV', 'SNAP', 'SITC', 'SMEGF', 'SILC', 'SMXT', 'SNDL', 'SIG', 'SMFSY', 'SLNCF', 'SLE', 'SITS', 'SKYX', 'SMSGY', 'SKT', 'SNHIY', 'SHOO', 'SMFG', 'SND', 'SNBH', 'SKFG', 'SIGI', 'SKYQ', 'SINT', 'SKYA', 'SIM', 'SLVO', 'SMFRF', 'SLFPY', 'SMTOF', 'SIF', 'SNRG', 'SMPL', 'SHOTU', 'SNDK', 'SNOA', 'SHOP', 'SION', 'SILEF', 'SII', 'SIGIP', 'SMGSY', 'SNES', 'SNNF', 'SKAS', 'SMCI', 'SMMT', 'SMDRF', 'SMHB', 'SHW', 'SNPS', 'SID', 'SMXWW', 'SNROY', 'SKYH-WT', 'SJ', 'SIND', 'SLDP', 'SLM', 'SKYH', 'SJM', 'SMC', 'SMOFF', 'SLS', 'SMX']: YFRateLimitError('Too Many Requests. Rate limited. Try after a while.')
batch 8400 empty

200 Failed downloads:
['SRE', 'SORN', 'SPGH', 'SPRU', 'SPIR', 'SRL', 'SRGZ', 'STC', 'SNTUF', 'SPAI', 'SOUL', 'SOAR', 'SQFT', 'SNWV', 'SR', 'SPEGU', 'SNTL', 'SRFM', 'SRXH', 'SOHGF', 'SSP', 'SREA', 'SPAUF', 'SOCAU', 'SPOT', 'SSRM', 'SOMN', 'SSRLY', 'SRJN', 'SSEAR', 'SNY', 'SONM', 'SSAC', 'STAG', 'SNTG', 'SPGNY', 'STEP', 'SPST', 'SPPL', 'SRGXF', 'SOBR', 'SNX', 'SPTX', 'SPRC', 'SOUD', 'SSYS', 'STEK', 'SONG', 'SRGBF', 'SPHR', 'SPFI', 'SON', 'SOLS', 'SSRGF', 'SRAD', 'SRI', 'SOYB', 'SONX', 'SORNW', 'SPEG', 'SOJC', 'SOLV', 'SSHBY', 'SOGP', 'SPXC', 'SSTPW', 'SPEGR', 'SPCB', 'SRBEF', 'STEM', 'SPT', 'SPRB', 'SPME', 'SPRO', 'SPGDF', 'SNUS-PI', 'SQNS', 'ST', 'STE', 'SRRE', 'SOFI', 'SPMC', 'SPSC', 'SOHGY', 'SSTK', 'SSMR', 'SPG', 'SPKLW', 'SRKZF', 'SNUS-PH', 'SPXSF', 'SOARW', 'SOEZ', 'SSEAU', 'SRMX', 'SPE', 'SQFTP', 'SNYNF', 'SOS', 'SOPH', 'SORNU', 'STBA', 'SPNT', 'SPPP', 'SPMEF', 'SNT', 'SPKL', 'STDN', 'STCB', 'SPXX', 'SRG-PA', 'SOUNW', 'SOHU', 'SOAGY', 'SRCRF', 'SPOWF', 'SNTI', 'SSD', 'SOR', 'SSII', 'SPOK', 'SSACR', 'SPB', 'SSEA', 'SSHT', 'SPND', 'SOJE', 'SSVFF', 'SPIWF', 'SST', 'SPTJF', 'SNYR', 'SPRS', 'SRTS', 'SRPT', 'SPY', 'SSGC', 'SPGI', 'SOPAQ', 'SOJD', 'SOJF', 'SPWH', 'SPHIF', 'STAI', 'SQFTW', 'SRG', 'SRCO', 'SRTA', 'SPQS', 'SOWG', 'SPIIY', 'SPWR', 'SPRY', 'SSB', 'SQM', 'SODI', 'SOTK', 'SRRK', 'STA', 'SPE-PC', 'SNTW', 'SO', 'SOCA', 'SSTI', 'SPKLU', 'STAK', 'SPFX', 'SOBO', 'SPCE', 'SPWRW', 'SPHXF', 'SRBK', 'SSNC', 'SRCE', 'SPG-PJ', 'SPMA', 'SRV', 'SSL', 'SOC', 'SSACU', 'SRLZF', 'SPCX', 'SONO', 'SPHL', 'SPH', 'SORA', 'SRZN', 'SOLC', 'STCK', 'SOUL-UN', 'SOCAW', 'SPTY', 'SSACW', 'SSEBF', 'SOUL-RI', 'SOUN', 'SONY', 'SPNV', 'SSM', 'STAA']: YFRateLimitError('Too Many Requests. Rate limited. Try after a while.')
batch 8600 empty

200 Failed downloads:
['SYF-PA', 'SWBI', 'STLNW', 'TAIT', 'TAOP', 'SXTEY', 'SVBL', 'STRD', 'SYAXF', 'SWDS', 'TAAG', 'SVAUF', 'TAP', 'SWVLW', 'SWCPF', 'STWD', 'STRA', 'SVCCU', 'SVREW', 'SURDF', 'SYGCF', 'STM', 'STX', 'SWK', 'STRR', 'SVNDF', 'STOK', 'SUPN', 'SUZ', 'SVV', 'SWKHL', 'SVIVU', 'SVIX', 'SXGCF', 'SZZLU', 'SUPV', 'STRT', 'T', 'STLE', 'SWX', 'SVYSF', 'STRG', 'SUMAU', 'SVAQW', 'TANAF', 'TARA', 'TAC', 'SZZLR', 'STLN', 'SWVL', 'SXC', 'STNG', 'SWKS', 'STOHF', 'SYTN', 'SVA', 'SVXY', 'SVCO', 'SXZTY', 'T-PA', 'SXI', 'SWAGW', 'SUIG', 'SWAG', 'TACOU', 'STNDF', 'SUIS', 'SVAQ', 'SXTC', 'SWBKY', 'TACOW', 'SUMAR', 'STWI', 'STKH', 'SUJA', 'SUMA', 'SVRSF', 'SUNC', 'SXT', 'STG', 'SYRA', 'SYRE', 'SVNHF', 'SWDR', 'STIM', 'SVUHF', 'SVUWF', 'SY', 'STSUF', 'SYBT', 'STRZ', 'TAGS', 'STHO', 'SWZ', 'SVM', 'SUIC', 'TACH', 'TANH', 'SVICY', 'STRO', 'STRW', 'SUGP', 'STT', 'STKS', 'TARSF', 'STLA', 'SZZL', 'TAOX', 'SUPX', 'STLRF', 'STZ', 'SVRE', 'STVN', 'SYF', 'STME', 'SUGRF', 'TACO', 'STTK', 'SWZCF', 'STSR', 'STN', 'TALMF', 'STRF', 'STLY', 'SVRA', 'SYY', 'STSBF', 'SWMR', 'TARS', 'STI', 'SYPR', 'STQN', 'STEX', 'STJNY', 'STRRP', 'SYBX', 'SWIM', 'STRS', 'STGW', 'SYM', 'TAP-A', 'STXS', 'SVCC', 'STRL', 'SVVC', 'SYIN', 'TAPR', 'TACPF', 'SWBGF', 'SVMB', 'STHRF', 'SUI', 'SVIV', 'TALO', 'SYK', 'SYNA', 'TAL', 'SURG', 'STT-PG', 'SUCH', 'SW', 'SU', 'SYHBF', 'SVRN', 'STNE', 'SUNB', 'TAK', 'SVC', 'STUB', 'SVIVW', 'SXTP', 'STFS', 'STK', 'SXTPW', 'SYNSY', 'SUNXF', 'TACT', 'SUN', 'SUNFF', 'SUND', 'STRC', 'SYNX', 'SUNE', 'SVCCW', 'SUNS', 'STLJF', 'STMEF', 'STEW', 'STKE', 'TACHW', 'SWISF', 'SYF-PB', 'STLNF', 'SWRD', 'TAKOF', 'STRK', 'SVAQU', 'TACHU', 'T-PC', 'STLD']: YFRateLimitError('Too Many Requests. Rate limited. Try after a while.')
batch 8800 empty

200 Failed downloads:
['TCRT', 'TCMEF', 'TCBI', 'TICAW', 'TCANF', 'TKMSF', 'TH', 'TFC-PO', 'THQQF', 'TKOMF', 'TBBB', 'TEFOF', 'TDWD', 'TEAM', 'TGOPF', 'TDW', 'TBCV', 'TEAD', 'TCKRF', 'TDAC', 'TARX', 'TCBX', 'TDY', 'TITN', 'THQ', 'THFRF', 'TCOM', 'TENB', 'TLAC', 'TBPH', 'THO', 'TELFY', 'TDF', 'TCEYF', 'TKCYY', 'TECK', 'THEOU', 'TGEN', 'THTG', 'TCENF', 'TFIN', 'TKMTY', 'TBCVU', 'TBN', 'TDBCP', 'TCX', 'TEL', 'TKMEF', 'TKNZ', 'TETUF', 'TKPHF', 'THG', 'TLN', 'TIMB', 'TLIH', 'TEX', 'TGLO', 'TEN', 'TETEF', 'TGHL', 'TELA', 'TATT', 'TEI', 'TGRGF', 'TIGR', 'TDS-PU', 'TDTH', 'TBNRL', 'TII', 'THH', 'TGTX', 'TGLS', 'TCRI', 'TDGGF', 'TEVJF', 'THCH', 'TECH', 'TG', 'TGNT', 'TCBS', 'TLK', 'TEO', 'TJX', 'TIGO', 'THFF', 'TEAC', 'TBCH', 'TECX', 'TBNGY', 'TELYF', 'TAVI', 'TETWF', 'TK', 'TKC', 'TISI', 'THEOR', 'TDACU', 'TIGCF', 'TCBIO', 'TDUP', 'THEO', 'TAVIU', 'TCLXY', 'TDG', 'TEN-PF', 'TLF', 'THSGF', 'TAYD', 'TDDWW', 'TILE', 'TETOF', 'TDWDR', 'TFC-PR', 'TENX', 'THMG', 'TCGLF', 'TBBK', 'TC', 'THC', 'TCI', 'TIL', 'TDOG', 'TIC', 'TGE', 'TGCB', 'TBLA', 'TCPA', 'TDRRF', 'TIRXF', 'TCPC', 'TCGX', 'TER', 'TKO', 'TKDG', 'TBB', 'TBI', 'TDS', 'TGB', 'TELNF', 'TBXXF', 'THRC', 'TGL', 'TFPM', 'TKOMY', 'TETH', 'TGE-WT', 'TE', 'TAVIR', 'TEM', 'THURF', 'TCBK', 'TIHRF', 'TELO', 'TKLF', 'TDIC', 'THNBY', 'TCLHF', 'TKNO', 'TFC', 'THYP', 'TCMFF', 'TGMPF', 'THCLY', 'TGS', 'TDC', 'TIPT', 'TDAY', 'TEN-PE', 'TDGMW', 'TFIN-P', 'TKRFF', 'TDWDU', 'TBLD', 'TCMD', 'TGT', 'TEVA', 'TCRG', 'THW', 'TDS-PV', 'THARY', 'TJGC', 'TBTC', 'TBLLF', 'TCRX', 'TEICY', 'TIWD', 'TASK', 'TELNY', 'TDACW', 'TD', 'TFC-PI', 'TDOC', 'THRY', 'TKR', 'TKLS', 'TFSL', 'TFX', 'THRM', 'THM', 'TFII']: YFRateLimitError('Too Many Requests. Rate limited. Try after a while.')
batch 9000 empty

200 Failed downloads:
['TNEYF', 'TRAD-RI', 'TSN', 'TLPH', 'TRGEF', 'TREE', 'TOKCF', 'TRVG', 'TRMLF', 'TNL', 'TMUS', 'TRAX', 'TMTSW', 'TNGX', 'TRBG', 'TNON', 'TPCS', 'TLRY', 'TRAD-UN', 'TRSO', 'TRUFF', 'TRN', 'TMS', 'TSCO', 'TRT', 'TRVI', 'TROX', 'TRGS', 'TRTX-PC', 'TRGXF', 'TSBK', 'TRS', 'TSEM', 'TNRSF', 'TMTS', 'TOGIW', 'TNCAF', 'TNDEF', 'TREX', 'TMSOF', 'TME', 'TOST', 'TRCX', 'TSEOQ', 'TRAK', 'TRTX', 'TSMWF', 'TOYWF', 'TS', 'TRLV', 'TRTN-PC', 'TNET', 'TRP', 'TMQ', 'TLNC', 'TRTN-PG', 'TPTS', 'TSCFY', 'TSQ', 'TNBI', 'TOPP', 'TREO', 'TRNO', 'TTC', 'TRIN', 'TOGI', 'TRPEF', 'TRXS', 'TOMZ', 'TOYOF', 'TNXP', 'TRAW', 'TNK', 'TMCI', 'TOXR', 'TOVX', 'TSOL', 'TMTSU', 'TPZEF', 'TPST', 'TMKVY', 'TT', 'TRIP', 'TRPCF', 'TONT-UN', 'TPL', 'TRST', 'TLSI', 'TRLEF', 'TOL', 'TMC', 'TOMYF', 'TLS', 'TSM', 'TRV', 'TSKFF', 'TRXA', 'TRTN-PB', 'TOUR', 'TONT-WT', 'TNDM', 'TRX', 'TMTNF', 'TRGP', 'TRC', 'TSLA', 'TSLX', 'TPG', 'TPR', 'TOETF', 'TSHA', 'TRNTF', 'TOON', 'TPVG', 'TPC', 'TSSI', 'TP', 'TSLVF', 'TLX', 'TMO', 'TRIB', 'TOYO', 'TORO', 'TLTFF', 'TONT', 'TLNCU', 'TONX', 'TRMB', 'TRTN-PE', 'TRNS', 'TMCWW', 'TNONW', 'TSLTF', 'TLSIW', 'TNYA', 'TRTN-PF', 'TRON', 'TLNCW', 'TMTNY', 'TNC', 'TLSS', 'TMUSL', 'TRMOY', 'TMGI', 'TPET', 'TMUSI', 'TRUP', 'TRU', 'TROO', 'TPB', 'TRNI', 'TM', 'TLYS', 'TRCK', 'TOFB', 'TRMK', 'TRNR', 'TMUSZ', 'TLSA', 'TMP', 'TOPS', 'TROW', 'TRGSU', 'TNMWF', 'TMCR', 'TRAD', 'TRTN-PD', 'TTAN', 'TR', 'TRDA', 'TSPH', 'TNMG', 'TSNDF', 'TPZEY', 'TPGXL', 'TRPPF', 'TRWD', 'TMDX', 'TSAT', 'TRBMF', 'TRPRF', 'TOP', 'TMDE', 'TPHS', 'TRGSR', 'TSUI', 'TNYZF', 'TRTN-PA', 'TRMD', 'TMSWW', 'TRI', 'TRLC', 'TRNZ', 'TRUG', 'TRSG', 'TRRFF', 'TSI', 'TTAM', 'TROLB', 'TLPPF']: YFRateLimitError('Too Many Requests. Rate limited. Try after a while.')
batch 9200 empty

200 Failed downloads:
['TWO-PB', 'UNMA', 'UBS', 'UEPEN', 'TWN', 'TWO-PC', 'UMH-PD', 'UROY', 'TUNGF', 'TVIVU', 'TXO', 'USB-PH', 'UEIC', 'TYG', 'TTD', 'TWOSF', 'TTI', 'UEPCO', 'USAM', 'UHAL-B', 'TWIN', 'TURB', 'TV', 'TWLVR', 'UDN', 'TWNPQ', 'TXEMF', 'UG', 'UK', 'TYOYY', 'UBER', 'UEPEP', 'TUYA', 'TWST', 'TVAI', 'TVIV', 'TTGT', 'TXG', 'TVGNW', 'TWO-PA', 'UNID', 'TVAIU', 'UPST', 'TUTH', 'UCASU', 'TXRP', 'UFG', 'UPYY', 'UCFI', 'TWLV', 'ULTA', 'TVCN', 'UNG', 'UBSI', 'UAVS', 'URG', 'URSB', 'UPLD', 'UDR', 'UNIT', 'UIS', 'TXMD', 'UCAR', 'UAA', 'TTEK', 'TTRX', 'UEPCN', 'TYOYF', 'USAC', 'TYRA', 'UCL', 'UAC', 'TVIVW', 'UMC', 'UMBFO', 'UNBLF', 'UFPI', 'TYFG', 'UCIB', 'UAC-WT', 'UBCP', 'TVRD', 'TYL', 'UCFIW', 'UCB', 'TZOO', 'UPB', 'TWO', 'TVA', 'UPS', 'TWOH', 'UPBD', 'UEC', 'UNIB', 'UFPT', 'UELMO', 'TXNM', 'UGL', 'UGP', 'ULIT', 'UI', 'UEPCP', 'UNLYF', 'UMGNF', 'TVAIR', 'UA', 'TWFG', 'TW', 'TY-P', 'TYTMF', 'USAR', 'UAN', 'ULCC', 'URGN', 'UEPEM', 'UNF', 'TTE', 'TWLO', 'UATCY', 'ULE', 'TWI', 'UFI', 'UNTY', 'UPXI', 'UONE', 'TVTX', 'UNM', 'UP', 'UHS', 'UEPEO', 'TVGN', 'TUFBY', 'TTIPF', 'UMEW', 'ULH', 'ULBI', 'TTEC', 'TWAV', 'TYOEY', 'UCO', 'UONEK', 'UNIU', 'USAU', 'UNVGY', 'UNFI', 'USA', 'UGA', 'UOKAF', 'TWG', 'TVACW', 'TWOD', 'TWLVU', 'UNCY', 'UNP', 'URZEF', 'UMAC', 'UFCS', 'TXRH', 'UBOH', 'UGI', 'TVE', 'TTWO', 'TTSH', 'TTMI', 'UPWK', 'ULS', 'TY', 'USAQ', 'UEEC', 'UAMY', 'URBN', 'UNH', 'TXN', 'TXT', 'UCTT', 'TUSK', 'USAS', 'TVC', 'U', 'TVACU', 'UE', 'TU', 'UL', 'UHAL', 'UPX', 'UAL', 'TX', 'UMH', 'TYGO', 'USB', 'UNB', 'TUFUF', 'UAC-UN', 'USB-PA', 'URI', 'UPC', 'TULP', 'UNL', 'UMBF', 'UHT']: YFRateLimitError('Too Many Requests. Rate limited. Try after a while.')
batch 9400 empty

200 Failed downloads:
['UVXY', 'VMET', 'VGNT', 'VGASW', 'VIXM', 'UXIN', 'VIVK', 'USB-PR', 'UTMD', 'VAT', 'VBIO', 'VFS', 'USCB', 'UTG', 'VALN', 'UZF', 'VECA-UN', 'VHAI', 'VDTA', 'VITL', 'VICR', 'VLNWF', 'VIST', 'USDEW', 'USL', 'VLN', 'VGTHY', 'VAVX', 'VGES', 'VFF', 'VIV', 'VATE', 'VIVC', 'VAC', 'VLGEA', 'USFD', 'UWHR', 'VEST', 'UUP', 'VLYPP', 'VARRY', 'VII-UN', 'UURAF', 'VMCAF', 'VCRDX', 'VACI-WT', 'VCX', 'VLT', 'VEON', 'VANI', 'VECA', 'USPH', 'UVSP', 'VFC', 'VHUB', 'VNCE', 'USGO', 'VCGMF', 'VLDXW', 'VMAR', 'USB-PP', 'VLTO', 'VBNK', 'UUUU', 'VHCP', 'UZD', 'VACI-UN', 'UTZ', 'VACI', 'VICI', 'USDE', 'VEEA', 'VECA-RI', 'USPCY', 'UTHR', 'VMD', 'VMO', 'VERU', 'VIIQ', 'VCUFF', 'VCYT', 'VALU', 'VLOS', 'UTSI', 'USLM', 'VAI', 'VCNX', 'VISK', 'VIK', 'VIP', 'VG', 'VEEV', 'UUU', 'USB-PQ', 'VKTX', 'VALE', 'UUUFF', 'USCI', 'USGDF', 'VERX', 'VERA', 'UTKN', 'VHCPU', 'VGAS', 'VIVS', 'VGZ', 'USEA', 'VIPRF', 'VMRK', 'VASO', 'VIA', 'VLYPO', 'VIAV', 'VMXXF', 'UVE', 'VII', 'VLOSU', 'VISN', 'UTGN', 'VIOT', 'USNA', 'USO', 'UTF', 'VIRT', 'VAL-WT', 'VIPS', 'USOI', 'VMNT', 'VGI', 'VHCPW', 'VIRC', 'UVV', 'VLRS', 'USIO', 'VABK', 'V', 'UZX', 'VEEE', 'VEL', 'VCTR', 'VAL', 'VFSWW', 'VENAF', 'VMCWF', 'VHI', 'VLY', 'VNME', 'VINP', 'USREF', 'UTI', 'VLOSW', 'VII-WT', 'VMCUF', 'VICP', 'VCEL', 'VIDA', 'VNJA', 'VISM', 'VENU', 'VIRMF', 'USDW', 'VELO', 'VNDA', 'VLO', 'UYSC', 'USB-PS', 'VECO', 'VBNB', 'VERTF', 'VAUCF', 'UVIX', 'VERI', 'VBF', 'UZE', 'VMC', 'USBC', 'VKQ', 'VET', 'VIR', 'VBREY', 'VIPZ', 'VGM', 'VKI', 'VCV', 'VLYPN', 'UYSCR', 'VHC', 'VNET', 'VEEAW', 'VCIG', 'UTL', 'VIVO', 'VC', 'VLTLF', 'VISL', 'UWMC', 'VIXY', 'UYSCU', 'VCRE', 'VMI']: YFRateLimitError('Too Many Requests. Rate limited. Try after a while.')
batch 9600 empty

200 Failed downloads:
['WAFD', 'WDFC', 'WEST', 'VZLA', 'WHFCL', 'WBD', 'WEYS', 'VSA', 'VRRM', 'WELPP', 'WCPRF', 'WAT', 'WAST', 'VSRPF', 'WEBJF', 'VREOF', 'VNRX', 'VVR', 'WBX', 'WH', 'VSEE', 'WEX', 'VOYG', 'WBUY', 'VXZ', 'WB', 'VPG', 'VRTX', 'VRNO', 'WALDW', 'VYST', 'WASH', 'WFC-PL', 'WCN', 'VTOL', 'WEIBF', 'WAMFF', 'VPV', 'WETO', 'WALD', 'VRXAW', 'VWAVW', 'VRM', 'VYGR', 'WCT', 'VSEEW', 'WDAY', 'VNORP', 'WGO', 'VODPF', 'VSTM', 'WFCNP', 'VTAK', 'VNO-PL', 'WEAT', 'VWAV', 'VSAT', 'VRT', 'WFC-PA', 'VNO-PM', 'VPLM', 'WAB', 'WAL', 'WEN', 'WEA', 'VSBC', 'VTVT', 'VSXY', 'WDH', 'VOYA', 'VRMK', 'WHF', 'VQSSF', 'WEGRY', 'VSOL', 'VRHI', 'VRME', 'VXRT', 'VUZI', 'VOD', 'WFC', 'WETH', 'VYND', 'VRDN', 'VTRS', 'VSNT', 'WEXPF', 'VRA', 'VTR', 'VNTG', 'VRTS', 'WFC-PZ', 'VNT', 'WAL-PA', 'WFC-PD', 'WBXWF', 'WBKCY', 'VYRE', 'WAFDP', 'VYX', 'VNOV', 'VVOS', 'VOC', 'VTBAS', 'WGS', 'WEBNF', 'VSTD', 'WENC-RI', 'VSH', 'WATT', 'VNTXF', 'WFRD', 'VTIX', 'WF', 'VTS', 'VTSI', 'VRMWW', 'VYLD', 'VS', 'WBI', 'VNO-PN', 'WFG', 'VNO-PO', 'WENC-UN', 'VWFB', 'WHD', 'VVV', 'VNOM', 'WEAV', 'VRCA', 'WCC', 'WELPM', 'VTNMF', 'VRSK', 'WDI', 'WBQNL', 'VNMEW', 'VRAX', 'VTN', 'VNO', 'WFC-PY', 'WDSP', 'WBSR', 'WFF', 'VYCO', 'WES', 'VST', 'VSGRY', 'VSOGF', 'WEIGF', 'VNMEU', 'VOYA-PB', 'VTMX', 'VSEC', 'W', 'WFCF', 'VZ', 'WHG', 'VPRB', 'WFC-PC', 'VTGN', 'VWSYF', 'WDS', 'VUECF', 'WEC', 'WERN', 'WENC', 'WDC', 'WBTN', 'WAY', 'VRSN', 'VOGX', 'WAVE', 'VTEX', 'VXX', 'VRDR', 'WATR', 'WENNW', 'WEWA', 'VOR', 'WENN', 'WAFU', 'VRNS', 'VSTS', 'VSECU', 'WENNU', 'WD', 'WBHC', 'VOXR', 'VREX', 'VTTGF', 'WDLF', 'VRRCF', 'WHEN', 'VSME', 'VVX', 'VRXA', 'WABC', 'WCUFF', 'WELL']: YFRateLimitError('Too Many Requests. Rate limited. Try after a while.')
batch 9800 empty

200 Failed downloads:
['XENE', 'WPAC', 'WMLLF', 'XBP', 'WRDIF', 'WRN', 'WOK', 'WPC', 'WRLRF', 'WK', 'WOLF', 'WSBF', 'XAGE', 'WRLGF', 'XLO', 'WSFS', 'WSBK', 'WING', 'WLDS', 'WLY', 'WHLRL', 'WWW', 'XP', 'XPER', 'XFLH-UN', 'WMK', 'WVE', 'XCRT', 'XCH', 'WYHG', 'WYFI', 'WMS', 'WOOF', 'WILCF', 'XFOR', 'XCUR', 'XPEL', 'WST', 'WMT', 'WINV', 'WSBC', 'XNDU', 'WILC', 'XESP', 'WT', 'WIT', 'WXM', 'WLII', 'XLABW', 'WLFC', 'WQEY', 'WTGUR', 'WIX', 'WPP', 'WSHP', 'XBIO', 'XAKJ', 'XCBEU', 'WLDSW', 'WYNN', 'WRB-PG', 'XIII', 'WTGUU', 'XMTR', 'XAEIU', 'XMAX', 'WHLT', 'XONI', 'WTER', 'WLYB', 'WTFCN', 'WTKWY', 'WPPGF', 'WHLR', 'WKHS', 'WTHVF', 'WSTRF', 'WTIU', 'WSTN', 'XGN', 'XOM', 'WTW', 'WWD', 'WYTC', 'WNHK', 'WHR', 'WSE', 'XPEV', 'WKC', 'WSC', 'WSTNR', 'WHLRP', 'WWR', 'XERS', 'XFLT', 'XHLD', 'XAGEW', 'WNRS', 'XELLL', 'WRB-PH', 'XERI', 'WHK', 'WRAP', 'WNEB', 'XLAB', 'WRBY', 'WTM', 'XAIR', 'WMG', 'WTS', 'WPM', 'WNDW', 'XBIT', 'WLTH', 'XDT', 'WTRG', 'WHR-PA', 'WLIIW', 'WSBCO', 'WRB-PF', 'WNW', 'WHGOF', 'WTTR', 'WRD', 'WPRT', 'WS', 'XNET', 'WOPEF', 'WSTNU', 'WVVI', 'WXILY', 'WINA', 'WLKP', 'WRIV', 'WORX', 'XHG', 'WOR', 'XNCR', 'WINT', 'WLCOU', 'WMB', 'WKSP', 'WTBA', 'WTG', 'XHR', 'WLCO', 'WRB-PE', 'WHWK', 'WIW', 'XIIIU', 'XFLH', 'WTI', 'WM', 'WSO', 'WRLWF', 'WINVR', 'WTID', 'WYGC', 'WPAC-UN', 'WORXD', 'WULF', 'WIA', 'XITO', 'WPAC-RI', 'WNLV', 'XIFR', 'XCBE', 'WYY', 'WLK', 'XE', 'WNC', 'WU', 'XFLH-RI', 'WKEY', 'XELB', 'WNFT', 'XOS', 'WIMI', 'WSO-B', 'WVVIP', 'XBPEW', 'WLDN', 'XEL', 'WLGSF', 'XCBEW', 'WLIIU', 'WPGCF', 'WLCOW', 'WOLTF', 'WW', 'WTFC', 'WRB', 'WLFFF', 'WHLRD', 'WIPKF', 'WSKEF', 'WRLD', 'WTF', 'WSM', 'WY']: YFRateLimitError('Too Many Requests. Rate limited. Try after a while.')
batch 10000 empty

191 Failed downloads:
['YSHLF', 'XTRAF', 'ZIP', 'XTIA', 'ZNKUF', 'XRN-PB', 'YCY-WT', 'YYGH', 'YELP', 'ZSICY', 'ZVSA', 'XTLB', 'YHNAR', 'ZEO', 'XRX', 'ZM', 'XTERW', 'YRAIF', 'YSAG', 'YSS', 'XYL', 'XTGRF', 'ZJNGF', 'XRN', 'ZTS', 'ZKH', 'ZDGE', 'ZEPP', 'XTND', 'ZSTK', 'ZTO', 'ZS', 'ZSINF', 'ZDAI', 'YHGJ', 'YCBD', 'ZVRA', 'XYZ', 'ZLAB', 'ZPHYF', 'XTER', 'ZURA', 'ZIONP', 'YQ', 'XRN-PA', 'ZG', 'ZPTA', 'YRD', 'ZIVO', 'ZSQR', 'XRP', 'ZYBT', 'YCY-UN', 'YICCW', 'YCL', 'ZARE', 'ZENA', 'ZVIA', 'ZBIO', 'Z', 'YLUZ', 'ZNB', 'ZNTL', 'ZKP', 'XSLLU', 'XRPNU', 'YEXT', 'ZCAR', 'YUM', 'ZKPW', 'ZHDM', 'YNVYF', 'ZH', 'XPOF', 'YMT', 'ZION', 'ZLME', 'XPNGF', 'YALA', 'ZLDPF', 'XRXDW', 'YJ', 'ZTG', 'XXII', 'ZKPU', 'YGMZF', 'YIBO', 'XXI', 'ZJYL', 'XRTX', 'YYAI', 'YGSHY', 'XSLLW', 'YBGJ', 'XPL', 'YQAI', 'YAMHF', 'YDESW', 'ZSHLY', 'YTFD', 'YMTKF', 'YSWY', 'YXT', 'YICCU', 'ZTOEF', 'ZHIHF', 'ZCMD', 'ZABKY', 'ZCRMF', 'XTERU', 'ZIM', 'ZBH', 'YDKG', 'ZSHOF', 'ZEOWW', 'YETI', 'ZTR', 'ZPTAW', 'ZTEK', 'ZCSH', 'ZONE', 'YTRA', 'YORW', 'YOUL', 'XPRO', 'XTXXF', 'ZKIN', 'ZSPC', 'ZYME', 'ZJLMF', 'XWEL', 'XRPN', 'YUMC', 'ZUMZ', 'YHC', 'YARIY', 'XZO', 'XPON', 'YSGL', 'YHNA', 'YMAT', 'ZOMDF', 'ZBAO', 'YSG', 'ZHJD', 'YDES', 'ZD', 'ZWS', 'ZNOG', 'YI', 'XYF', 'YB', 'ZGN', 'YARRF', 'ZGJLY', 'ZNOGW', 'ZBRA', 'YARW', 'ZOOZ', 'YICC', 'ZOOZW', 'XRAY', 'YCY', 'ZJGIY', 'XZJCF', 'YSXT', 'YOU', 'YAAS', 'YMM', 'XSIAX', 'XRPZ', 'YCS', 'YPF', 'YSAU', 'XPO', 'YMHAY', 'YHNAU', 'XRPNW', 'XTNT', 'YLY', 'YMATF', 'YDDL', 'YKCLY', 'ZEOX', 'ZICX', 'ZCARW', 'ZJK', 'XSLL', 'ZSL', 'ZETA', 'ZDPY']: YFRateLimitError('Too Many Requests. Rate limited. Try after a while.')
batch 10200 empty
written C:\projects\Karst\data\universe\price_snapshot_2026-09-03.csv rows=3286 of 10391
elapsed_minutes=2.5
