already_priced=6329 to_retry=859
--- round 1 targets=859 ---
$BWNB: possibly delisted; no price data found  (period=5d)
$BCGWW: possibly delisted; no price data found  (period=5d)
$CNCKW: possibly delisted; no price data found  (period=5d)
$ALVOW: possibly delisted; no price data found  (period=5d)

4 Failed downloads:
['BWNB', 'BCGWW', 'CNCKW', 'ALVOW']: possibly delisted; no price data found  (period=5d)
  0/859 newly_priced=36
$DRMAW: possibly delisted; no price data found  (period=5d)

1 Failed download:
['DRMAW']: possibly delisted; no price data found  (period=5d)
$ESLAW: possibly delisted; no price data found  (period=5d)
$FBYDP: possibly delisted; no price data found  (period=5d)
$EQR: possibly delisted; no price data found  (period=5d)

3 Failed downloads:
['ESLAW', 'FBYDP', 'EQR']: possibly delisted; no price data found  (period=5d)
$GDEVW: possibly delisted; no price data found  (period=5d)
$GFR-RW: possibly delisted; no price data found  (period=5d)
$GIBOW: possibly delisted; no price data found  (period=5d)

3 Failed downloads:
['GDEVW', 'GFR-RW', 'GIBOW']: possibly delisted; no price data found  (period=5d)
$HUMAW: possibly delisted; no price data found  (period=5d)

1 Failed download:
['HUMAW']: possibly delisted; no price data found  (period=5d)
$MNTSW: possibly delisted; no price data found  (period=5d)
$MMTXW: possibly delisted; no price data found  (period=5d)

2 Failed downloads:
['MNTSW', 'MMTXW']: possibly delisted; no price data found  (period=5d)
$NE-WTA: possibly delisted; no price data found  (period=5d)
$MYSEW: possibly delisted; no price data found  (period=5d)

2 Failed downloads:
['NE-WTA', 'MYSEW']: possibly delisted; no price data found  (period=5d)
$OSRHW: possibly delisted; no price data found  (period=5d)
HTTP Error 404: {"quoteSummary":{"result":null,"error":{"code":"Not Found","description":"Quote not found for symbol: ORIS"}}}
$ORIS: possibly delisted; no price data found  (period=5d) (Yahoo error = "No data found, symbol may be delisted")

2 Failed downloads:
['OSRHW']: possibly delisted; no price data found  (period=5d)
['ORIS']: possibly delisted; no price data found  (period=5d) (Yahoo error = "No data found, symbol may be delisted")
$REVBW: possibly delisted; no price data found  (period=5d)
$RMAX: possibly delisted; no price data found  (period=5d)
$RSVRW: possibly delisted; no price data found  (period=5d)
$RNWWW: possibly delisted; no price data found  (period=5d)

4 Failed downloads:
['REVBW', 'RMAX', 'RSVRW', 'RNWWW']: possibly delisted; no price data found  (period=5d)
$SRZNW: possibly delisted; no price data found  (period=5d)

1 Failed download:
['SRZNW']: possibly delisted; no price data found  (period=5d)
$SVA: possibly delisted; no price data found  (period=5d)
$TGE-WT: possibly delisted; no price data found  (period=5d)

2 Failed downloads:
['SVA', 'TGE-WT']: possibly delisted; no price data found  (period=5d)
$UBXG: possibly delisted; no price data found  (period=5d)
$UCFIW: possibly delisted; no price data found  (period=5d)
$TWO: possibly delisted; no price data found  (period=5d)

3 Failed downloads:
['UBXG', 'UCFIW', 'TWO']: possibly delisted; no price data found  (period=5d)
$VRXAW: possibly delisted; no price data found  (period=5d)
$WHLRL: possibly delisted; no price data found  (period=5d)
$WLDSW: possibly delisted; no price data found  (period=5d)

3 Failed downloads:
['VRXAW', 'WHLRL', 'WLDSW']: possibly delisted; no price data found  (period=5d)
$WTGUR: possibly delisted; no price data found  (period=5d)

1 Failed download:
['WTGUR']: possibly delisted; no price data found  (period=5d)
  800/859 newly_priced=808
--- round 2 targets=32 ---
$REVBW: possibly delisted; no price data found  (period=5d)
$BWNB: possibly delisted; no price data found  (period=5d)
$ESLAW: possibly delisted; no price data found  (period=5d)
$SVA: possibly delisted; no price data found  (period=5d)
$UBXG: possibly delisted; no price data found  (period=5d)
$HUMAW: possibly delisted; no price data found  (period=5d)
$VRXAW: possibly delisted; no price data found  (period=5d)
$BCGWW: possibly delisted; no price data found  (period=5d)
$DRMAW: possibly delisted; no price data found  (period=5d)
$GDEVW: possibly delisted; no price data found  (period=5d)
$GFR-RW: possibly delisted; no price data found  (period=5d)
$MNTSW: possibly delisted; no price data found  (period=5d)
$CNCKW: possibly delisted; no price data found  (period=5d)
$RMAX: possibly delisted; no price data found  (period=5d)
$WHLRL: possibly delisted; no price data found  (period=5d)
$WLDSW: possibly delisted; no price data found  (period=5d)
$FBYDP: possibly delisted; no price data found  (period=5d)
$MMTXW: possibly delisted; no price data found  (period=5d)
$MYSEW: possibly delisted; no price data found  (period=5d)
$RSVRW: possibly delisted; no price data found  (period=5d)
$ALVOW: possibly delisted; no price data found  (period=5d)
$OSRHW: possibly delisted; no price data found  (period=5d)
HTTP Error 404: {"quoteSummary":{"result":null,"error":{"code":"Not Found","description":"Quote not found for symbol: ORIS"}}}
$ORIS: possibly delisted; no price data found  (period=5d) (Yahoo error = "No data found, symbol may be delisted")
$WTGUR: possibly delisted; no price data found  (period=5d)
$EQR: possibly delisted; no price data found  (period=5d)
$TGE-WT: possibly delisted; no price data found  (period=5d)
$GIBOW: possibly delisted; no price data found  (period=5d)
$UCFIW: possibly delisted; no price data found  (period=5d)
$RNWWW: possibly delisted; no price data found  (period=5d)
$SRZNW: possibly delisted; no price data found  (period=5d)
$TWO: possibly delisted; no price data found  (period=5d)
$NE-WTA: possibly delisted; no price data found  (period=5d)

32 Failed downloads:
['REVBW', 'BWNB', 'ESLAW', 'SVA', 'UBXG', 'HUMAW', 'VRXAW', 'BCGWW', 'DRMAW', 'GDEVW', 'GFR-RW', 'MNTSW', 'CNCKW', 'RMAX', 'WHLRL', 'WLDSW', 'FBYDP', 'MMTXW', 'MYSEW', 'RSVRW', 'ALVOW', 'OSRHW', 'WTGUR', 'EQR', 'TGE-WT', 'GIBOW', 'UCFIW', 'RNWWW', 'SRZNW', 'TWO', 'NE-WTA']: possibly delisted; no price data found  (period=5d)
['ORIS']: possibly delisted; no price data found  (period=5d) (Yahoo error = "No data found, symbol may be delisted")
  0/32 newly_priced=827
--- round 3 targets=32 ---
$REVBW: possibly delisted; no price data found  (period=5d)
$BWNB: possibly delisted; no price data found  (period=5d)
$ESLAW: possibly delisted; no price data found  (period=5d)
$SVA: possibly delisted; no price data found  (period=5d)
$UBXG: possibly delisted; no price data found  (period=5d)
$HUMAW: possibly delisted; no price data found  (period=5d)
$VRXAW: possibly delisted; no price data found  (period=5d)
$BCGWW: possibly delisted; no price data found  (period=5d)
$DRMAW: possibly delisted; no price data found  (period=5d)
$GDEVW: possibly delisted; no price data found  (period=5d)
$GFR-RW: possibly delisted; no price data found  (period=5d)
$MNTSW: possibly delisted; no price data found  (period=5d)
$CNCKW: possibly delisted; no price data found  (period=5d)
$RMAX: possibly delisted; no price data found  (period=5d)
$WHLRL: possibly delisted; no price data found  (period=5d)
$WLDSW: possibly delisted; no price data found  (period=5d)
$FBYDP: possibly delisted; no price data found  (period=5d)
$MMTXW: possibly delisted; no price data found  (period=5d)
$MYSEW: possibly delisted; no price data found  (period=5d)
$RSVRW: possibly delisted; no price data found  (period=5d)
$ALVOW: possibly delisted; no price data found  (period=5d)
$OSRHW: possibly delisted; no price data found  (period=5d)
$ORIS: possibly delisted; no price data found  (period=5d) (Yahoo error = "No data found, symbol may be delisted")
$WTGUR: possibly delisted; no price data found  (period=5d)
$EQR: possibly delisted; no price data found  (period=5d)
$TGE-WT: possibly delisted; no price data found  (period=5d)
$GIBOW: possibly delisted; no price data found  (period=5d)
$UCFIW: possibly delisted; no price data found  (period=5d)
$RNWWW: possibly delisted; no price data found  (period=5d)
$SRZNW: possibly delisted; no price data found  (period=5d)
$TWO: possibly delisted; no price data found  (period=5d)
$NE-WTA: possibly delisted; no price data found  (period=5d)

32 Failed downloads:
['REVBW', 'BWNB', 'ESLAW', 'SVA', 'UBXG', 'HUMAW', 'VRXAW', 'BCGWW', 'DRMAW', 'GDEVW', 'GFR-RW', 'MNTSW', 'CNCKW', 'RMAX', 'WHLRL', 'WLDSW', 'FBYDP', 'MMTXW', 'MYSEW', 'RSVRW', 'ALVOW', 'OSRHW', 'WTGUR', 'EQR', 'TGE-WT', 'GIBOW', 'UCFIW', 'RNWWW', 'SRZNW', 'TWO', 'NE-WTA']: possibly delisted; no price data found  (period=5d)
['ORIS']: possibly delisted; no price data found  (period=5d) (Yahoo error = "No data found, symbol may be delisted")
  0/32 newly_priced=827
--- round 4 targets=32 ---
$REVBW: possibly delisted; no price data found  (period=5d)
$BWNB: possibly delisted; no price data found  (period=5d)
$ESLAW: possibly delisted; no price data found  (period=5d)
$SVA: possibly delisted; no price data found  (period=5d)
$UBXG: possibly delisted; no price data found  (period=5d)
$HUMAW: possibly delisted; no price data found  (period=5d)
$VRXAW: possibly delisted; no price data found  (period=5d)
$BCGWW: possibly delisted; no price data found  (period=5d)
$DRMAW: possibly delisted; no price data found  (period=5d)
$GDEVW: possibly delisted; no price data found  (period=5d)
$GFR-RW: possibly delisted; no price data found  (period=5d)
$MNTSW: possibly delisted; no price data found  (period=5d)
$CNCKW: possibly delisted; no price data found  (period=5d)
$RMAX: possibly delisted; no price data found  (period=5d)
$WHLRL: possibly delisted; no price data found  (period=5d)
$WLDSW: possibly delisted; no price data found  (period=5d)
$FBYDP: possibly delisted; no price data found  (period=5d)
$MMTXW: possibly delisted; no price data found  (period=5d)
$MYSEW: possibly delisted; no price data found  (period=5d)
$RSVRW: possibly delisted; no price data found  (period=5d)
$ALVOW: possibly delisted; no price data found  (period=5d)
$OSRHW: possibly delisted; no price data found  (period=5d)
$ORIS: possibly delisted; no price data found  (period=5d) (Yahoo error = "No data found, symbol may be delisted")
$WTGUR: possibly delisted; no price data found  (period=5d)
$EQR: possibly delisted; no price data found  (period=5d)
$TGE-WT: possibly delisted; no price data found  (period=5d)
$GIBOW: possibly delisted; no price data found  (period=5d)
$UCFIW: possibly delisted; no price data found  (period=5d)
$RNWWW: possibly delisted; no price data found  (period=5d)
$SRZNW: possibly delisted; no price data found  (period=5d)
$TWO: possibly delisted; no price data found  (period=5d)
$NE-WTA: possibly delisted; no price data found  (period=5d)

32 Failed downloads:
['REVBW', 'BWNB', 'ESLAW', 'SVA', 'UBXG', 'HUMAW', 'VRXAW', 'BCGWW', 'DRMAW', 'GDEVW', 'GFR-RW', 'MNTSW', 'CNCKW', 'RMAX', 'WHLRL', 'WLDSW', 'FBYDP', 'MMTXW', 'MYSEW', 'RSVRW', 'ALVOW', 'OSRHW', 'WTGUR', 'EQR', 'TGE-WT', 'GIBOW', 'UCFIW', 'RNWWW', 'SRZNW', 'TWO', 'NE-WTA']: possibly delisted; no price data found  (period=5d)
['ORIS']: possibly delisted; no price data found  (period=5d) (Yahoo error = "No data found, symbol may be delisted")
  0/32 newly_priced=827
written C:\projects\Karst\data\universe\price_snapshot_2026-09-03.csv rows=7156 still_missing=32
