already_priced=3286 to_retry=3063
--- round 1 targets=3063 ---
$BCGWW: possibly delisted; no price data found  (period=5d)
$BWNB: possibly delisted; no price data found  (period=5d)

2 Failed downloads:
['BCGWW', 'BWNB']: possibly delisted; no price data found  (period=5d)
  0/3063 newly_priced=38
$DRMAW: possibly delisted; no price data found  (period=5d)

1 Failed download:
['DRMAW']: possibly delisted; no price data found  (period=5d)
$EQR: possibly delisted; no price data found  (period=5d)
$ESLAW: possibly delisted; no price data found  (period=5d)

2 Failed downloads:
['EQR', 'ESLAW']: possibly delisted; no price data found  (period=5d)
$FBYDP: possibly delisted; no price data found  (period=5d)

1 Failed download:
['FBYDP']: possibly delisted; no price data found  (period=5d)
  800/3063 newly_priced=834
$HUMAW: possibly delisted; no price data found  (period=5d)

1 Failed download:
['HUMAW']: possibly delisted; no price data found  (period=5d)
$MNTSW: possibly delisted; no price data found  (period=5d)
$MMTXW: possibly delisted; no price data found  (period=5d)

2 Failed downloads:
['MNTSW', 'MMTXW']: possibly delisted; no price data found  (period=5d)
$MYSEW: possibly delisted; no price data found  (period=5d)
$NE-WTA: possibly delisted; no price data found  (period=5d)

2 Failed downloads:
['MYSEW', 'NE-WTA']: possibly delisted; no price data found  (period=5d)
  1600/3063 newly_priced=1629
$OSRHW: possibly delisted; no price data found  (period=5d)

1 Failed download:
['OSRHW']: possibly delisted; no price data found  (period=5d)
$REVBW: possibly delisted; no price data found  (period=5d)

1 Failed download:
['REVBW']: possibly delisted; no price data found  (period=5d)
$RMAX: possibly delisted; no price data found  (period=5d)

1 Failed download:
['RMAX']: possibly delisted; no price data found  (period=5d)
$RSVRW: possibly delisted; no price data found  (period=5d)

1 Failed download:
['RSVRW']: possibly delisted; no price data found  (period=5d)
$SRZNW: possibly delisted; no price data found  (period=5d)

1 Failed download:
['SRZNW']: possibly delisted; no price data found  (period=5d)
  2400/3063 newly_priced=2424
$TWO: possibly delisted; no price data found  (period=5d)

1 Failed download:
['TWO']: possibly delisted; no price data found  (period=5d)
$UCFIW: possibly delisted; no price data found  (period=5d)

1 Failed download:
['UCFIW']: possibly delisted; no price data found  (period=5d)
$WHLRL: possibly delisted; no price data found  (period=5d)

1 Failed download:
['WHLRL']: possibly delisted; no price data found  (period=5d)
$WTGUR: possibly delisted; no price data found  (period=5d)

1 Failed download:
['WTGUR']: possibly delisted; no price data found  (period=5d)
--- round 2 targets=20 ---
$WHLRL: possibly delisted; no price data found  (period=5d)
$REVBW: possibly delisted; no price data found  (period=5d)
$FBYDP: possibly delisted; no price data found  (period=5d)
$MNTSW: possibly delisted; no price data found  (period=5d)
$EQR: possibly delisted; no price data found  (period=5d)
$ESLAW: possibly delisted; no price data found  (period=5d)
$WTGUR: possibly delisted; no price data found  (period=5d)
$MMTXW: possibly delisted; no price data found  (period=5d)
$MYSEW: possibly delisted; no price data found  (period=5d)
$RSVRW: possibly delisted; no price data found  (period=5d)
$NE-WTA: possibly delisted; no price data found  (period=5d)
$TWO: possibly delisted; no price data found  (period=5d)
$SRZNW: possibly delisted; no price data found  (period=5d)
$BCGWW: possibly delisted; no price data found  (period=5d)
$HUMAW: possibly delisted; no price data found  (period=5d)
$DRMAW: possibly delisted; no price data found  (period=5d)
$UCFIW: possibly delisted; no price data found  (period=5d)
$RMAX: possibly delisted; no price data found  (period=5d)
$BWNB: possibly delisted; no price data found  (period=5d)
$OSRHW: possibly delisted; no price data found  (period=5d)

20 Failed downloads:
['WHLRL', 'REVBW', 'FBYDP', 'MNTSW', 'EQR', 'ESLAW', 'WTGUR', 'MMTXW', 'MYSEW', 'RSVRW', 'NE-WTA', 'TWO', 'SRZNW', 'BCGWW', 'HUMAW', 'DRMAW', 'UCFIW', 'RMAX', 'BWNB', 'OSRHW']: possibly delisted; no price data found  (period=5d)
  0/20 newly_priced=3043
--- round 3 targets=20 ---
$WHLRL: possibly delisted; no price data found  (period=5d)
$REVBW: possibly delisted; no price data found  (period=5d)
$FBYDP: possibly delisted; no price data found  (period=5d)
$MNTSW: possibly delisted; no price data found  (period=5d)
$EQR: possibly delisted; no price data found  (period=5d)
$ESLAW: possibly delisted; no price data found  (period=5d)
$WTGUR: possibly delisted; no price data found  (period=5d)
$MMTXW: possibly delisted; no price data found  (period=5d)
$MYSEW: possibly delisted; no price data found  (period=5d)
$RSVRW: possibly delisted; no price data found  (period=5d)
$NE-WTA: possibly delisted; no price data found  (period=5d)
$TWO: possibly delisted; no price data found  (period=5d)
$SRZNW: possibly delisted; no price data found  (period=5d)
$BCGWW: possibly delisted; no price data found  (period=5d)
$HUMAW: possibly delisted; no price data found  (period=5d)
$DRMAW: possibly delisted; no price data found  (period=5d)
$UCFIW: possibly delisted; no price data found  (period=5d)
$RMAX: possibly delisted; no price data found  (period=5d)
$BWNB: possibly delisted; no price data found  (period=5d)
$OSRHW: possibly delisted; no price data found  (period=5d)

20 Failed downloads:
['WHLRL', 'REVBW', 'FBYDP', 'MNTSW', 'EQR', 'ESLAW', 'WTGUR', 'MMTXW', 'MYSEW', 'RSVRW', 'NE-WTA', 'TWO', 'SRZNW', 'BCGWW', 'HUMAW', 'DRMAW', 'UCFIW', 'RMAX', 'BWNB', 'OSRHW']: possibly delisted; no price data found  (period=5d)
  0/20 newly_priced=3043
--- round 4 targets=20 ---
$WHLRL: possibly delisted; no price data found  (period=5d)
$REVBW: possibly delisted; no price data found  (period=5d)
$FBYDP: possibly delisted; no price data found  (period=5d)
$MNTSW: possibly delisted; no price data found  (period=5d)
$EQR: possibly delisted; no price data found  (period=5d)
$ESLAW: possibly delisted; no price data found  (period=5d)
$WTGUR: possibly delisted; no price data found  (period=5d)
$MMTXW: possibly delisted; no price data found  (period=5d)
$MYSEW: possibly delisted; no price data found  (period=5d)
$RSVRW: possibly delisted; no price data found  (period=5d)
$NE-WTA: possibly delisted; no price data found  (period=5d)
$TWO: possibly delisted; no price data found  (period=5d)
$SRZNW: possibly delisted; no price data found  (period=5d)
$BCGWW: possibly delisted; no price data found  (period=5d)
$HUMAW: possibly delisted; no price data found  (period=5d)
$DRMAW: possibly delisted; no price data found  (period=5d)
$UCFIW: possibly delisted; no price data found  (period=5d)
$RMAX: possibly delisted; no price data found  (period=5d)
$BWNB: possibly delisted; no price data found  (period=5d)
$OSRHW: possibly delisted; no price data found  (period=5d)

20 Failed downloads:
['WHLRL', 'REVBW', 'FBYDP', 'MNTSW', 'EQR', 'ESLAW', 'WTGUR', 'MMTXW', 'MYSEW', 'RSVRW', 'NE-WTA', 'TWO', 'SRZNW', 'BCGWW', 'HUMAW', 'DRMAW', 'UCFIW', 'RMAX', 'BWNB', 'OSRHW']: possibly delisted; no price data found  (period=5d)
  0/20 newly_priced=3043
written C:\projects\Karst\data\universe\price_snapshot_2026-09-03.csv rows=6329 still_missing=20
