
================ CROX ================
  today: 83 earnings dates on record, 2006-05-04 .. 2026-10-29
  cdx finance.yahoo.com/calendar/earnings?symbol=CROX: 0 captures
  cdx https://finance.yahoo.com/calendar/earnings?symbol=CROX: 0 captures
  cdx finance.yahoo.com/quote/CROX/analysis: 8 captures

  --- snapshot 20190625020627 ---
    html 468052 bytes, parsed 4 estimate rows
    unchanged 3 | split-rescaled 0 | REWRITTEN 1 | not comparable 0
      2018-09-30: then=-0.02 now=0.05 -> REWRITTEN [actual then=0.07 now=0.15]

  --- snapshot 20190802010140 ---
    html 479144 bytes, parsed 4 estimate rows
    unchanged 3 | split-rescaled 0 | REWRITTEN 1 | not comparable 0
      2018-09-30: then=-0.02 now=0.05 -> REWRITTEN [actual then=0.07 now=0.15]

  --- snapshot 20220720183325 ---
    html 158318 bytes, parsed 0 estimate rows
    (no rows parsed; raw saved -> C:\projects\Karst\experiments\2026-08-31-quarterly-consensus\data\vintage_raw_CROX_20220720183325.html)

  --- snapshot 20221002172548 ---
    html 776479 bytes, parsed 4 estimate rows
    unchanged 2 | split-rescaled 1 | REWRITTEN 1 | not comparable 0
      2021-09-30: then=1.88 now=1.86 -> split-rescaled (factor est=1.0108 act=1.0)
      2021-12-31: then=2.0 now=1.9 -> REWRITTEN [actual then=2.15 now=2.15]

  --- snapshot 20221129080615 ---
    html 779832 bytes, parsed 4 estimate rows
    unchanged 3 | split-rescaled 0 | REWRITTEN 1 | not comparable 0
      2021-12-31: then=2.0 now=1.9 -> REWRITTEN [actual then=2.15 now=2.15]

  --- snapshot 20240229165216 ---
    html 814278 bytes, parsed 0 estimate rows
    (no rows parsed; raw saved -> C:\projects\Karst\experiments\2026-08-31-quarterly-consensus\data\vintage_raw_CROX_20240229165216.html)

  --- snapshot 20240507123338 ---
    html 1570248 bytes, parsed 0 estimate rows
    (no rows parsed; raw saved -> C:\projects\Karst\experiments\2026-08-31-quarterly-consensus\data\vintage_raw_CROX_20240507123338.html)

================ AAPL ================
  today: 99 earnings dates on record, 2002-04-17 .. 2026-10-29
  cdx finance.yahoo.com/calendar/earnings?symbol=AAPL: 4 captures
  cdx https://finance.yahoo.com/calendar/earnings?symbol=AAPL: 4 captures
  cdx finance.yahoo.com/quote/AAPL/analysis: 64 captures

  --- snapshot 20180423000700 ---
    html 427668 bytes, parsed 4 estimate rows
    unchanged 0 | split-rescaled 4 | REWRITTEN 0 | not comparable 0
      2017-03-31: then=2.02 now=0.51 -> split-rescaled (factor est=3.9608 act=3.9623)
      2017-06-30: then=1.57 now=0.39 -> split-rescaled (factor est=4.0256 act=3.9762)
      2017-09-30: then=1.87 now=0.47 -> split-rescaled (factor est=3.9787 act=3.9808)
      2017-12-31: then=3.86 now=0.96 -> split-rescaled (factor est=4.0208 act=4.0103)

  --- snapshot 20190308054914 ---
    html 480192 bytes, parsed 4 estimate rows
    unchanged 0 | split-rescaled 4 | REWRITTEN 0 | not comparable 0
      2018-03-31: then=2.67 now=0.67 -> split-rescaled (factor est=3.9851 act=4.0147)
      2018-06-30: then=2.18 now=0.54 -> split-rescaled (factor est=4.037 act=3.9661)
      2018-09-30: then=2.78 now=0.7 -> split-rescaled (factor est=3.9714 act=3.9863)
      2018-12-31: then=4.17 now=1.04 -> split-rescaled (factor est=4.0096 act=3.981)

  --- snapshot 20200715143657 ---
    html 660624 bytes, parsed 4 estimate rows
    unchanged 0 | split-rescaled 4 | REWRITTEN 0 | not comparable 0
      2019-06-30: then=2.1 now=0.53 -> split-rescaled (factor est=3.9623 act=3.9636)
      2019-09-30: then=2.84 now=0.71 -> split-rescaled (factor est=4.0 act=3.9868)
      2019-12-31: then=4.55 now=1.13 -> split-rescaled (factor est=4.0265 act=3.992)
      2020-03-31: then=2.26 now=0.56 -> split-rescaled (factor est=4.0357 act=3.9844)

  --- snapshot 20210307083351 ---
    html 730883 bytes, parsed 4 estimate rows
    unchanged 4 | split-rescaled 0 | REWRITTEN 0 | not comparable 0

  --- snapshot 20211101060119 ---
    html 825546 bytes, parsed 4 estimate rows
    unchanged 4 | split-rescaled 0 | REWRITTEN 0 | not comparable 0

  --- snapshot 20221001091633 ---
    html 860357 bytes, parsed 4 estimate rows
    unchanged 4 | split-rescaled 0 | REWRITTEN 0 | not comparable 0

  --- snapshot 20230630224536 ---
    html 1017004 bytes, parsed 0 estimate rows
    (no rows parsed; raw saved -> C:\projects\Karst\experiments\2026-08-31-quarterly-consensus\data\vintage_raw_AAPL_20230630224536.html)

  --- snapshot 20240909162435 ---
    html 1747239 bytes, parsed 0 estimate rows
    (no rows parsed; raw saved -> C:\projects\Karst\experiments\2026-08-31-quarterly-consensus\data\vintage_raw_AAPL_20240909162435.html)

  --- snapshot 20250722034404 ---
    html 286808 bytes, parsed 0 estimate rows
    (no rows parsed; raw saved -> C:\projects\Karst\experiments\2026-08-31-quarterly-consensus\data\vintage_raw_AAPL_20250722034404.html)

================ NVDA ================
  today: 98 earnings dates on record, 2002-05-22 .. 2026-11-17
  cdx finance.yahoo.com/calendar/earnings?symbol=NVDA: 4 captures
  cdx https://finance.yahoo.com/calendar/earnings?symbol=NVDA: 4 captures
  cdx finance.yahoo.com/quote/NVDA/analysis: 41 captures

  --- snapshot 20180929042128 ---
    html 514765 bytes, parsed 4 estimate rows
    unchanged 0 | split-rescaled 0 | REWRITTEN 4 | not comparable 0
      2017-10-31: then=0.94 now=0.03 -> REWRITTEN [actual then=1.33 now=0.03]
      2018-01-31: then=1.17 now=0.03 -> REWRITTEN [actual then=1.78 now=0.04]
      2018-04-30: then=1.48 now=0.04 -> REWRITTEN [actual then=1.98 now=0.05]
      2018-07-31: then=1.66 now=0.05 -> REWRITTEN [actual then=1.76 now=0.05]

  --- snapshot 20200427184135 ---
    html 592544 bytes, parsed 4 estimate rows
    unchanged 0 | split-rescaled 0 | REWRITTEN 4 | not comparable 0
      2019-04-30: then=0.81 now=0.02 -> REWRITTEN [actual then=0.88 now=0.02]
      2019-07-31: then=1.14 now=0.03 -> REWRITTEN [actual then=1.24 now=0.03]
      2019-10-31: then=1.57 now=0.04 -> REWRITTEN [actual then=1.78 now=0.04]
      2020-01-31: then=1.67 now=0.04 -> REWRITTEN [actual then=1.89 now=0.05]

  --- snapshot 20220117160653 ---
    html 732146 bytes, parsed 4 estimate rows
    unchanged 0 | split-rescaled 1 | REWRITTEN 3 | not comparable 0
      2021-01-31: then=0.7 now=0.07 -> REWRITTEN [actual then=0.77 now=0.08]
      2021-04-30: then=0.82 now=0.08 -> split-rescaled (factor est=10.25 act=10.1111)
      2021-07-31: then=1.01 now=0.1 -> REWRITTEN [actual then=1.04 now=0.1]
      2021-10-31: then=1.11 now=0.11 -> REWRITTEN [actual then=1.17 now=0.12]

  --- snapshot 20220601155650 ---
    html 175472 bytes, parsed 0 estimate rows
    (no rows parsed; raw saved -> C:\projects\Karst\experiments\2026-08-31-quarterly-consensus\data\vintage_raw_NVDA_20220601155650.html)

  --- snapshot 20230708061953 ---
    html 891282 bytes, parsed 0 estimate rows
    (no rows parsed; raw saved -> C:\projects\Karst\experiments\2026-08-31-quarterly-consensus\data\vintage_raw_NVDA_20230708061953.html)

  --- snapshot 20231122193813 ---
    html 1534818 bytes, parsed 0 estimate rows
    (no rows parsed; raw saved -> C:\projects\Karst\experiments\2026-08-31-quarterly-consensus\data\vintage_raw_NVDA_20231122193813.html)

  --- snapshot 20240706063651 ---
    html 309023 bytes, parsed 0 estimate rows
    (no rows parsed; raw saved -> C:\projects\Karst\experiments\2026-08-31-quarterly-consensus\data\vintage_raw_NVDA_20240706063651.html)

  --- snapshot 20241203165109 ---
    html 335487 bytes, parsed 0 estimate rows
    (no rows parsed; raw saved -> C:\projects\Karst\experiments\2026-08-31-quarterly-consensus\data\vintage_raw_NVDA_20241203165109.html)

  --- snapshot 20250603133915 ---
    html 335386 bytes, parsed 0 estimate rows
    (no rows parsed; raw saved -> C:\projects\Karst\experiments\2026-08-31-quarterly-consensus\data\vintage_raw_NVDA_20250603133915.html)

================ MSFT ================
  today: 100 earnings dates on record, 2002-01-17 .. 2026-10-28
  cdx finance.yahoo.com/calendar/earnings?symbol=MSFT: 4 captures
  cdx https://finance.yahoo.com/calendar/earnings?symbol=MSFT: 4 captures
  cdx failed for finance.yahoo.com/quote/MSFT/analysis: TimeoutError: The read operation timed out
  cdx finance.yahoo.com/quote/MSFT/analysis: 0 captures

  --- snapshot 20221201095901 ---
    html 1048198 bytes, parsed 100 estimate rows
    unchanged 76 | split-rescaled 2 | REWRITTEN 6 | not comparable 13
      2020-07-22: then=1.34 now=1.37 -> REWRITTEN [actual then=1.46 now=1.46]
      2018-01-31: then=0.87 now=0.85 -> split-rescaled (factor est=1.0235 act=1.0105)
      2015-04-23: then=0.51 now=0.53 -> REWRITTEN [actual then=0.61 now=0.62]
      2015-01-26: then=0.71 now=0.74 -> REWRITTEN [actual then=0.71 now=0.77]
      2014-10-23: then=0.49 now=0.54 -> REWRITTEN [actual then=0.54 now=0.65]
      2007-07-19: then=0.39 now=0.34 -> REWRITTEN [actual then=0.39 now=0.31]
      2006-01-26: then=0.33 now=0.36 -> split-rescaled (factor est=0.9167 act=0.9167)
      2005-10-27: then=0.3 now=0.34 -> REWRITTEN [actual then=0.31 now=0.34]

  --- snapshot 20230630224433 ---
    html 1019281 bytes, parsed 0 estimate rows
    (no rows parsed; raw saved -> C:\projects\Karst\experiments\2026-08-31-quarterly-consensus\data\vintage_raw_MSFT_20230630224433.html)

  --- snapshot 20240429120228 ---
    html 2498842 bytes, parsed 0 estimate rows
    (no rows parsed; raw saved -> C:\projects\Karst\experiments\2026-08-31-quarterly-consensus\data\vintage_raw_MSFT_20240429120228.html)

  --- snapshot 20240501055140 ---
    html 1078451 bytes, parsed 0 estimate rows
    (no rows parsed; raw saved -> C:\projects\Karst\experiments\2026-08-31-quarterly-consensus\data\vintage_raw_MSFT_20240501055140.html)

================ INTC ================
  today: 99 earnings dates on record, 2002-04-16 .. 2026-10-22
  cdx finance.yahoo.com/calendar/earnings?symbol=INTC: 1 captures
  cdx https://finance.yahoo.com/calendar/earnings?symbol=INTC: 1 captures
  cdx finance.yahoo.com/quote/INTC/analysis: 39 captures

  --- snapshot 20180427101442 ---
    html 480029 bytes, parsed 4 estimate rows
    unchanged 4 | split-rescaled 0 | REWRITTEN 0 | not comparable 0

  --- snapshot 20181107001802 ---
    html 523184 bytes, parsed 4 estimate rows
    unchanged 4 | split-rescaled 0 | REWRITTEN 0 | not comparable 0

  --- snapshot 20200823132639 ---
    html 677013 bytes, parsed 4 estimate rows
    unchanged 3 | split-rescaled 1 | REWRITTEN 0 | not comparable 0
      2020-03-31: then=1.28 now=1.26 -> split-rescaled (factor est=1.0159 act=1.0)

  --- snapshot 20210723115029 ---
    html 710769 bytes, parsed 4 estimate rows
    unchanged 4 | split-rescaled 0 | REWRITTEN 0 | not comparable 0

  --- snapshot 20220915084133 ---
    html 165652 bytes, parsed 0 estimate rows
    (no rows parsed; raw saved -> C:\projects\Karst\experiments\2026-08-31-quarterly-consensus\data\vintage_raw_INTC_20220915084133.html)

  --- snapshot 20230601223141 ---
    html 1602723 bytes, parsed 0 estimate rows
    (no rows parsed; raw saved -> C:\projects\Karst\experiments\2026-08-31-quarterly-consensus\data\vintage_raw_INTC_20230601223141.html)

  --- snapshot 20240112233508 ---
    html 1517900 bytes, parsed 0 estimate rows
    (no rows parsed; raw saved -> C:\projects\Karst\experiments\2026-08-31-quarterly-consensus\data\vintage_raw_INTC_20240112233508.html)

  --- snapshot 20240823150601 ---
    html 291234 bytes, parsed 0 estimate rows
    (no rows parsed; raw saved -> C:\projects\Karst\experiments\2026-08-31-quarterly-consensus\data\vintage_raw_INTC_20240823150601.html)

  --- snapshot 20250503160729 ---
    html 308313 bytes, parsed 0 estimate rows
    (no rows parsed; raw saved -> C:\projects\Karst\experiments\2026-08-31-quarterly-consensus\data\vintage_raw_INTC_20250503160729.html)

================ TSLA ================
  today: 65 earnings dates on record, 2010-11-09 .. 2026-10-21
  cdx finance.yahoo.com/calendar/earnings?symbol=TSLA: 5 captures
  cdx https://finance.yahoo.com/calendar/earnings?symbol=TSLA: 5 captures
  cdx finance.yahoo.com/quote/TSLA/analysis: 49 captures

  --- snapshot 20180423000548 ---
    html 440292 bytes, parsed 4 estimate rows
    unchanged 0 | split-rescaled 1 | REWRITTEN 3 | not comparable 0
      2017-03-31: then=-0.81 now=-0.05 -> REWRITTEN [actual then=-1.33 now=-0.09]
      2017-06-30: then=-1.82 now=-0.13 -> REWRITTEN [actual then=-1.33 now=-0.09]
      2017-09-30: then=-2.29 now=-0.15 -> split-rescaled (factor est=15.2667 act=15.3684)
      2017-12-31: then=-3.12 now=-0.21 -> REWRITTEN [actual then=-3.04 now=-0.2]

  --- snapshot 20190405160325 ---
    html 488259 bytes, parsed 4 estimate rows
    unchanged 0 | split-rescaled 1 | REWRITTEN 2 | not comparable 1
      2018-03-31: then=-3.58 now=-0.24 -> REWRITTEN [actual then=-3.35 now=-0.22]
      2018-06-30: then=-2.92 now=-0.19 -> split-rescaled (factor est=15.3684 act=15.3)
      2018-12-31: then=2.2 now=0.14 -> REWRITTEN [actual then=1.93 now=0.13]

  --- snapshot 20201208061641 ---
    html 686541 bytes, parsed 4 estimate rows
    unchanged 0 | split-rescaled 0 | REWRITTEN 4 | not comparable 0
      2019-12-31: then=0.34 now=0.12 -> REWRITTEN [actual then=0.41 now=0.14]
      2020-03-31: then=-0.05 now=-0.01 -> REWRITTEN [actual then=0.23 now=0.08]
      2020-06-30: then=-0.03 now=-0.01 -> REWRITTEN [actual then=0.44 now=0.15]
      2020-09-30: then=0.59 now=0.2 -> REWRITTEN [actual then=0.76 now=0.25]

  --- snapshot 20211110190924 ---
    html 726388 bytes, parsed 4 estimate rows
    unchanged 0 | split-rescaled 4 | REWRITTEN 0 | not comparable 0
      2020-12-31: then=1.03 now=0.35 -> split-rescaled (factor est=2.9429 act=2.963)
      2021-03-31: then=0.79 now=0.26 -> split-rescaled (factor est=3.0385 act=3.0)
      2021-06-30: then=0.98 now=0.32 -> split-rescaled (factor est=3.0625 act=3.0208)
      2021-09-30: then=1.59 now=0.54 -> split-rescaled (factor est=2.9444 act=3.0)

  --- snapshot 20221024202239 ---
    html 178286 bytes, parsed 0 estimate rows
    (no rows parsed; raw saved -> C:\projects\Karst\experiments\2026-08-31-quarterly-consensus\data\vintage_raw_TSLA_20221024202239.html)

  --- snapshot 20230630224059 ---
    html 1004707 bytes, parsed 0 estimate rows
    (no rows parsed; raw saved -> C:\projects\Karst\experiments\2026-08-31-quarterly-consensus\data\vintage_raw_TSLA_20230630224059.html)

  --- snapshot 20240501084634 ---
    html 1680961 bytes, parsed 0 estimate rows
    (no rows parsed; raw saved -> C:\projects\Karst\experiments\2026-08-31-quarterly-consensus\data\vintage_raw_TSLA_20240501084634.html)

  --- snapshot 20241122182024 ---
    html 316431 bytes, parsed 0 estimate rows
    (no rows parsed; raw saved -> C:\projects\Karst\experiments\2026-08-31-quarterly-consensus\data\vintage_raw_TSLA_20241122182024.html)

  --- snapshot 20250701134009 ---
    html 277127 bytes, parsed 0 estimate rows
    (no rows parsed; raw saved -> C:\projects\Karst\experiments\2026-08-31-quarterly-consensus\data\vintage_raw_TSLA_20250701134009.html)

saved -> out/vintage_results.json

log -> out/vintage_report.txt
