universe tickers: 5142
SPY 756.59 -> 770.19 = +1.80%
  150/5142 done, rows=149
  300/5142 done, rows=297
  450/5142 done, rows=447
  600/5142 done, rows=595
  750/5142 done, rows=743
  900/5142 done, rows=893
  1050/5142 done, rows=1040
  1200/5142 done, rows=1188
  1350/5142 done, rows=1337
  1500/5142 done, rows=1487
  1650/5142 done, rows=1634
  1800/5142 done, rows=1781
  1950/5142 done, rows=1931
  2100/5142 done, rows=2081
  2250/5142 done, rows=2231
  2400/5142 done, rows=2381
  2550/5142 done, rows=2531
  2700/5142 done, rows=2680
  2850/5142 done, rows=2830
  3000/5142 done, rows=2980
  3150/5142 done, rows=3129
  3300/5142 done, rows=3275
  3450/5142 done, rows=3424
HTTP Error 404: {"quoteSummary":{"result":null,"error":{"code":"Not Found","description":"Quote not found for symbol: ORIS"}}}
$ORIS: possibly delisted; no timezone found

1 Failed download:
['ORIS']: possibly delisted; no timezone found
  3600/5142 done, rows=3572
  3750/5142 done, rows=3721
  3900/5142 done, rows=3871
  4050/5142 done, rows=4020
  4200/5142 done, rows=4170
  4350/5142 done, rows=4320
  4500/5142 done, rows=4469
  4650/5142 done, rows=4616
  4800/5142 done, rows=4765
  4950/5142 done, rows=4914
  5100/5142 done, rows=5062
  5142/5142 done, rows=5104
raw rows: 5104
shortlist rows: 226
     ticker                                name   rel_spy  mcap_now_usd  med_dollar_vol_60d  px_vs_ma200
4118   SION           Sionna Therapeutics, Inc. -0.842424  3.246250e+08        1.825162e+07    -0.806656
1318   DFNS                     T3 Defense Inc. -0.800102  6.171702e+08        5.666145e+06    -0.949088
5054    YSS             York Space Systems Inc. -0.717101  1.230724e+09        2.892494e+07    -0.626881
830    CAPR         CAPRICOR THERAPEUTICS, INC. -0.688497  5.465065e+08        3.785575e+07    -0.597786
1640   EYPT                      EyePoint, Inc. -0.669685  3.948516e+08        2.061329e+07    -0.664025
4219    SOC                Sable Offshore Corp. -0.653919  9.094617e+08        3.690089e+07    -0.500456
643    BLDP          Ballard Power Systems Inc. -0.646546  7.038364e+08        1.576016e+07    -0.229033
1545   ENVX                         Enovix Corp -0.631028  7.285691e+08        2.644922e+07    -0.460912
90     ADTN               ADTRAN Holdings, Inc. -0.620660  5.785180e+08        1.870850e+07    -0.377728
4238   SPCE       Virgin Galactic Holdings, Inc -0.613719  4.608515e+08        2.561298e+07    -0.001052
775      BW  Babcock & Wilcox Enterprises, Inc. -0.600573  1.057652e+09        4.020404e+07    -0.386042
1549   EOSE        Eos Energy Enterprises, Inc. -0.585421  1.412971e+09        9.756699e+07    -0.536337
4425     TE                      T1 Energy Inc. -0.576091  1.354824e+09        2.128736e+08    -0.293541
2201    HTZ          HERTZ GLOBAL HOLDINGS, INC -0.573100  7.262584e+08        3.997888e+07    -0.480044
4044   SEDG        SOLAREDGE TECHNOLOGIES, INC. -0.566787  2.104181e+09        1.042354e+08    -0.186552
256    AMPX          Amprius Technologies, Inc. -0.563262  1.444737e+09        6.042043e+07    -0.271897
506     BAK                          BRASKEM SA -0.556999  8.536537e+08        4.124380e+06    -0.423618
2990   MPLT         MapLight Therapeutics, Inc. -0.555273  5.843482e+08        1.158067e+07    -0.373151
1326   DGXX                   Digi Power X Inc. -0.551556  3.802251e+08        1.428414e+07    -0.043428
3004   MRLN                        Merlin, Inc. -0.551400  3.385771e+08        6.369215e+06    -0.594961
2347   INOD                        INNODATA INC -0.535317  1.913738e+09        7.689423e+07    -0.083824
635    BKSY            BlackSky Technology Inc. -0.534256  8.389593e+08        2.840881e+07    -0.243907
2777   LWLG               Lightwave Logic, Inc. -0.532493  8.247948e+08        2.054019e+07    -0.256102
2388    IPX                        IPERIONX Ltd -0.529978  6.958431e+09        6.275741e+06    -0.360871
1751    FLY              Firefly Aerospace Inc. -0.528146  3.627659e+09        7.665790e+07    -0.212863
29     ABTC              American Bitcoin Corp. -0.524764  6.615912e+08        9.715604e+06    -0.560936
4808    VPG        Vishay Precision Group, Inc. -0.518846  7.722630e+08        5.242503e+07    -0.078403
796    BYND                   BEYOND MEAT, INC. -0.511531  6.081506e+09        1.797347e+07    -0.488979
3823    RDW                        Redwire Corp -0.508787  2.632422e+09        1.798115e+08    -0.004782
2683   LINC   LINCOLN EDUCATIONAL SERVICES CORP -0.498841  8.133387e+08        2.564925e+07    -0.285519
368    ARRY            Array Technologies, Inc. -0.496432  7.084354e+08        3.674493e+07    -0.412955
3516    PCT        PureCycle Technologies, Inc. -0.495489  1.283782e+09        2.909881e+07    -0.222375
391    ASPI                   ASP Isotopes Inc. -0.493630  5.287945e+08        1.543613e+07    -0.242277
4056   SERV            Serve Robotics Inc. /DE/ -0.493027  4.287686e+08        2.126617e+07    -0.432721
3883   RKLB                     Rocket Lab Corp -0.492931  3.845000e+10        1.386425e+09    -0.191429
4936   WOLF                     WOLFSPEED, INC. -0.482564  1.502419e+09        1.301874e+08    -0.016741
3753   QFIN                 Qfin Holdings, Inc. -0.482197  2.209045e+09        1.653577e+07    -0.370414
4711    UTI   UNIVERSAL TECHNICAL INSTITUTE INC -0.481613  1.223114e+09        3.679665e+07    -0.333782
3963    RXT          Rackspace Technology, Inc. -0.479123  8.130444e+08        3.933577e+07     0.165256
4746   VELO                        Velo3D, Inc. -0.478225  3.732512e+08        2.209085e+07    -0.159804
