gating 226 tickers
  25/226
  50/226
  75/226
  100/226
  125/226
  150/226
  175/226
  200/226
  225/226
pass: 60 / 226
    ticker                                       name   rel_spy  mcap_now_usd                                             sic_description  G1_transparent G3_has_cashflow G4_no_refi_need  pass_v1_screen
8     ADTN                      ADTRAN Holdings, Inc. -0.620660  5.785180e+08                             Telephone & Telegraph Apparatus            True            True            True            True
14    SEDG               SOLAREDGE TECHNOLOGIES, INC. -0.566787  2.104181e+09                            Semiconductors & Related Devices            True            True            True            True
20    INOD                               INNODATA INC -0.535317  1.913738e+09             Services-Computer Processing & Data Preparation            True            True            True            True
26     VPG               Vishay Precision Group, Inc. -0.518846  7.722630e+08                         Electronic Components & Accessories            True            True            True            True
29    LINC          LINCOLN EDUCATIONAL SERVICES CORP -0.498841  8.133387e+08                               Services-Educational Services            True            True            True            True
30    ARRY                   Array Technologies, Inc. -0.496432  7.084354e+08                            Semiconductors & Related Devices            True            True            True            True
37     UTI          UNIVERSAL TECHNICAL INSTITUTE INC -0.481613  1.223114e+09                               Services-Educational Services            True            True            True            True
41    MRAM                 EVERSPIN TECHNOLOGIES INC. -0.474301  3.986097e+08                            Semiconductors & Related Devices            True            True            True            True
52    CIEN                                 CIENA CORP -0.454431  4.543849e+10                             Telephone & Telegraph Apparatus            True            True            True            True
57    LASR                               NLIGHT, INC. -0.450391  2.311069e+09                            Semiconductors & Related Devices            True            True            True            True
64    ENPH                       Enphase Energy, Inc. -0.447375  4.806101e+09                            Semiconductors & Related Devices            True            True            True            True
66    AAON                                 AAON, INC. -0.444216  6.546819e+09  Air-Cond & Warm Air Heatg Equip & Comm & Indl Refrig Equip            True            True            True            True
68    STRL              STERLING INFRASTRUCTURE, INC. -0.442512  1.488101e+10      Heavy Construction Other Than Bldg Const - Contractors            True            True            True            True
70    RMBS                                 RAMBUS INC -0.438506  9.269128e+09                            Semiconductors & Related Devices            True            True            True            True
76     AIP                              Arteris, Inc. -0.424528  1.050380e+09                            Semiconductors & Related Devices            True            True            True            True
77    CLFD                           Clearfield, Inc. -0.424069  3.891803e+08                             Telephone & Telegraph Apparatus            True            True            True            True
84    CEVA                                   CEVA INC -0.415201  7.587523e+08        Services-Computer Programming, Data Processing, Etc.            True            True            True            True
85    TROX                        Tronox Holdings plc -0.415085  7.681571e+08                              Industrial Inorganic Chemicals            True            True            True            True
87     LMB                     Limbach Holdings, Inc. -0.409109  5.945802e+08                    Construction - Special Trade Contractors            True            True            True            True
90      ON                      ON SEMICONDUCTOR CORP -0.402857  2.895700e+10                            Semiconductors & Related Devices            True            True            True            True
91     ARM                       ARM HOLDINGS PLC /UK -0.401391  2.682377e+11                            Semiconductors & Related Devices            True            True            True            True
99    POWL                      POWELL INDUSTRIES INC -0.388896  6.600488e+09                          Switchgear & Switchboard Apparatus            True            True            True            True
102    MEC         Mayville Engineering Company, Inc. -0.381316  5.013365e+08                                  Metal Forgings & Stampings            True            True            True            True
103   MYRG                             MYR GROUP INC. -0.380895  4.461991e+09      Water, Sewer, Pipeline, Comm & Power Line Construction            True            True            True            True
104   LUMN                   Lumen Technologies, Inc. -0.379295  6.982885e+09                Telephone Communications (No Radiotelephone)            True            True            True            True
107   ORCL                                ORACLE CORP -0.375893  4.573612e+11                               Services-Prepackaged Software            True            True            True            True
112    AGX                                  ARGAN INC -0.371291  5.864334e+09                    Construction - Special Trade Contractors            True            True            True            True
114   DOCN                DigitalOcean Holdings, Inc. -0.369545  1.322417e+10        Services-Computer Programming, Data Processing, Etc.            True            True            True            True
120     FN                                   Fabrinet -0.363369  1.459912e+10                             Telephone & Telegraph Apparatus            True            True            True            True
121    MTZ                                 MASTEC INC -0.362916  1.904753e+10      Water, Sewer, Pipeline, Comm & Power Line Construction            True            True            True            True
122   AMKR                     AMKOR TECHNOLOGY, INC. -0.359393  1.186857e+10                            Semiconductors & Related Devices            True            True            True            True
129   CRNC                               Cerence Inc. -0.348430  3.858141e+08                               Services-Prepackaged Software            True            True            True            True
134    MOD                    MODINE MANUFACTURING CO -0.343290  1.033892e+10                           Motor Vehicle Parts & Accessories            True            True            True            True
135   FSLR                          FIRST SOLAR, INC. -0.343222  2.197220e+10                            Semiconductors & Related Devices            True            True            True            True
136   CRUS                         CIRRUS LOGIC, INC. -0.343020  5.673809e+09                            Semiconductors & Related Devices            True            True            True            True
137   IPGP                         IPG PHOTONICS CORP -0.340656  3.317694e+09                            Semiconductors & Related Devices            True            True            True            True
144   IREN                                   IREN Ltd -0.334062  1.596768e+10                                            Finance Services            True            True            True            True
150   GNRC                      GENERAC HOLDINGS INC. -0.322178  1.105484e+10                                         Motors & Generators            True            True            True            True
162   CDNS                 CADENCE DESIGN SYSTEMS INC -0.311243  8.060753e+10                               Services-Prepackaged Software            True            True            True            True
175   TTMI                       TTM TECHNOLOGIES INC -0.289605  1.323182e+10                                      Printed Circuit Boards            True            True            True            True
178   CENX                        CENTURY ALUMINUM CO -0.286007  4.630906e+09                             Primary Production of  Aluminum            True            True            True            True
179    CLS                              CELESTICA INC -0.285704  3.591466e+10                                      Printed Circuit Boards            True            True            True            True
181   VIAV                       VIAVI SOLUTIONS INC. -0.283925  8.601699e+09                            Semiconductors & Related Devices            True            True            True            True
190    ALB                             ALBEMARLE CORP -0.278172  1.490168e+10      Plastic Materials, Synth Resins & Nonvulcan Elastomers            True            True            True            True
191   FLEX                                  FLEX LTD. -0.278092  4.045332e+10                                      Printed Circuit Boards            True            True            True            True
192   COLL              COLLEGIUM PHARMACEUTICAL, INC -0.277572  7.660336e+08                                 Pharmaceutical Preparations            True            True            True            True
193   MRCY                        MERCURY SYSTEMS INC -0.277320  4.956420e+09                         Electronic Components & Accessories            True            True            True            True
196   SAIA                                   SAIA INC -0.275699  9.547924e+09                                         Trucking (No Local)            True            True            True            True
197   QCOM                            QUALCOMM INC/DE -0.274339  1.771770e+11          Radio & Tv Broadcasting & Communications Equipment            True            True            True            True
199   HLIT                              HARMONIC INC. -0.272876  1.284803e+09          Radio & Tv Broadcasting & Communications Equipment            True            True            True            True
200   KRMN                       Karman Holdings Inc. -0.272774  5.298698e+09                   Aircraft Parts & Auxiliary Equipment, NEC            True            True            True            True
202   PUMP                     ProPetro Holding Corp. -0.270256  1.408790e+09                               Oil & Gas Field Services, NEC            True            True            True            True
205   SANM                               SANMINA CORP -0.268692  1.063747e+10                                      Printed Circuit Boards            True            True            True            True
210   CRDO         Credo Technology Group Holding Ltd -0.263574  3.205896e+10                            Semiconductors & Related Devices            True            True            True            True
215   CLVT                              CLARIVATE PLC -0.259733  1.324104e+09             Services-Computer Processing & Data Preparation            True            True            True            True
217   MTSI  MACOM Technology Solutions Holdings, Inc. -0.257778  2.053996e+10                            Semiconductors & Related Devices            True            True            True            True
218    TDC                         TERADATA CORP /DE/ -0.256367  2.608650e+09                               Services-Prepackaged Software            True            True            True            True
221   LULU                   lululemon athletica inc. -0.256297  1.090994e+10    Apparel & Other Finishd Prods of  Fabrics & Similar Matl            True            True            True            True
223    DRS                         Leonardo DRS, Inc. -0.253315  9.768229e+09   Search, Detection, Navigation, Guidance, Aeronautical Sys            True            True            True            True
224   ACLS                   AXCELIS TECHNOLOGIES INC -0.252916  3.553842e+09                             Special Industry Machinery, NEC            True            True            True            True
