代號時段 5952 段,149 批,每批 40
[1/149] ok=40/40 rows=292158 已用 0.0 分
[2/149] ok=40/40 rows=307817 已用 0.1 分
[3/149] ok=40/40 rows=272094 已用 0.2 分
[4/149] ok=40/40 rows=259936 已用 0.3 分
[5/149] ok=40/40 rows=312207 已用 0.3 分
[6/149] ok=40/40 rows=312851 已用 0.4 分
[7/149] ok=40/40 rows=311848 已用 0.5 分
[8/149] ok=40/40 rows=277047 已用 0.5 分
[9/149] ok=40/40 rows=301883 已用 0.6 分
[10/149] ok=40/40 rows=292768 已用 0.7 分
[11/149] ok=40/40 rows=303297 已用 0.7 分
[12/149] ok=40/40 rows=311911 已用 0.8 分
[13/149] ok=40/40 rows=272820 已用 0.9 分
[14/149] ok=40/40 rows=314315 已用 1.0 分
[15/149] ok=40/40 rows=289564 已用 1.0 分
[16/149] ok=40/40 rows=271012 已用 1.1 分
[17/149] ok=40/40 rows=303158 已用 1.2 分
[18/149] ok=40/40 rows=286762 已用 1.2 分
[19/149] ok=40/40 rows=294765 已用 1.3 分
[20/149] ok=40/40 rows=301045 已用 1.4 分
[21/149] ok=40/40 rows=297576 已用 1.4 分
[22/149] ok=40/40 rows=254967 已用 1.5 分
[23/149] ok=40/40 rows=279076 已用 1.6 分
[24/149] ok=40/40 rows=290031 已用 1.6 分
[25/149] ok=40/40 rows=238329 已用 1.7 分
[26/149] ok=40/40 rows=280584 已用 1.8 分
[27/149] ok=40/40 rows=288578 已用 1.8 分
[28/149] ok=40/40 rows=289436 已用 1.9 分
[29/149] ok=40/40 rows=279267 已用 1.9 分
[30/149] ok=40/40 rows=279338 已用 2.0 分
[31/149] ok=40/40 rows=267324 已用 2.1 分
[32/149] ok=40/40 rows=286952 已用 2.1 分
[33/149] ok=40/40 rows=251122 已用 2.2 分
[34/149] ok=40/40 rows=260420 已用 2.3 分
[35/149] ok=40/40 rows=232488 已用 2.3 分
[36/149] ok=40/40 rows=275641 已用 2.4 分
[37/149] ok=40/40 rows=122589 已用 2.4 分
[38/149] ok=40/40 rows=195047 已用 2.5 分
[39/149] ok=40/40 rows=260604 已用 2.6 分
[40/149] ok=40/40 rows=232247 已用 2.6 分
[41/149] ok=40/40 rows=239990 已用 2.7 分
$SVA: possibly delisted; no price data found  (1d 1999-11-03 -> 2026-09-04)

1 Failed download:
['SVA']: possibly delisted; no price data found  (1d 1999-11-03 -> 2026-09-04)
$SVA: possibly delisted; no price data found  (1d 2000-01-20 -> 2026-09-04)

1 Failed download:
['SVA']: possibly delisted; no price data found  (1d 2000-01-20 -> 2026-09-04)
[42/149] ok=39/40 rows=240036 已用 2.8 分
[43/149] ok=40/40 rows=188319 已用 2.9 分
[44/149] ok=40/40 rows=196294 已用 3.0 分
[45/149] ok=40/40 rows=235049 已用 3.1 分
[46/149] ok=40/40 rows=216632 已用 3.1 分
[47/149] ok=40/40 rows=212497 已用 3.2 分
[48/149] ok=40/40 rows=219205 已用 3.3 分
[49/149] ok=40/40 rows=200763 已用 3.3 分
[50/149] ok=40/40 rows=178308 已用 3.4 分
[51/149] ok=40/40 rows=182976 已用 3.4 分
[52/149] ok=40/40 rows=160707 已用 3.5 分
[53/149] ok=40/40 rows=138648 已用 3.5 分
[54/149] ok=40/40 rows=167883 已用 3.6 分
[55/149] ok=40/40 rows=199335 已用 3.6 分
[56/149] ok=40/40 rows=153709 已用 3.7 分
[57/149] ok=40/40 rows=151777 已用 3.7 分
[58/149] ok=40/40 rows=168213 已用 3.8 分
[59/149] ok=40/40 rows=161079 已用 3.8 分
[60/149] ok=40/40 rows=170537 已用 3.9 分
[61/149] ok=40/40 rows=154822 已用 3.9 分
[62/149] ok=40/40 rows=164436 已用 4.0 分
[63/149] ok=40/40 rows=149696 已用 4.0 分
[64/149] ok=40/40 rows=128270 已用 4.1 分
[65/149] ok=40/40 rows=157013 已用 4.1 分
[66/149] ok=40/40 rows=120256 已用 4.2 分
[67/149] ok=40/40 rows=135046 已用 4.2 分
[68/149] ok=40/40 rows=133308 已用 4.3 分
[69/149] ok=40/40 rows=103132 已用 4.3 分
[70/149] ok=40/40 rows=107777 已用 4.4 分
[71/149] ok=40/40 rows=130743 已用 4.4 分
[72/149] ok=40/40 rows=115974 已用 4.5 分
[73/149] ok=40/40 rows=118246 已用 4.5 分
[74/149] ok=40/40 rows=112858 已用 4.6 分
[75/149] ok=40/40 rows=105580 已用 4.6 分
[76/149] ok=40/40 rows=106109 已用 4.7 分
[77/149] ok=40/40 rows=105563 已用 4.8 分
[78/149] ok=40/40 rows=107170 已用 4.8 分
[79/149] ok=40/40 rows=108260 已用 4.8 分
[80/149] ok=40/40 rows=91967 已用 4.9 分
[81/149] ok=40/40 rows=107867 已用 4.9 分
[82/149] ok=40/40 rows=94476 已用 5.0 分
[83/149] ok=40/40 rows=92922 已用 5.0 分
[84/149] ok=40/40 rows=107898 已用 5.1 分
[85/149] ok=40/40 rows=99663 已用 5.1 分
[86/149] ok=40/40 rows=93237 已用 5.2 分
[87/149] ok=40/40 rows=93543 已用 5.2 分
[88/149] ok=40/40 rows=86805 已用 5.3 分
[89/149] ok=40/40 rows=88245 已用 5.3 分
[90/149] ok=40/40 rows=82940 已用 5.4 分
[91/149] ok=40/40 rows=68964 已用 5.4 分
[92/149] ok=40/40 rows=76534 已用 5.5 分
[93/149] ok=40/40 rows=74082 已用 5.5 分
[94/149] ok=40/40 rows=76586 已用 5.6 分
[95/149] ok=40/40 rows=75002 已用 5.6 分
[96/149] ok=40/40 rows=75860 已用 5.7 分
[97/149] ok=40/40 rows=82608 已用 5.7 分
[98/149] ok=40/40 rows=68376 已用 5.8 分
[99/149] ok=40/40 rows=78105 已用 5.8 分
[100/149] ok=40/40 rows=74920 已用 5.9 分
[101/149] ok=40/40 rows=65723 已用 5.9 分
[102/149] ok=40/40 rows=64166 已用 6.0 分
[103/149] ok=40/40 rows=66911 已用 6.0 分
[104/149] ok=40/40 rows=55824 已用 6.0 分
[105/149] ok=40/40 rows=60412 已用 6.1 分
[106/149] ok=40/40 rows=57233 已用 6.1 分
[107/149] ok=40/40 rows=54730 已用 6.2 分
[108/149] ok=40/40 rows=52776 已用 6.2 分
[109/149] ok=40/40 rows=48688 已用 6.3 分
[110/149] ok=40/40 rows=54199 已用 6.3 分
[111/149] ok=40/40 rows=49605 已用 6.4 分
[112/149] ok=40/40 rows=53201 已用 6.4 分
[113/149] ok=40/40 rows=46840 已用 6.5 分
[114/149] ok=40/40 rows=44558 已用 6.5 分
[115/149] ok=40/40 rows=42274 已用 6.6 分
[116/149] ok=40/40 rows=44450 已用 6.6 分
[117/149] ok=40/40 rows=38865 已用 6.6 分
[118/149] ok=40/40 rows=36306 已用 6.7 分
[119/149] ok=40/40 rows=39680 已用 6.7 分
[120/149] ok=40/40 rows=38807 已用 6.8 分
[121/149] ok=40/40 rows=37045 已用 6.8 分
[122/149] ok=40/40 rows=41496 已用 6.8 分
[123/149] ok=40/40 rows=35239 已用 6.9 分
[124/149] ok=40/40 rows=34620 已用 6.9 分
[125/149] ok=40/40 rows=32851 已用 7.0 分
[126/149] ok=40/40 rows=34101 已用 7.0 分
[127/149] ok=40/40 rows=30996 已用 7.1 分
[128/149] ok=40/40 rows=27724 已用 7.1 分
[129/149] ok=40/40 rows=32303 已用 7.1 分
[130/149] ok=40/40 rows=25556 已用 7.2 分
$FBYDP: possibly delisted; no price data found  (1d 2022-05-26 -> 2026-09-04)

1 Failed download:
['FBYDP']: possibly delisted; no price data found  (1d 2022-05-26 -> 2026-09-04)
$FBYDP: possibly delisted; no price data found  (1d 2022-07-14 -> 2026-09-04)

1 Failed download:
['FBYDP']: possibly delisted; no price data found  (1d 2022-07-14 -> 2026-09-04)
[131/149] ok=39/40 rows=25389 已用 7.3 分
[132/149] ok=40/40 rows=27905 已用 7.3 分
[133/149] ok=40/40 rows=24120 已用 7.4 分
[134/149] ok=40/40 rows=24798 已用 7.4 分
HTTP Error 404: {"quoteSummary":{"result":null,"error":{"code":"Not Found","description":"Quote not found for symbol: ORIS"}}}
$ORIS: possibly delisted; no timezone found

1 Failed download:
['ORIS']: possibly delisted; no timezone found
HTTP Error 404: {"quoteSummary":{"result":null,"error":{"code":"Not Found","description":"Quote not found for symbol: ORIS"}}}
$ORIS: possibly delisted; no timezone found

1 Failed download:
['ORIS']: possibly delisted; no timezone found
[135/149] ok=39/40 rows=24531 已用 7.5 分
[136/149] ok=40/40 rows=21413 已用 7.6 分
[137/149] ok=40/40 rows=21193 已用 7.6 分
[138/149] ok=40/40 rows=17993 已用 7.7 分
[139/149] ok=40/40 rows=16987 已用 7.7 分
[140/149] ok=40/40 rows=17277 已用 7.7 分
[141/149] ok=40/40 rows=15480 已用 7.8 分
[142/149] ok=40/40 rows=13500 已用 7.8 分
[143/149] ok=40/40 rows=12470 已用 7.9 分
[144/149] ok=40/40 rows=11385 已用 7.9 分
[145/149] ok=40/40 rows=10638 已用 8.0 分
[146/149] ok=40/40 rows=8869 已用 8.0 分
[147/149] ok=40/40 rows=7657 已用 8.1 分
[148/149] ok=40/40 rows=7236 已用 8.1 分
[149/149] ok=32/32 rows=3949 已用 8.1 分
全部批次完成
