{
 "剔走的股票": [
  "CPWR",
  "EP"
 ],
 "口徑": "PLAN.md(commit 92eea8a)",
 "ey_fwd1": {
  "樣本期": "2001-09-30 至 2026-08-31",
  "月數": 300,
  "年數": 25.0,
  "每月平均宇宙隻數": 334.9,
  "每月平均池隻數": 27.0,
  "穩陣六隻": {
   "月數": 300,
   "算術月均%": -0.2501,
   "月度標準差%": 8.153,
   "算術年化%": -2.96,
   "幾何年化(零成本)%": -7.03,
   "絕對波動拖累pp": 4.07,
   "增量拖累(對全宇宙等權)pp": 2.5,
   "最大跌幅%": -94.2,
   "平均換手率%": 26.2,
   "淨年化@0bp%": -7.03,
   "淨年化@15bp%": -7.9,
   "淨年化@25bp%": -8.48,
   "淨年化@50bp%": -9.92,
   "淨年化@15bp強制全換%": -10.32
  },
  "同池27等權": {
   "月數": 300,
   "算術月均%": 0.2693,
   "月度標準差%": 5.864,
   "算術年化%": 3.28,
   "幾何年化(零成本)%": 1.11,
   "絕對波動拖累pp": 2.17,
   "增量拖累(對全宇宙等權)pp": 0.59,
   "最大跌幅%": -63.7,
   "平均換手率%": 0.0,
   "淨年化@0bp%": 1.11,
   "淨年化@15bp%": 1.11,
   "淨年化@25bp%": 1.11,
   "淨年化@50bp%": 1.11,
   "淨年化@15bp強制全換%": -2.47
  },
  "全宇宙等權": {
   "月數": 300,
   "算術月均%": 1.0509,
   "月度標準差%": 4.832,
   "算術年化%": 13.37,
   "幾何年化(零成本)%": 11.79,
   "絕對波動拖累pp": 1.57,
   "增量拖累(對全宇宙等權)pp": 0.0,
   "最大跌幅%": -53.0,
   "平均換手率%": 0.0,
   "淨年化@0bp%": 11.79,
   "淨年化@15bp%": 11.79,
   "淨年化@25bp%": 11.79,
   "淨年化@50bp%": 11.79,
   "淨年化@15bp強制全換%": 7.83
  },
  "同池隨機六隻": {
   "月度標準差%(路徑中位)": 6.624,
   "算術月均%(平均)": 0.2689,
   "幾何年化%(路徑中位,零成本)": 0.55,
   "絕對波動拖累pp(中位路徑)": 2.22,
   "淨年化@15bp全換%(路徑中位)": -3.01
  },
  "全宇宙隨機六隻": {
   "月度標準差%(路徑中位)": 5.751,
   "算術月均%(平均)": 1.0539,
   "幾何年化%(路徑中位,零成本)": 11.11,
   "絕對波動拖累pp(中位路徑)": 2.0,
   "淨年化@15bp全換%(路徑中位)": 7.18
  },
  "揀股優勢": {
   "六隻算術月均%": -0.2501,
   "同池27等權算術月均%": 0.2693,
   "優勢pp每月": -0.5194,
   "優勢年化pp": -6.24,
   "同池隨機六隻算術月均%": 0.2689,
   "對隨機六隻優勢pp每月": -0.519
  },
  "副B_139原式pp": 0.68,
  "基準": {
   "SPY含息%": 9.91,
   "XLB%": 8.86,
   "XLE%": 8.95,
   "XLF%": 6.17,
   "XLI%": 9.69,
   "XLK%": 13.17,
   "XLP%": 7.61,
   "XLU%": 8.03,
   "XLV%": 9.32,
   "XLY%": 10.35
  },
  "D116": {
   "實際準繩度%": 2.667,
   "同期擲骰準繩度%": 1.792,
   "係擲骰幾多倍": 1.49,
   "139曲線在該準繩度的中位預測%": 9.11,
   "實際淨年化@15bp%": -7.9,
   "背離pp": -17.01
  }
 },
 "ey_fwd4": {
  "樣本期": "2001-09-30 至 2026-01-31",
  "月數": 293,
  "年數": 24.42,
  "每月平均宇宙隻數": 330.5,
  "每月平均池隻數": 27.0,
  "穩陣六隻": {
   "月數": 293,
   "算術月均%": 0.6667,
   "月度標準差%": 8.008,
   "算術年化%": 8.3,
   "幾何年化(零成本)%": 4.04,
   "絕對波動拖累pp": 4.26,
   "增量拖累(對全宇宙等權)pp": 2.68,
   "最大跌幅%": -78.0,
   "平均換手率%": 15.6,
   "淨年化@0bp%": 4.04,
   "淨年化@15bp%": 3.45,
   "淨年化@25bp%": 3.07,
   "淨年化@50bp%": 2.1,
   "淨年化@15bp強制全換%": 0.35
  },
  "同池27等權": {
   "月數": 293,
   "算術月均%": 0.5575,
   "月度標準差%": 6.01,
   "算術年化%": 6.9,
   "幾何年化(零成本)%": 4.54,
   "絕對波動拖累pp": 2.35,
   "增量拖累(對全宇宙等權)pp": 0.77,
   "最大跌幅%": -63.2,
   "平均換手率%": 0.0,
   "淨年化@0bp%": 4.54,
   "淨年化@15bp%": 4.54,
   "淨年化@25bp%": 4.54,
   "淨年化@50bp%": 4.54,
   "淨年化@15bp強制全換%": 0.84
  },
  "全宇宙等權": {
   "月數": 293,
   "算術月均%": 1.038,
   "月度標準差%": 4.855,
   "算術年化%": 13.19,
   "幾何年化(零成本)%": 11.61,
   "絕對波動拖累pp": 1.58,
   "增量拖累(對全宇宙等權)pp": 0.0,
   "最大跌幅%": -52.7,
   "平均換手率%": 0.0,
   "淨年化@0bp%": 11.61,
   "淨年化@15bp%": 11.61,
   "淨年化@25bp%": 11.61,
   "淨年化@50bp%": 11.61,
   "淨年化@15bp強制全換%": 7.66
  },
  "同池隨機六隻": {
   "月度標準差%(路徑中位)": 6.717,
   "算術月均%(平均)": 0.5567,
   "幾何年化%(路徑中位,零成本)": 4.0,
   "絕對波動拖累pp(中位路徑)": 2.7,
   "淨年化@15bp全換%(路徑中位)": 0.32
  },
  "全宇宙隨機六隻": {
   "月度標準差%(路徑中位)": 5.744,
   "算術月均%(平均)": 1.0363,
   "幾何年化%(路徑中位,零成本)": 10.93,
   "絕對波動拖累pp(中位路徑)": 2.11,
   "淨年化@15bp全換%(路徑中位)": 7.0
  },
  "揀股優勢": {
   "六隻算術月均%": 0.6667,
   "同池27等權算術月均%": 0.5575,
   "優勢pp每月": 0.1092,
   "優勢年化pp": 1.4,
   "同池隨機六隻算術月均%": 0.5567,
   "對隨機六隻優勢pp每月": 0.11
  },
  "副B_139原式pp": 0.68,
  "基準": {
   "SPY含息%": 9.64,
   "XLB%": 8.7,
   "XLE%": 8.22,
   "XLF%": 5.94,
   "XLI%": 9.56,
   "XLK%": 12.24,
   "XLP%": 7.67,
   "XLU%": 8.18,
   "XLV%": 9.06,
   "XLY%": 10.8
  },
  "D116": {
   "實際準繩度%": 2.901,
   "同期擲骰準繩度%": 1.815,
   "係擲骰幾多倍": 1.6,
   "139曲線在該準繩度的中位預測%": 9.81,
   "實際淨年化@15bp%": 3.45,
   "背離pp": -6.36
  }
 },
 "副C_動能族同期": {
  "樣本期": "2001-09-30 至 2026-08-31",
  "月數": 300,
  "動能六隻": {
   "月數": 300,
   "算術月均%": 1.3558,
   "月度標準差%": 7.499,
   "算術年化%": 17.54,
   "幾何年化(零成本)%": 13.73,
   "絕對波動拖累pp": 3.81,
   "增量拖累(對全宇宙等權)pp": 2.24,
   "最大跌幅%": -62.7,
   "平均換手率%": 36.8,
   "淨年化@0bp%": 13.73,
   "淨年化@15bp%": 12.23,
   "淨年化@25bp%": 11.24,
   "淨年化@50bp%": 8.8,
   "淨年化@15bp強制全換%": 9.7
  },
  "同池27等權": {
   "月數": 300,
   "算術月均%": 1.1112,
   "月度標準差%": 4.669,
   "算術年化%": 14.18,
   "幾何年化(零成本)%": 12.7,
   "絕對波動拖累pp": 1.48,
   "增量拖累(對全宇宙等權)pp": -0.09,
   "最大跌幅%": -49.7,
   "平均換手率%": 0.0,
   "淨年化@0bp%": 12.7,
   "淨年化@15bp%": 12.7,
   "淨年化@25bp%": 12.7,
   "淨年化@50bp%": 12.7,
   "淨年化@15bp強制全換%": 8.71
  },
  "揀股優勢pp每月": 0.2446,
  "實際準繩度%": 4.889
 }
}
