new tickers: 158
  meta 25/158
  meta 50/158
  meta 75/158
  meta 100/158
  meta 125/158
  meta 150/158
non-equity dropped: 4 ['ARKB', 'CTA', 'KAP', 'PXD']
  prices batch 0: 50/50
  prices batch 1: 50/50
  prices batch 2: 50/50
  prices batch 3: 4/4
{
 "new_requested": 158,
 "non_equity_dropped": [
  "ARKB",
  "CTA",
  "KAP",
  "PXD"
 ],
 "priced_requested": 154,
 "priced_ok": 154,
 "first_date": "2004-01-02",
 "last_date": "2026-09-01",
 "rows": 5702,
 "auto_adjust": true,
 "window": [
  "2004-01-01",
  "2026-09-02"
 ]
}
price_missing (0): []
