universe 574 tickers; fetching filing indexes...
  indexes 100/574
  indexes 200/574
  indexes 300/574
  indexes 400/574
  indexes 500/574
documents to fetch: 1581
  docs 50/1581 (4.2/s, eta 6 min)
  docs 100/1581 (5.1/s, eta 5 min)
  docs 150/1581 (5.5/s, eta 4 min)
  docs 200/1581 (5.7/s, eta 4 min)
  docs 250/1581 (5.7/s, eta 4 min)
  docs 300/1581 (5.7/s, eta 4 min)
  docs 350/1581 (5.4/s, eta 4 min)
  docs 400/1581 (5.4/s, eta 4 min)
  docs 450/1581 (5.4/s, eta 3 min)
  docs 500/1581 (5.4/s, eta 3 min)
  docs 550/1581 (5.3/s, eta 3 min)
  docs 600/1581 (5.3/s, eta 3 min)
  docs 650/1581 (5.4/s, eta 3 min)
  docs 700/1581 (5.5/s, eta 3 min)
  docs 750/1581 (5.6/s, eta 2 min)
  docs 800/1581 (5.6/s, eta 2 min)
  docs 850/1581 (5.6/s, eta 2 min)
  docs 900/1581 (5.6/s, eta 2 min)
  docs 950/1581 (5.7/s, eta 2 min)
  docs 1000/1581 (5.7/s, eta 2 min)
  docs 1050/1581 (5.7/s, eta 2 min)
  docs 1100/1581 (5.7/s, eta 1 min)
  docs 1150/1581 (5.8/s, eta 1 min)
  docs 1200/1581 (5.7/s, eta 1 min)
  docs 1250/1581 (5.7/s, eta 1 min)
  docs 1300/1581 (5.8/s, eta 1 min)
  docs 1350/1581 (5.7/s, eta 1 min)
  docs 1400/1581 (5.8/s, eta 1 min)
  docs 1450/1581 (5.8/s, eta 0 min)
  docs 1500/1581 (5.8/s, eta 0 min)
  docs 1550/1581 (5.9/s, eta 0 min)
slice 2015-06-30: 475/574 texts
slice 2019-06-30: 497/574 texts
slice 2023-06-30: 510/574 texts
zero-10K tickers (6): ['CCEP (CIK 0001650107, COCA-COLA EUROPACIFIC PARTNERS plc)', 'CCU (CIK 0000888746, UNITED BREWERIES CO INC)', 'HONA (CIK 0002089271, Honeywell Aerospace Inc.)', 'SII (CIK 0001512920, SPROTT INC.)', 'SNT (CIK 0001993727, Senstar Technologies Corp)', 'XOM (CIK 0002115436, ExxonMobil Holdings Corp)']
