{
 "剔走的股票": [
  "CPWR",
  "EP"
 ],
 "口徑": "PLAN.md(commit 7df5e8d)",
 "宇宙隻數(價格面板)": 585,
 "主_平穩六隻": {
  "樣本期(分數月)": "2000-12-31 至 2026-07-31",
  "月數": 308,
  "年數": 25.67,
  "每月平均宇宙隻數": 311.1,
  "每月平均池隻數": 27.0,
  "平穩六隻": {
   "月數": 308,
   "算術月均%": 0.7128,
   "月度標準差%": 3.566,
   "算術年化%": 8.9,
   "幾何年化(零成本)%": 8.08,
   "絕對波動拖累pp": 0.82,
   "增量拖累(對全宇宙等權)pp": -0.72,
   "最大跌幅%": -30.1,
   "平均換手率%": 15.5,
   "淨年化@0bp%": 8.08,
   "淨年化@15bp%": 7.48,
   "淨年化@25bp%": 7.08,
   "淨年化@50bp%": 6.08,
   "淨年化@15bp強制全換%": 4.25
  },
  "同池27等權": {
   "月數": 308,
   "算術月均%": 0.8798,
   "月度標準差%": 3.55,
   "算術年化%": 11.08,
   "幾何年化(零成本)%": 10.25,
   "絕對波動拖累pp": 0.83,
   "增量拖累(對全宇宙等權)pp": -0.7,
   "最大跌幅%": -38.9,
   "平均換手率%": 0.0,
   "淨年化@0bp%": 10.25,
   "淨年化@15bp%": 10.25,
   "淨年化@25bp%": 10.25,
   "淨年化@50bp%": 10.25,
   "淨年化@15bp強制全換%": 6.35
  },
  "全宇宙等權": {
   "月數": 308,
   "算術月均%": 1.0316,
   "月度標準差%": 4.782,
   "算術年化%": 13.11,
   "幾何年化(零成本)%": 11.57,
   "絕對波動拖累pp": 1.54,
   "增量拖累(對全宇宙等權)pp": 0.0,
   "最大跌幅%": -52.8,
   "平均換手率%": 0.0,
   "淨年化@0bp%": 11.57,
   "淨年化@15bp%": 11.57,
   "淨年化@25bp%": 11.57,
   "淨年化@50bp%": 11.57,
   "淨年化@15bp強制全換%": 7.62
  },
  "同池隨機六隻": {
   "月度標準差%(路徑中位)": 3.978,
   "算術月均%(平均)": 0.8811,
   "幾何年化%(路徑中位,零成本)": 10.02,
   "絕對波動拖累pp(中位路徑)": 1.08,
   "淨年化@15bp全換%(路徑中位)": 6.12
  },
  "全宇宙隨機六隻": {
   "月度標準差%(路徑中位)": 5.71,
   "算術月均%(平均)": 1.0348,
   "幾何年化%(路徑中位,零成本)": 10.95,
   "絕對波動拖累pp(中位路徑)": 2.26,
   "淨年化@15bp全換%(路徑中位)": 7.02
  },
  "揀股優勢": {
   "六隻算術月均%": 0.7128,
   "同池27等權算術月均%": 0.8798,
   "優勢pp每月": -0.167,
   "優勢年化pp": -2.19,
   "同池隨機六隻算術月均%": 0.8811,
   "對隨機六隻優勢pp每月": -0.1683
  },
  "副B_139原式pp": 0.62,
  "基準": {
   "SPY%": 9.07,
   "XLK%": 11.46
  },
  "最常持有前15": [
   "PEP:124",
   "JNJ:106",
   "SO:99",
   "AEE:79",
   "GIS:76",
   "CL:73",
   "DUK:68",
   "RSG:65",
   "PG:59",
   "KMB:58",
   "K:56",
   "KO:52",
   "D:49",
   "L:43",
   "WFC:42"
  ]
 },
 "D116_回調入場笨規則": {
  "樣本期(分數月)": "2000-12-31 至 2026-07-31",
  "月數": 308,
  "實際入場次數": 340,
  "平均填滿股票格數": 3.5,
  "全部六格皆股票的月份%": 33.1,
  "零格股票(全 SPY)的月份%": 13.0,
  "平均每次持有月數": 3.17,
  "算術月均%": 0.7987,
  "月度標準差%": 4.397,
  "算術年化%": 10.02,
  "幾何年化(零成本)%": 8.74,
  "絕對波動拖累pp": 1.27,
  "最大跌幅%": -43.1,
  "平均換手率%": 25.8,
  "淨年化@0bp%": 8.74,
  "淨年化@15bp%": 7.74,
  "淨年化@25bp%": 7.07,
  "淨年化@50bp%": 5.42,
  "基準": {
   "SPY%": 9.07,
   "XLK%": 11.46
  }
 },
 "對照_同尺臂_平穩六隻限140宇宙": {
  "樣本期(分數月)": "2001-09-30 至 2026-07-31",
  "月數": 299,
  "年數": 24.92,
  "每月平均宇宙隻數": 308.6,
  "每月平均池隻數": 26.9,
  "平穩六隻": {
   "月數": 299,
   "算術月均%": 0.7525,
   "月度標準差%": 3.559,
   "算術年化%": 9.41,
   "幾何年化(零成本)%": 8.6,
   "絕對波動拖累pp": 0.82,
   "增量拖累(對全宇宙等權)pp": -0.73,
   "最大跌幅%": -30.1,
   "平均換手率%": 16.3,
   "淨年化@0bp%": 8.6,
   "淨年化@15bp%": 7.96,
   "淨年化@25bp%": 7.54,
   "淨年化@50bp%": 6.49,
   "淨年化@15bp強制全換%": 4.75
  },
  "同池27等權": {
   "月數": 299,
   "算術月均%": 0.9334,
   "月度標準差%": 3.543,
   "算術年化%": 11.79,
   "幾何年化(零成本)%": 10.96,
   "絕對波動拖累pp": 0.83,
   "增量拖累(對全宇宙等權)pp": -0.71,
   "最大跌幅%": -39.1,
   "平均換手率%": 0.0,
   "淨年化@0bp%": 10.96,
   "淨年化@15bp%": 10.96,
   "淨年化@25bp%": 10.96,
   "淨年化@50bp%": 10.96,
   "淨年化@15bp強制全換%": 7.03
  },
  "全宇宙等權": {
   "月數": 299,
   "算術月均%": 1.0803,
   "月度標準差%": 4.782,
   "算術年化%": 13.76,
   "幾何年化(零成本)%": 12.22,
   "絕對波動拖累pp": 1.54,
   "增量拖累(對全宇宙等權)pp": 0.0,
   "最大跌幅%": -52.8,
   "平均換手率%": 0.0,
   "淨年化@0bp%": 12.22,
   "淨年化@15bp%": 12.22,
   "淨年化@25bp%": 12.22,
   "淨年化@50bp%": 12.22,
   "淨年化@15bp強制全換%": 8.24
  },
  "同池隨機六隻": {
   "月度標準差%(路徑中位)": 3.96,
   "算術月均%(平均)": 0.9304,
   "幾何年化%(路徑中位,零成本)": 10.7,
   "絕對波動拖累pp(中位路徑)": 1.05,
   "淨年化@15bp全換%(路徑中位)": 6.78
  },
  "全宇宙隨機六隻": {
   "月度標準差%(路徑中位)": 5.665,
   "算術月均%(平均)": 1.0743,
   "幾何年化%(路徑中位,零成本)": 11.54,
   "絕對波動拖累pp(中位路徑)": 2.21,
   "淨年化@15bp全換%(路徑中位)": 7.59
  },
  "揀股優勢": {
   "六隻算術月均%": 0.7525,
   "同池27等權算術月均%": 0.9334,
   "優勢pp每月": -0.1809,
   "優勢年化pp": -2.38,
   "同池隨機六隻算術月均%": 0.9304,
   "對隨機六隻優勢pp每月": -0.1779
  },
  "副B_139原式pp": 0.68,
  "基準": {
   "SPY%": 10.32,
   "XLK%": 14.03
  }
 },
 "對照_重對齊_價值六隻": {
  "樣本期(分數月)": "2001-09-30 至 2026-07-31",
  "月數": 299,
  "年數": 24.92,
  "每月平均宇宙隻數": 335.2,
  "每月平均池隻數": 27.0,
  "價值六隻": {
   "月數": 299,
   "算術月均%": 2.048,
   "月度標準差%": 8.836,
   "算術年化%": 27.54,
   "幾何年化(零成本)%": 21.93,
   "絕對波動拖累pp": 5.61,
   "增量拖累(對全宇宙等權)pp": 4.06,
   "最大跌幅%": -69.9,
   "平均換手率%": 26.6,
   "淨年化@0bp%": 21.93,
   "淨年化@15bp%": 20.76,
   "淨年化@25bp%": 19.99,
   "淨年化@50bp%": 18.08,
   "淨年化@15bp強制全換%": 17.61
  },
  "同池27等權": {
   "月數": 299,
   "算術月均%": 1.5481,
   "月度標準差%": 5.829,
   "算術年化%": 20.24,
   "幾何年化(零成本)%": 17.84,
   "絕對波動拖累pp": 2.4,
   "增量拖累(對全宇宙等權)pp": 0.84,
   "最大跌幅%": -43.9,
   "平均換手率%": 0.0,
   "淨年化@0bp%": 17.84,
   "淨年化@15bp%": 17.84,
   "淨年化@25bp%": 17.84,
   "淨年化@50bp%": 17.84,
   "淨年化@15bp強制全換%": 13.67
  },
  "全宇宙等權": {
   "月數": 299,
   "算術月均%": 1.0826,
   "月度標準差%": 4.802,
   "算術年化%": 13.79,
   "幾何年化(零成本)%": 12.24,
   "絕對波動拖累pp": 1.56,
   "增量拖累(對全宇宙等權)pp": 0.0,
   "最大跌幅%": -53.0,
   "平均換手率%": 0.0,
   "淨年化@0bp%": 12.24,
   "淨年化@15bp%": 12.24,
   "淨年化@25bp%": 12.24,
   "淨年化@50bp%": 12.24,
   "淨年化@15bp強制全換%": 8.26
  },
  "同池隨機六隻": {
   "月度標準差%(路徑中位)": 6.668,
   "算術月均%(平均)": 1.5426,
   "幾何年化%(路徑中位,零成本)": 17.09,
   "絕對波動拖累pp(中位路徑)": 3.22,
   "淨年化@15bp全換%(路徑中位)": 12.94
  },
  "全宇宙隨機六隻": {
   "月度標準差%(路徑中位)": 5.728,
   "算術月均%(平均)": 1.0857,
   "幾何年化%(路徑中位,零成本)": 11.6,
   "絕對波動拖累pp(中位路徑)": 2.06,
   "淨年化@15bp全換%(路徑中位)": 7.65
  },
  "揀股優勢": {
   "六隻算術月均%": 2.048,
   "同池27等權算術月均%": 1.5481,
   "優勢pp每月": 0.4998,
   "優勢年化pp": 7.3,
   "同池隨機六隻算術月均%": 1.5426,
   "對隨機六隻優勢pp每月": 0.5054
  },
  "副B_139原式pp": 0.64,
  "基準": {
   "SPY%": 10.32,
   "XLK%": 14.03
  }
 },
 "對照_重對齊_動能六隻": {
  "樣本期(分數月)": "2001-09-30 至 2026-07-31",
  "月數": 299,
  "年數": 24.92,
  "每月平均宇宙隻數": 321.8,
  "每月平均池隻數": 27.0,
  "動能六隻": {
   "月數": 299,
   "算術月均%": 1.3408,
   "月度標準差%": 7.495,
   "算術年化%": 17.33,
   "幾何年化(零成本)%": 13.53,
   "絕對波動拖累pp": 3.8,
   "增量拖累(對全宇宙等權)pp": 2.25,
   "最大跌幅%": -62.7,
   "平均換手率%": 36.8,
   "淨年化@0bp%": 13.53,
   "淨年化@15bp%": 12.03,
   "淨年化@25bp%": 11.04,
   "淨年化@50bp%": 8.6,
   "淨年化@15bp強制全換%": 9.51
  },
  "同池27等權": {
   "月數": 299,
   "算術月均%": 1.1391,
   "月度標準差%": 4.656,
   "算術年化%": 14.56,
   "幾何年化(零成本)%": 13.09,
   "絕對波動拖累pp": 1.47,
   "增量拖累(對全宇宙等權)pp": -0.08,
   "最大跌幅%": -49.9,
   "平均換手率%": 0.0,
   "淨年化@0bp%": 13.09,
   "淨年化@15bp%": 13.09,
   "淨年化@25bp%": 13.09,
   "淨年化@50bp%": 13.09,
   "淨年化@15bp強制全換%": 9.08
  },
  "全宇宙等權": {
   "月數": 299,
   "算術月均%": 1.0829,
   "月度標準差%": 4.797,
   "算術年化%": 13.8,
   "幾何年化(零成本)%": 12.24,
   "絕對波動拖累pp": 1.55,
   "增量拖累(對全宇宙等權)pp": 0.0,
   "最大跌幅%": -52.5,
   "平均換手率%": 0.0,
   "淨年化@0bp%": 12.24,
   "淨年化@15bp%": 12.24,
   "淨年化@25bp%": 12.24,
   "淨年化@50bp%": 12.24,
   "淨年化@15bp強制全換%": 8.27
  },
  "同池隨機六隻": {
   "月度標準差%(路徑中位)": 5.453,
   "算術月均%(平均)": 1.1361,
   "幾何年化%(路徑中位,零成本)": 12.53,
   "絕對波動拖累pp(中位路徑)": 2.02,
   "淨年化@15bp全換%(路徑中位)": 8.54
  },
  "全宇宙隨機六隻": {
   "月度標準差%(路徑中位)": 5.708,
   "算術月均%(平均)": 1.0809,
   "幾何年化%(路徑中位,零成本)": 11.59,
   "絕對波動拖累pp(中位路徑)": 2.11,
   "淨年化@15bp全換%(路徑中位)": 7.64
  },
  "揀股優勢": {
   "六隻算術月均%": 1.3408,
   "同池27等權算術月均%": 1.1391,
   "優勢pp每月": 0.2016,
   "優勢年化pp": 2.77,
   "同池隨機六隻算術月均%": 1.1361,
   "對隨機六隻優勢pp每月": 0.2046
  },
  "副B_139原式pp": 0.65,
  "基準": {
   "SPY%": 10.32,
   "XLK%": 14.03
  }
 }
}
